Archive member included because of file (symbol)

contiki-avr-raven.a(uip-debug.o)
                              udp-server.co (uip_debug_ipaddr_print)
contiki-avr-raven.a(uip6.o)   udp-server.co (uip_aligned_buf)
contiki-avr-raven.a(tcpip.o)  contiki-avr-raven.a(uip6.o) (tcpip_uipcall)
contiki-avr-raven.a(uip-udp-packet.)
                              udp-server.co (uip_udp_packet_send)
contiki-avr-raven.a(uip-split.o)
                              contiki-avr-raven.a(tcpip.o) (uip_split_output)
contiki-avr-raven.a(uip-icmp6.o)
                              contiki-avr-raven.a(uip6.o) (uip_icmp6_echo_request_input)
contiki-avr-raven.a(uip-nd6.o)
                              contiki-avr-raven.a(uip6.o) (uip_nd6_ra_input)
contiki-avr-raven.a(uip-packetqueue)
                              contiki-avr-raven.a(tcpip.o) (uip_packetqueue_buf)
contiki-avr-raven.a(uip-ds6.o)
                              contiki-avr-raven.a(uip-nd6.o) (uip_ds6_defrt_rm)
contiki-avr-raven.a(contiki-raven-m)
                              /usr/lib/gcc/avr/4.3.5/../../../avr/lib/avr51/crtm1284p.o (main)
contiki-avr-raven.a(clock.o)  contiki-avr-raven.a(contiki-raven-m) (clock_init)
contiki-avr-raven.a(rs232.o)  contiki-avr-raven.a(contiki-raven-m) (rs232_init)
contiki-avr-raven.a(watchdog.o)
                              contiki-avr-raven.a(contiki-raven-m) (watchdog_init)
contiki-avr-raven.a(rf230bb.o)
                              contiki-avr-raven.a(contiki-raven-m) (rf230_get_channel)
contiki-avr-raven.a(halbb.o)  contiki-avr-raven.a(rf230bb.o) (hal_init)
contiki-avr-raven.a(rimeaddr.o)
                              contiki-avr-raven.a(contiki-raven-m) (rimeaddr_set_node_addr)
contiki-avr-raven.a(rimestats.o)
                              contiki-avr-raven.a(rf230bb.o) (rimestats)
contiki-avr-raven.a(nullmac.o)
                              contiki-avr-raven.a(contiki-raven-m) (nullmac_driver)
contiki-avr-raven.a(sicslowmac.o)
                              contiki-avr-raven.a(contiki-raven-m) (sicslowmac_driver)
contiki-avr-raven.a(process.o)
                              contiki-avr-raven.a(tcpip.o) (process_alloc_event)
contiki-avr-raven.a(autostart.o)
                              contiki-avr-raven.a(contiki-raven-m) (autostart_start)
contiki-avr-raven.a(memb.o)   contiki-avr-raven.a(uip-packetqueue) (memb_alloc)
contiki-avr-raven.a(timer.o)  contiki-avr-raven.a(uip-ds6.o) (timer_expired)
contiki-avr-raven.a(etimer.o)
                              contiki-avr-raven.a(tcpip.o) (etimer_expired)
contiki-avr-raven.a(ctimer.o)
                              contiki-avr-raven.a(uip-packetqueue) (ctimer_stop)
contiki-avr-raven.a(rtimer.o)
                              contiki-avr-raven.a(contiki-raven-m) (rtimer_init)
contiki-avr-raven.a(stimer.o)
                              contiki-avr-raven.a(uip-nd6.o) (stimer_remaining)
contiki-avr-raven.a(random.o)
                              contiki-avr-raven.a(uip-ds6.o) (random_rand)
contiki-avr-raven.a(packetbuf.o)
                              contiki-avr-raven.a(sicslowmac.o) (packetbuf_hdralloc)
contiki-avr-raven.a(queuebuf.o)
                              contiki-avr-raven.a(contiki-raven-m) (queuebuf_init)
contiki-avr-raven.a(sicslowpan.o)
                              contiki-avr-raven.a(contiki-raven-m) (sicslowpan_driver)
contiki-avr-raven.a(rtimer-arch.o)
                              contiki-avr-raven.a(rtimer.o) (rtimer_arch_init)
contiki-avr-raven.a(frame802154.o)
                              contiki-avr-raven.a(sicslowmac.o) (frame802154_parse)
contiki-avr-raven.a(list.o)   contiki-avr-raven.a(ctimer.o) (list_init)
/usr/lib/gcc/avr/4.3.5/avr51/libgcc.a(_mulsi3.o)
                              contiki-avr-raven.a(uip-ds6.o) (__mulsi3)
/usr/lib/gcc/avr/4.3.5/avr51/libgcc.a(_udivmodhi4.o)
                              contiki-avr-raven.a(uip-ds6.o) (__udivmodhi4)
/usr/lib/gcc/avr/4.3.5/avr51/libgcc.a(_udivmodsi4.o)
                              contiki-avr-raven.a(tcpip.o) (__udivmodsi4)
/usr/lib/gcc/avr/4.3.5/avr51/libgcc.a(_exit.o)
                              /usr/lib/gcc/avr/4.3.5/../../../avr/lib/avr51/crtm1284p.o (exit)
/usr/lib/gcc/avr/4.3.5/avr51/libgcc.a(_clear_bss.o)
                              udp-server.co (__do_clear_bss)
/usr/lib/gcc/avr/4.3.5/../../../avr/lib/avr51/libc.a(rand.o)
                              contiki-avr-raven.a(random.o) (rand)
/usr/lib/gcc/avr/4.3.5/../../../avr/lib/avr51/libc.a(memcmp.o)
                              contiki-avr-raven.a(uip6.o) (memcmp)
/usr/lib/gcc/avr/4.3.5/../../../avr/lib/avr51/libc.a(memcpy.o)
                              contiki-avr-raven.a(uip6.o) (memcpy)
/usr/lib/gcc/avr/4.3.5/../../../avr/lib/avr51/libc.a(memmove.o)
                              contiki-avr-raven.a(uip-icmp6.o) (memmove)
/usr/lib/gcc/avr/4.3.5/../../../avr/lib/avr51/libc.a(memset.o)
                              contiki-avr-raven.a(memb.o) (memset)
/usr/lib/gcc/avr/4.3.5/../../../avr/lib/avr51/libc.a(iob.o)
                              contiki-avr-raven.a(rs232.o) (__iob)
/usr/lib/gcc/avr/4.3.5/../../../avr/lib/avr51/libc.a(printf.o)
                              contiki-avr-raven.a(uip-debug.o) (printf)
/usr/lib/gcc/avr/4.3.5/../../../avr/lib/avr51/libc.a(printf_p.o)
                              udp-server.co (printf_P)
/usr/lib/gcc/avr/4.3.5/../../../avr/lib/avr51/libc.a(putchar.o)
                              contiki-avr-raven.a(uip-debug.o) (putchar)
/usr/lib/gcc/avr/4.3.5/../../../avr/lib/avr51/libc.a(sprintf.o)
                              udp-server.co (sprintf)
/usr/lib/gcc/avr/4.3.5/../../../avr/lib/avr51/libc.a(vsnprintf.o)
                              contiki-avr-raven.a(rs232.o) (vsnprintf)
/usr/lib/gcc/avr/4.3.5/../../../avr/lib/avr51/libc.a(vfprintf_std.o)
                              /usr/lib/gcc/avr/4.3.5/../../../avr/lib/avr51/libc.a(printf.o) (vfprintf)
/usr/lib/gcc/avr/4.3.5/../../../avr/lib/avr51/libc.a(eerd_block_atmega1284p.o)
                              contiki-avr-raven.a(contiki-raven-m) (__eerd_block_m1284p)
/usr/lib/gcc/avr/4.3.5/../../../avr/lib/avr51/libc.a(eerd_byte_atmega1284p.o)
                              contiki-avr-raven.a(contiki-raven-m) (__eerd_byte_m1284p)
/usr/lib/gcc/avr/4.3.5/../../../avr/lib/avr51/libc.a(strnlen_P.o)
                              /usr/lib/gcc/avr/4.3.5/../../../avr/lib/avr51/libc.a(vfprintf_std.o) (strnlen_P)
/usr/lib/gcc/avr/4.3.5/../../../avr/lib/avr51/libc.a(strnlen.o)
                              /usr/lib/gcc/avr/4.3.5/../../../avr/lib/avr51/libc.a(vfprintf_std.o) (strnlen)
/usr/lib/gcc/avr/4.3.5/../../../avr/lib/avr51/libc.a(fputc.o)
                              /usr/lib/gcc/avr/4.3.5/../../../avr/lib/avr51/libc.a(putchar.o) (fputc)
/usr/lib/gcc/avr/4.3.5/../../../avr/lib/avr51/libc.a(ultoa_invert.o)
                              /usr/lib/gcc/avr/4.3.5/../../../avr/lib/avr51/libc.a(vfprintf_std.o) (__ultoa_invert)
/usr/lib/gcc/avr/4.3.5/avr51/libgcc.a(_divmodsi4.o)
                              /usr/lib/gcc/avr/4.3.5/../../../avr/lib/avr51/libc.a(rand.o) (__divmodsi4)

Allocating common symbols
Common symbol       size              file

rf230_last_correlation
                    0x1               contiki-avr-raven.a(rf230bb.o)
rf230_last_rssi     0x1               contiki-avr-raven.a(rf230bb.o)
rf230_time_of_departure
                    0x2               contiki-avr-raven.a(rf230bb.o)
uip_ds6_if          0xeb              contiki-avr-raven.a(uip-ds6.o)
sicslowpan_mac      0x2               contiki-avr-raven.a(sicslowpan.o)
uip_len             0x2               contiki-avr-raven.a(uip6.o)
rimestats           0x48              contiki-avr-raven.a(rimestats.o)
uip_sappdata        0x2               contiki-avr-raven.a(uip6.o)
packetbuf_addrs     0x20              contiki-avr-raven.a(packetbuf.o)
uip_acc32           0x4               contiki-avr-raven.a(uip6.o)
uip_ds6_prefix_list
                    0x6c              contiki-avr-raven.a(uip-ds6.o)
rimeaddr_node_addr  0x8               contiki-avr-raven.a(rimeaddr.o)
frag_sender         0x8               contiki-avr-raven.a(sicslowpan.o)
rf230_calibrate     0x1               contiki-avr-raven.a(rf230bb.o)
uip_lladdr          0x8               contiki-avr-raven.a(uip6.o)
uip_aligned_buf     0x500             contiki-avr-raven.a(uip6.o)
uip_flags           0x1               contiki-avr-raven.a(uip6.o)
eeprom_channel      0x1               contiki-avr-raven.a(contiki-raven-m)
uip_ds6_timer_periodic
                    0x8               contiki-avr-raven.a(uip-ds6.o)
uip_next_hdr        0x2               contiki-avr-raven.a(uip6.o)
uip_ds6_defrt_list  0x34              contiki-avr-raven.a(uip-ds6.o)
uip_udp_conn        0x2               contiki-avr-raven.a(uip6.o)
rf230_calibrated    0x1               contiki-avr-raven.a(rf230bb.o)
packetbuf_attrs     0x30              contiki-avr-raven.a(packetbuf.o)
uip_ds6_nbr_cache   0x3c0             contiki-avr-raven.a(uip-ds6.o)
rf230_authority_level_of_sender
                    0x2               contiki-avr-raven.a(rf230bb.o)
uip_appdata         0x2               contiki-avr-raven.a(uip6.o)
rf230_time_of_arrival
                    0x2               contiki-avr-raven.a(rf230bb.o)
uip_conn            0x2               contiki-avr-raven.a(uip6.o)
rxframe_tail        0x1               contiki-avr-raven.a(rf230bb.o)
tcpip_event         0x1               contiki-avr-raven.a(tcpip.o)
uip_conns           0x2c              contiki-avr-raven.a(uip6.o)
uip_icmp6_conns     0x4               contiki-avr-raven.a(uip6.o)
rxframe_head        0x1               contiki-avr-raven.a(rf230bb.o)
rxframe             0x82              contiki-avr-raven.a(rf230bb.o)
sleepseconds        0x4               contiki-avr-raven.a(clock.o)
seconds             0x4               contiki-avr-raven.a(clock.o)
osccal_original     0x1               contiki-avr-raven.a(rf230bb.o)
uip_listenports     0x2               contiki-avr-raven.a(uip6.o)
RF230_sleeping      0x1               contiki-avr-raven.a(rf230bb.o)
uip_ds6_timer_rs    0x8               contiki-avr-raven.a(uip-ds6.o)
RF230_receive_on    0x1               contiki-avr-raven.a(rf230bb.o)
osccal_calibrated   0x1               contiki-avr-raven.a(rf230bb.o)
uip_ds6_routing_table
                    0x398             contiki-avr-raven.a(uip-ds6.o)
__iob               0x6               /usr/lib/gcc/avr/4.3.5/../../../avr/lib/avr51/libc.a(iob.o)
tcpip_icmp6_event   0x1               contiki-avr-raven.a(tcpip.o)
uip_slen            0x2               contiki-avr-raven.a(uip6.o)
uip_udp_conns       0xfa              contiki-avr-raven.a(uip6.o)

Memory Configuration

Name             Origin             Length             Attributes
text             0x00000000         0x00020000         xr
data             0x00800060         0x0000ffa0         rw !x
eeprom           0x00810000         0x00010000         rw !x
fuse             0x00820000         0x00000400         rw !x
lock             0x00830000         0x00000400         rw !x
signature        0x00840000         0x00000400         rw !x
*default*        0x00000000         0xffffffff

Linker script and memory map

Address of section .data set to 0x800100
LOAD /usr/lib/gcc/avr/4.3.5/../../../avr/lib/avr51/crtm1284p.o
Address of section .bootloader set to 0x1f800
LOAD udp-server.co
LOAD contiki-avr-raven.a
LOAD /usr/lib/gcc/avr/4.3.5/avr51/libgcc.a
LOAD /usr/lib/gcc/avr/4.3.5/../../../avr/lib/avr51/libc.a
LOAD /usr/lib/gcc/avr/4.3.5/avr51/libgcc.a

.hash
 *(.hash)

.dynsym
 *(.dynsym)

.dynstr
 *(.dynstr)

.gnu.version
 *(.gnu.version)

.gnu.version_d
 *(.gnu.version_d)

.gnu.version_r
 *(.gnu.version_r)

.rel.init
 *(.rel.init)

.rela.init
 *(.rela.init)

.rel.text
 *(.rel.text)
 *(.rel.text.*)
 *(.rel.gnu.linkonce.t*)

.rela.text
 *(.rela.text)
 *(.rela.text.*)
 *(.rela.gnu.linkonce.t*)

.rel.fini
 *(.rel.fini)

.rela.fini
 *(.rela.fini)

.rel.rodata
 *(.rel.rodata)
 *(.rel.rodata.*)
 *(.rel.gnu.linkonce.r*)

.rela.rodata
 *(.rela.rodata)
 *(.rela.rodata.*)
 *(.rela.gnu.linkonce.r*)

.rel.data
 *(.rel.data)
 *(.rel.data.*)
 *(.rel.gnu.linkonce.d*)

.rela.data
 *(.rela.data)
 *(.rela.data.*)
 *(.rela.gnu.linkonce.d*)

.rel.ctors
 *(.rel.ctors)

.rela.ctors
 *(.rela.ctors)

.rel.dtors
 *(.rel.dtors)

.rela.dtors
 *(.rela.dtors)

.rel.got
 *(.rel.got)

.rela.got
 *(.rela.got)

.rel.bss
 *(.rel.bss)

.rela.bss
 *(.rela.bss)

.rel.plt
 *(.rel.plt)

.rela.plt
 *(.rela.plt)

.text           0x00000000     0x9448
 *(.vectors)
 .vectors       0x00000000       0x8c /usr/lib/gcc/avr/4.3.5/../../../avr/lib/avr51/crtm1284p.o
                0x00000000                __vectors
                0x00000000                __vector_default
 *(.vectors)
 *(.progmem.gcc*)
 *(.progmem*)
 .progmem.data  0x0000008c       0x6a udp-server.co
 .progmem.data  0x000000f6       0x50 contiki-avr-raven.a(contiki-raven-m)
                0x00000146                . = ALIGN (0x2)
                0x00000146                __trampolines_start = .
 *(.trampolines)
 .trampolines   0x00000146        0x0 linker stubs
 *(.trampolines*)
                0x00000146                __trampolines_end = .
 *(.jumptables)
 *(.jumptables*)
 *(.lowtext)
 *(.lowtext*)
                0x00000146                __ctors_start = .
 *(.ctors)
                0x00000146                __ctors_end = .
                0x00000146                __dtors_start = .
 *(.dtors)
                0x00000146                __dtors_end = .
 SORT(*)(.ctors)
 SORT(*)(.dtors)
 *(.init0)
 .init0         0x00000146        0x0 /usr/lib/gcc/avr/4.3.5/../../../avr/lib/avr51/crtm1284p.o
                0x00000146                __init
 *(.init0)
 *(.init1)
 *(.init1)
 *(.init2)
 .init2         0x00000146        0xc /usr/lib/gcc/avr/4.3.5/../../../avr/lib/avr51/crtm1284p.o
 *(.init2)
 *(.init3)
 *(.init3)
 *(.init4)
 .init4         0x00000152       0x1a /usr/lib/gcc/avr/4.3.5/../../../avr/lib/avr51/crtm1284p.o
                0x00000152                __do_copy_data
 .init4         0x0000016c       0x10 /usr/lib/gcc/avr/4.3.5/avr51/libgcc.a(_clear_bss.o)
                0x0000016c                __do_clear_bss
 *(.init4)
 *(.init5)
 *(.init5)
 *(.init6)
 *(.init6)
 *(.init7)
 *(.init7)
 *(.init8)
 *(.init8)
 *(.init9)
 .init9         0x0000017c        0x8 /usr/lib/gcc/avr/4.3.5/../../../avr/lib/avr51/crtm1284p.o
 *(.init9)
 *(.text)
 .text          0x00000184        0x4 /usr/lib/gcc/avr/4.3.5/../../../avr/lib/avr51/crtm1284p.o
                0x00000184                __vector_1
                0x00000184                __vector_34
                0x00000184                __vector_24
                0x00000184                __bad_interrupt
                0x00000184                __vector_6
                0x00000184                __vector_31
                0x00000184                __vector_3
                0x00000184                __vector_23
                0x00000184                __vector_25
                0x00000184                __vector_11
                0x00000184                __vector_13
                0x00000184                __vector_17
                0x00000184                __vector_19
                0x00000184                __vector_7
                0x00000184                __vector_27
                0x00000184                __vector_5
                0x00000184                __vector_33
                0x00000184                __vector_4
                0x00000184                __vector_9
                0x00000184                __vector_2
                0x00000184                __vector_21
                0x00000184                __vector_29
                0x00000184                __vector_8
                0x00000184                __vector_26
                0x00000184                __vector_14
                0x00000184                __vector_10
                0x00000184                __vector_18
 .text          0x00000188      0x24c udp-server.co
 .text          0x000003d4      0x144 contiki-avr-raven.a(uip-debug.o)
                0x000003d4                uip_debug_lladdr_print
                0x0000043c                uip_debug_ipaddr_print
 .text          0x00000518     0x165a contiki-avr-raven.a(uip6.o)
                0x00000518                uip_add32
                0x000005d4                uip_chksum
                0x000005ea                uip_ipchksum
                0x00000660                uip_icmp6chksum
                0x00000668                uip_tcpchksum
                0x00000670                uip_udpchksum
                0x00000678                uip_connect
                0x00000744                uip_unlisten
                0x00000768                uip_listen
                0x000007be                uip_htons
                0x000007c6                uip_htonl
                0x00000800                uip_send
                0x000008f6                uip_process
                0x00001a30                uip_udp_new
                0x00001b28                uip_init
 .text          0x00001b72      0x742 contiki-avr-raven.a(tcpip.o)
                0x00001b72                tcpip_output
                0x00001b86                tcpip_set_outputfunc
                0x00001b90                tcp_attach
                0x00001ba4                udp_attach
                0x00001bb8                icmp6_new
                0x00001be6                tcp_unlisten
                0x00001c3c                tcpip_uipcall
                0x00001cb4                tcpip_input
                0x00001cd0                tcpip_icmp6_call
                0x00001cfe                tcpip_poll_tcp
                0x00001d0c                tcpip_poll_udp
                0x00001d1a                tcpip_ipv6_output
                0x000021a6                udp_new
                0x000021ce                udp_broadcast_new
                0x0000223e                tcp_listen
                0x00002278                tcp_connect
 .text          0x000022b4       0xc4 contiki-avr-raven.a(uip-udp-packet.)
                0x000022b4                uip_udp_packet_send
                0x000022f2                uip_udp_packet_sendto
 .text          0x00002378       0xda contiki-avr-raven.a(uip-split.o)
                0x00002378                uip_split_output
 .text          0x00002452      0x336 contiki-avr-raven.a(uip-icmp6.o)
                0x00002452                uip_icmp6_send
                0x000024fa                uip_icmp6_echo_request_input
                0x000025d4                uip_icmp6_error_output
 .text          0x00002788      0xf80 contiki-avr-raven.a(uip-nd6.o)
                0x00002788                uip_nd6_ra_input
                0x00002d50                uip_nd6_rs_output
                0x00002e7e                uip_nd6_ns_output
                0x00002fe2                uip_nd6_na_input
                0x000032ae                uip_nd6_ns_input
 .text          0x00003708       0xec contiki-avr-raven.a(uip-packetqueue)
                0x00003708                uip_packetqueue_new
                0x00003710                uip_packetqueue_buf
                0x00003728                uip_packetqueue_buflen
                0x00003748                uip_packetqueue_set_buflen
                0x0000375e                uip_packetqueue_free
                0x000037aa                uip_packetqueue_alloc
 .text          0x000037f4     0x10cc contiki-avr-raven.a(uip-ds6.o)
                0x000037f4                uip_ds6_defrt_rm
                0x000037fe                uip_ds6_prefix_rm
                0x00003808                uip_ds6_get_link_local
                0x00003868                uip_ds6_get_global
                0x000038c8                uip_ds6_maddr_rm
                0x000038d2                uip_ds6_aaddr_rm
                0x000038dc                uip_ds6_route_rm
                0x000038e2                get_match_length
                0x00003920                uip_ds6_select_src
                0x000039fe                uip_ds6_compute_reachable_time
                0x00003a5e                uip_ds6_dad
                0x00003acc                uip_ds6_set_addr_iid
                0x00003af6                uip_ds6_route_rm_by_nexthop
                0x00003b4c                uip_ds6_route_lookup
                0x00003bce                uip_ds6_is_addr_onlink
                0x00003c2e                uip_ds6_list_loop
                0x00003cc8                uip_ds6_route_add
                0x00003d62                uip_ds6_aaddr_lookup
                0x00003d9e                uip_ds6_aaddr_add
                0x00003dfe                uip_ds6_maddr_lookup
                0x00003e3a                uip_ds6_addr_rm
                0x00003eb0                uip_ds6_dad_failed
                0x00003ed2                uip_ds6_maddr_add
                0x00003f32                uip_ds6_addr_lookup
                0x00003f6e                uip_ds6_prefix_lookup
                0x00003faa                uip_ds6_defrt_lookup
                0x00003fe6                uip_ds6_nbr_lookup
                0x00004022                uip_ds6_defrt_choose
                0x00004098                uip_ds6_send_rs
                0x000040ce                uip_ds6_addr_add
                0x000041fe                uip_ds6_prefix_add
                0x000042aa                uip_ds6_defrt_add
                0x00004354                uip_ds6_nbr_rm
                0x00004364                uip_ds6_init
                0x000044f8                uip_ds6_nbr_add
                0x00004640                uip_ds6_periodic
 .text          0x000048c0      0x26e contiki-avr-raven.a(contiki-raven-m)
                0x000048c0                log_message
                0x000048fa                initialize
                0x00004b20                main
 .text          0x00004b2e      0x1c0 contiki-avr-raven.a(clock.o)
                0x00004b2e                clock_adjust_seconds
                0x00004bae                clock_init
                0x00004bce                clock_time
                0x00004be8                clock_delay
                0x00004bfe                clock_wait
                0x00004c38                clock_set_seconds
                0x00004c3a                clock_seconds
                0x00004c6a                __vector_16
 .text          0x00004cee      0x300 contiki-avr-raven.a(rs232.o)
                0x00004cee                __vector_22
                0x00004d06                __vector_20
                0x00004d6a                __vector_30
                0x00004d82                __vector_28
                0x00004de6                rs232_init
                0x00004e20                rs232_print_p
                0x00004e68                rs232_print
                0x00004ed2                rs232_send
                0x00004efe                rs232_set_input
                0x00004f1c                slip_arch_writeb
                0x00004f36                rs232_stdout_putchar
                0x00004fa6                rs232_redirect_stdout
                0x00004fb8                rs232_printf
 .text          0x00004fee       0x7a contiki-avr-raven.a(watchdog.o)
                0x00004fee                watchdog_init
                0x0000500e                watchdog_start
                0x00005038                watchdog_periodic
                0x0000503c                watchdog_stop
                0x0000504e                watchdog_reboot
 .text          0x00005068      0x95e contiki-avr-raven.a(rf230bb.o)
                0x00005068                rf230_set_promiscuous_mode
                0x0000506e                calibrate_rc_osc_32k
                0x00005166                rf230_get_channel
                0x00005196                rf230_is_ready_to_send
                0x000051e8                rf230_get_txpower
                0x000052ec                rf230_on
                0x000053c2                rf230_off
                0x0000540a                rf230_get_raw_rssi
                0x00005476                rf230_set_txpower
                0x00005486                rf230_set_channel
                0x000054a2                rf230_listen_channel
                0x000055e2                rf230_interrupt
                0x00005854                rf230_set_pan_addr
                0x00005920                rf230_init
 .text          0x000059c6      0x2f2 contiki-avr-raven.a(halbb.o)
                0x000059c6                hal_init
                0x00005a00                hal_register_read
                0x00005a36                hal_register_write
                0x00005a6c                hal_subregister_read
                0x00005a92                hal_subregister_write
                0x00005ae8                hal_frame_read
                0x00005b4a                hal_frame_write
                0x00005ba2                __vector_15
                0x00005bd0                __vector_12
 .text          0x00005cb8       0x76 contiki-avr-raven.a(rimeaddr.o)
                0x00005cb8                rimeaddr_copy
                0x00005cda                rimeaddr_cmp
                0x00005d0c                rimeaddr_set_node_addr
 .text          0x00005d2e        0x0 contiki-avr-raven.a(rimestats.o)
 .text          0x00005d2e       0x38 contiki-avr-raven.a(nullmac.o)
 .text          0x00005d66      0x250 contiki-avr-raven.a(sicslowmac.o)
 .text          0x00005fb6      0x372 contiki-avr-raven.a(process.o)
                0x00005fb6                process_alloc_event
                0x000060ec                process_exit
                0x000060fa                process_init
                0x00006158                process_run
                0x0000622a                process_nevents
                0x0000623c                process_post
                0x00006284                process_post_synch
                0x000062a2                process_start
                0x000062fc                process_poll
                0x00006314                process_is_running
 .text          0x00006328       0x38 contiki-avr-raven.a(autostart.o)
                0x00006328                autostart_exit
                0x00006342                autostart_start
 .text          0x00006360      0x144 contiki-avr-raven.a(memb.o)
                0x00006360                memb_alloc
                0x000063bc                memb_free
                0x00006418                memb_inmemb
                0x0000645e                memb_init
 .text          0x000064a4       0xa0 contiki-avr-raven.a(timer.o)
                0x000064a4                timer_reset
                0x000064b8                timer_remaining
                0x000064e2                timer_expired
                0x00006512                timer_restart
                0x00006528                timer_set
 .text          0x00006544      0x2e4 contiki-avr-raven.a(etimer.o)
                0x00006544                etimer_expired
                0x0000655a                etimer_expiration_time
                0x0000656c                etimer_start_time
                0x00006574                etimer_pending
                0x0000658a                etimer_next_expiration_time
                0x0000660e                etimer_stop
                0x0000665e                etimer_adjust
                0x00006672                etimer_request_poll
                0x000067e6                etimer_restart
                0x000067fc                etimer_reset
                0x00006812                etimer_set
 .text          0x00006828      0x26e contiki-avr-raven.a(ctimer.o)
                0x000068f6                ctimer_expired
                0x0000693e                ctimer_stop
                0x0000696e                ctimer_restart
                0x000069c2                ctimer_set
                0x00006a28                ctimer_reset
                0x00006a7c                ctimer_init
 .text          0x00006a96       0x7a contiki-avr-raven.a(rtimer.o)
                0x00006a96                rtimer_run_next
                0x00006ad4                rtimer_set
                0x00006b0a                rtimer_init
 .text          0x00006b10      0x12a contiki-avr-raven.a(stimer.o)
                0x00006b10                stimer_reset
                0x00006b34                stimer_elapsed
                0x00006b5e                stimer_remaining
                0x00006baa                stimer_expired
                0x00006bfc                stimer_restart
                0x00006c16                stimer_set
 .text          0x00006c3a        0xc contiki-avr-raven.a(random.o)
                0x00006c3a                random_rand
                0x00006c40                random_init
 .text          0x00006c46      0x3ea contiki-avr-raven.a(packetbuf.o)
                0x00006c46                packetbuf_clear_hdr
                0x00006c4e                packetbuf_hdralloc
                0x00006c8c                packetbuf_hdr_remove
                0x00006c98                packetbuf_hdrreduce
                0x00006cd6                packetbuf_set_datalen
                0x00006ce0                packetbuf_dataptr
                0x00006cfa                packetbuf_hdrptr
                0x00006d0e                packetbuf_is_reference
                0x00006d32                packetbuf_reference_ptr
                0x00006d3c                packetbuf_datalen
                0x00006d46                packetbuf_hdrlen
                0x00006d50                packetbuf_totlen
                0x00006d68                packetbuf_set_attr
                0x00006d7e                packetbuf_attr
                0x00006d90                packetbuf_addr
                0x00006da6                packetbuf_set_addr
                0x00006dc0                packetbuf_attr_clear
                0x00006e02                packetbuf_clear
                0x00006e30                packetbuf_reference
                0x00006e5a                packetbuf_attr_copyfrom
                0x00006e7c                packetbuf_attr_copyto
                0x00006e9e                packetbuf_copyto
                0x00006f3a                packetbuf_copyto_hdr
                0x00006f72                packetbuf_compact
                0x00006fe4                packetbuf_copyfrom
 .text          0x00007030      0x1a2 contiki-avr-raven.a(queuebuf.o)
                0x00007030                queuebuf_datalen
                0x00007038                queuebuf_addr
                0x00007050                queuebuf_attr
                0x00007066                queuebuf_debug_print
                0x00007068                queuebuf_dataptr
                0x000070a4                queuebuf_to_packetbuf
                0x00007116                queuebuf_free
                0x0000714e                queuebuf_new_from_packetbuf
                0x000071c0                queuebuf_init
 .text          0x000071d2     0x12c6 contiki-avr-raven.a(sicslowpan.o)
                0x00007b08                sicslowpan_init
 .text          0x00008498       0xae contiki-avr-raven.a(rtimer-arch.o)
                0x00008498                rtimer_arch_init
                0x000084cc                rtimer_arch_schedule
                0x000084ec                __vector_32
 .text          0x00008546      0x468 contiki-avr-raven.a(frame802154.o)
                0x00008546                frame802154_parse
                0x000087c6                frame802154_create
                0x00008972                frame802154_hdrlen
 .text          0x000089ae      0x1be contiki-avr-raven.a(list.o)
                0x000089ae                list_init
                0x000089b6                list_head
                0x000089be                list_copy
                0x000089cc                list_tail
                0x000089ee                list_chop
                0x00008a3c                list_pop
                0x00008a54                list_remove
                0x00008a9e                list_push
                0x00008aca                list_add
                0x00008b16                list_length
                0x00008b36                list_insert
                0x00008b58                list_item_next
 .text          0x00008b6c        0x0 /usr/lib/gcc/avr/4.3.5/avr51/libgcc.a(_mulsi3.o)
 .text          0x00008b6c        0x0 /usr/lib/gcc/avr/4.3.5/avr51/libgcc.a(_udivmodhi4.o)
 .text          0x00008b6c        0x0 /usr/lib/gcc/avr/4.3.5/avr51/libgcc.a(_udivmodsi4.o)
 .text          0x00008b6c        0x0 /usr/lib/gcc/avr/4.3.5/avr51/libgcc.a(_exit.o)
 .text          0x00008b6c        0x0 /usr/lib/gcc/avr/4.3.5/avr51/libgcc.a(_clear_bss.o)
 .text          0x00008b6c        0x0 /usr/lib/gcc/avr/4.3.5/../../../avr/lib/avr51/libc.a(rand.o)
 .text          0x00008b6c        0x0 /usr/lib/gcc/avr/4.3.5/../../../avr/lib/avr51/libc.a(memcmp.o)
 .text          0x00008b6c        0x0 /usr/lib/gcc/avr/4.3.5/../../../avr/lib/avr51/libc.a(memcpy.o)
 .text          0x00008b6c        0x0 /usr/lib/gcc/avr/4.3.5/../../../avr/lib/avr51/libc.a(memmove.o)
 .text          0x00008b6c        0x0 /usr/lib/gcc/avr/4.3.5/../../../avr/lib/avr51/libc.a(memset.o)
 .text          0x00008b6c        0x0 /usr/lib/gcc/avr/4.3.5/../../../avr/lib/avr51/libc.a(iob.o)
 .text          0x00008b6c        0x0 /usr/lib/gcc/avr/4.3.5/../../../avr/lib/avr51/libc.a(printf.o)
 .text          0x00008b6c        0x0 /usr/lib/gcc/avr/4.3.5/../../../avr/lib/avr51/libc.a(printf_p.o)
 .text          0x00008b6c        0x0 /usr/lib/gcc/avr/4.3.5/../../../avr/lib/avr51/libc.a(putchar.o)
 .text          0x00008b6c        0x0 /usr/lib/gcc/avr/4.3.5/../../../avr/lib/avr51/libc.a(sprintf.o)
 .text          0x00008b6c        0x0 /usr/lib/gcc/avr/4.3.5/../../../avr/lib/avr51/libc.a(vsnprintf.o)
 .text          0x00008b6c        0x0 /usr/lib/gcc/avr/4.3.5/../../../avr/lib/avr51/libc.a(vfprintf_std.o)
 .text          0x00008b6c        0x0 /usr/lib/gcc/avr/4.3.5/../../../avr/lib/avr51/libc.a(eerd_block_atmega1284p.o)
 .text          0x00008b6c        0x0 /usr/lib/gcc/avr/4.3.5/../../../avr/lib/avr51/libc.a(eerd_byte_atmega1284p.o)
 .text          0x00008b6c        0x0 /usr/lib/gcc/avr/4.3.5/../../../avr/lib/avr51/libc.a(strnlen_P.o)
 .text          0x00008b6c        0x0 /usr/lib/gcc/avr/4.3.5/../../../avr/lib/avr51/libc.a(strnlen.o)
 .text          0x00008b6c        0x0 /usr/lib/gcc/avr/4.3.5/../../../avr/lib/avr51/libc.a(fputc.o)
 .text          0x00008b6c        0x0 /usr/lib/gcc/avr/4.3.5/../../../avr/lib/avr51/libc.a(ultoa_invert.o)
 .text          0x00008b6c        0x0 /usr/lib/gcc/avr/4.3.5/avr51/libgcc.a(_divmodsi4.o)
                0x00008b6c                . = ALIGN (0x2)
 *(.text.*)
 .text.libgcc   0x00008b6c       0x3e /usr/lib/gcc/avr/4.3.5/avr51/libgcc.a(_mulsi3.o)
                0x00008b6c                __mulsi3
 .text.libgcc   0x00008baa       0x28 /usr/lib/gcc/avr/4.3.5/avr51/libgcc.a(_udivmodhi4.o)
                0x00008baa                __udivmodhi4
 .text.libgcc   0x00008bd2       0x44 /usr/lib/gcc/avr/4.3.5/avr51/libgcc.a(_udivmodsi4.o)
                0x00008bd2                __udivmodsi4
 .text.libgcc   0x00008c16        0x0 /usr/lib/gcc/avr/4.3.5/avr51/libgcc.a(_exit.o)
 .text.libgcc   0x00008c16        0x0 /usr/lib/gcc/avr/4.3.5/avr51/libgcc.a(_clear_bss.o)
 .text.avr-libc
                0x00008c16       0xd6 /usr/lib/gcc/avr/4.3.5/../../../avr/lib/avr51/libc.a(rand.o)
                0x00008cc6                rand_r
                0x00008ccc                rand
                0x00008cd6                srand
 .text.avr-libc
                0x00008cec       0x1a /usr/lib/gcc/avr/4.3.5/../../../avr/lib/avr51/libc.a(memcmp.o)
                0x00008cec                memcmp
 .text.avr-libc
                0x00008d06       0x12 /usr/lib/gcc/avr/4.3.5/../../../avr/lib/avr51/libc.a(memcpy.o)
                0x00008d06                memcpy
 .text.avr-libc
                0x00008d18       0x24 /usr/lib/gcc/avr/4.3.5/../../../avr/lib/avr51/libc.a(memmove.o)
                0x00008d18                memmove
 .text.avr-libc
                0x00008d3c        0xe /usr/lib/gcc/avr/4.3.5/../../../avr/lib/avr51/libc.a(memset.o)
                0x00008d3c                memset
 .text.avr-libc
                0x00008d4a       0x24 /usr/lib/gcc/avr/4.3.5/../../../avr/lib/avr51/libc.a(printf.o)
                0x00008d4a                printf
 .text.avr-libc
                0x00008d6e       0x46 /usr/lib/gcc/avr/4.3.5/../../../avr/lib/avr51/libc.a(printf_p.o)
                0x00008d6e                printf_P
 .text.avr-libc
                0x00008db4        0xe /usr/lib/gcc/avr/4.3.5/../../../avr/lib/avr51/libc.a(putchar.o)
                0x00008db4                putchar
 .text.avr-libc
                0x00008dc2       0x62 /usr/lib/gcc/avr/4.3.5/../../../avr/lib/avr51/libc.a(sprintf.o)
                0x00008dc2                sprintf
 .text.avr-libc
                0x00008e24       0x6e /usr/lib/gcc/avr/4.3.5/../../../avr/lib/avr51/libc.a(vsnprintf.o)
                0x00008e24                vsnprintf
 .text.avr-libc
                0x00008e92      0x40c /usr/lib/gcc/avr/4.3.5/../../../avr/lib/avr51/libc.a(vfprintf_std.o)
                0x00008e92                vfprintf
 .text.avr-libc
                0x0000929e       0x20 /usr/lib/gcc/avr/4.3.5/../../../avr/lib/avr51/libc.a(eerd_block_atmega1284p.o)
                0x0000929e                __eerd_block_m1284p
                0x000092a2                __eerd_blraw_m1284p
 .text.avr-libc
                0x000092be       0x10 /usr/lib/gcc/avr/4.3.5/../../../avr/lib/avr51/libc.a(eerd_byte_atmega1284p.o)
                0x000092be                __eerd_byte_m1284p
 .text.avr-libc
                0x000092ce       0x16 /usr/lib/gcc/avr/4.3.5/../../../avr/lib/avr51/libc.a(strnlen_P.o)
                0x000092ce                strnlen_P
 .text.avr-libc
                0x000092e4       0x16 /usr/lib/gcc/avr/4.3.5/../../../avr/lib/avr51/libc.a(strnlen.o)
                0x000092e4                strnlen
 .text.avr-libc
                0x000092fa       0x58 /usr/lib/gcc/avr/4.3.5/../../../avr/lib/avr51/libc.a(fputc.o)
                0x000092fa                fputc
 .text.avr-libc
                0x00009352       0xbc /usr/lib/gcc/avr/4.3.5/../../../avr/lib/avr51/libc.a(ultoa_invert.o)
                0x00009352                __ultoa_invert
 .text.libgcc   0x0000940e       0x36 /usr/lib/gcc/avr/4.3.5/avr51/libgcc.a(_divmodsi4.o)
                0x0000940e                __divmodsi4
                0x00009444                . = ALIGN (0x2)
 *(.fini9)
 .fini9         0x00009444        0x0 /usr/lib/gcc/avr/4.3.5/avr51/libgcc.a(_exit.o)
                0x00009444                exit
                0x00009444                _exit
 *(.fini9)
 *(.fini8)
 *(.fini8)
 *(.fini7)
 *(.fini7)
 *(.fini6)
 *(.fini6)
 *(.fini5)
 *(.fini5)
 *(.fini4)
 *(.fini4)
 *(.fini3)
 *(.fini3)
 *(.fini2)
 *(.fini2)
 *(.fini1)
 *(.fini1)
 *(.fini0)
 .fini0         0x00009444        0x4 /usr/lib/gcc/avr/4.3.5/avr51/libgcc.a(_exit.o)
 *(.fini0)
                0x00009448                _etext = .

.data           0x00800100      0x166 load address 0x00009448
                0x00800100                PROVIDE (__data_start, .)
 *(.data)
 .data          0x00800100        0x0 /usr/lib/gcc/avr/4.3.5/../../../avr/lib/avr51/crtm1284p.o
 .data          0x00800100       0x3d udp-server.co
                0x0080012f                udp_server_process
                0x00800139                autostart_processes
 .data          0x0080013d        0xb contiki-avr-raven.a(uip-debug.o)
 .data          0x00800148        0x0 contiki-avr-raven.a(uip6.o)
 .data          0x00800148       0x17 contiki-avr-raven.a(tcpip.o)
                0x00800155                tcpip_process
 .data          0x0080015f        0x0 contiki-avr-raven.a(uip-udp-packet.)
 .data          0x0080015f        0x0 contiki-avr-raven.a(uip-split.o)
 .data          0x0080015f        0x0 contiki-avr-raven.a(uip-icmp6.o)
 .data          0x0080015f        0x0 contiki-avr-raven.a(uip-nd6.o)
 .data          0x0080015f        0x8 contiki-avr-raven.a(uip-packetqueue)
 .data          0x00800167        0x0 contiki-avr-raven.a(uip-ds6.o)
 .data          0x00800167        0xc contiki-avr-raven.a(contiki-raven-m)
 .data          0x00800173        0x0 contiki-avr-raven.a(clock.o)
 .data          0x00800173       0x28 contiki-avr-raven.a(rs232.o)
 .data          0x0080019b        0x0 contiki-avr-raven.a(watchdog.o)
 .data          0x0080019b       0x2b contiki-avr-raven.a(rf230bb.o)
                0x008001a8                rf230_process
                0x008001b2                rf230_driver
 .data          0x008001c6        0x0 contiki-avr-raven.a(halbb.o)
 .data          0x008001c6        0x8 contiki-avr-raven.a(rimeaddr.o)
                0x008001c6                rimeaddr_null
 .data          0x008001ce        0x0 contiki-avr-raven.a(rimestats.o)
 .data          0x008001ce       0x16 contiki-avr-raven.a(nullmac.o)
                0x008001d6                nullmac_driver
 .data          0x008001e4       0x19 contiki-avr-raven.a(sicslowmac.o)
                0x008001ef                sicslowmac_driver
 .data          0x008001fd        0x0 contiki-avr-raven.a(process.o)
 .data          0x008001fd        0x0 contiki-avr-raven.a(autostart.o)
 .data          0x008001fd        0x0 contiki-avr-raven.a(memb.o)
 .data          0x008001fd        0x0 contiki-avr-raven.a(timer.o)
 .data          0x008001fd       0x16 contiki-avr-raven.a(etimer.o)
                0x00800209                etimer_process
 .data          0x00800213       0x19 contiki-avr-raven.a(ctimer.o)
                0x00800222                ctimer_process
 .data          0x0080022c        0x0 contiki-avr-raven.a(rtimer.o)
 .data          0x0080022c        0x0 contiki-avr-raven.a(stimer.o)
 .data          0x0080022c        0x0 contiki-avr-raven.a(random.o)
 .data          0x0080022c        0x2 contiki-avr-raven.a(packetbuf.o)
 .data          0x0080022e       0x10 contiki-avr-raven.a(queuebuf.o)
 .data          0x0080023e       0x23 contiki-avr-raven.a(sicslowpan.o)
                0x0080023e                unc_llconf
                0x00800242                unc_ctxconf
                0x00800246                unc_mxconf
                0x0080024a                llprefix
                0x00800257                sicslowpan_driver
 .data          0x00800261        0x0 contiki-avr-raven.a(rtimer-arch.o)
 .data          0x00800261        0x0 contiki-avr-raven.a(frame802154.o)
 .data          0x00800261        0x0 contiki-avr-raven.a(list.o)
 .data          0x00800261        0x0 /usr/lib/gcc/avr/4.3.5/avr51/libgcc.a(_mulsi3.o)
 .data          0x00800261        0x0 /usr/lib/gcc/avr/4.3.5/avr51/libgcc.a(_udivmodhi4.o)
 .data          0x00800261        0x0 /usr/lib/gcc/avr/4.3.5/avr51/libgcc.a(_udivmodsi4.o)
 .data          0x00800261        0x0 /usr/lib/gcc/avr/4.3.5/avr51/libgcc.a(_exit.o)
 .data          0x00800261        0x0 /usr/lib/gcc/avr/4.3.5/avr51/libgcc.a(_clear_bss.o)
 .data          0x00800261        0x4 /usr/lib/gcc/avr/4.3.5/../../../avr/lib/avr51/libc.a(rand.o)
 .data          0x00800265        0x0 /usr/lib/gcc/avr/4.3.5/../../../avr/lib/avr51/libc.a(memcmp.o)
 .data          0x00800265        0x0 /usr/lib/gcc/avr/4.3.5/../../../avr/lib/avr51/libc.a(memcpy.o)
 .data          0x00800265        0x0 /usr/lib/gcc/avr/4.3.5/../../../avr/lib/avr51/libc.a(memmove.o)
 .data          0x00800265        0x0 /usr/lib/gcc/avr/4.3.5/../../../avr/lib/avr51/libc.a(memset.o)
 .data          0x00800265        0x0 /usr/lib/gcc/avr/4.3.5/../../../avr/lib/avr51/libc.a(iob.o)
 .data          0x00800265        0x0 /usr/lib/gcc/avr/4.3.5/../../../avr/lib/avr51/libc.a(printf.o)
 .data          0x00800265        0x0 /usr/lib/gcc/avr/4.3.5/../../../avr/lib/avr51/libc.a(printf_p.o)
 .data          0x00800265        0x0 /usr/lib/gcc/avr/4.3.5/../../../avr/lib/avr51/libc.a(putchar.o)
 .data          0x00800265        0x0 /usr/lib/gcc/avr/4.3.5/../../../avr/lib/avr51/libc.a(sprintf.o)
 .data          0x00800265        0x0 /usr/lib/gcc/avr/4.3.5/../../../avr/lib/avr51/libc.a(vsnprintf.o)
 .data          0x00800265        0x0 /usr/lib/gcc/avr/4.3.5/../../../avr/lib/avr51/libc.a(vfprintf_std.o)
 .data          0x00800265        0x0 /usr/lib/gcc/avr/4.3.5/../../../avr/lib/avr51/libc.a(eerd_block_atmega1284p.o)
 .data          0x00800265        0x0 /usr/lib/gcc/avr/4.3.5/../../../avr/lib/avr51/libc.a(eerd_byte_atmega1284p.o)
 .data          0x00800265        0x0 /usr/lib/gcc/avr/4.3.5/../../../avr/lib/avr51/libc.a(strnlen_P.o)
 .data          0x00800265        0x0 /usr/lib/gcc/avr/4.3.5/../../../avr/lib/avr51/libc.a(strnlen.o)
 .data          0x00800265        0x0 /usr/lib/gcc/avr/4.3.5/../../../avr/lib/avr51/libc.a(fputc.o)
 .data          0x00800265        0x0 /usr/lib/gcc/avr/4.3.5/../../../avr/lib/avr51/libc.a(ultoa_invert.o)
 .data          0x00800265        0x0 /usr/lib/gcc/avr/4.3.5/avr51/libgcc.a(_divmodsi4.o)
 *(.data*)
 *(.rodata)
 *(.rodata*)
 *(.gnu.linkonce.d*)
                0x00800266                . = ALIGN (0x2)
 *fill*         0x00800265        0x1 00
                0x00800266                _edata = .
                0x00800266                PROVIDE (__data_end, .)

.bss            0x00800266     0x298e
                0x00800266                PROVIDE (__bss_start, .)
 *(.bss)
 .bss           0x00800266        0x0 /usr/lib/gcc/avr/4.3.5/../../../avr/lib/avr51/crtm1284p.o
 .bss           0x00800266        0x4 udp-server.co
 .bss           0x0080026a        0x0 contiki-avr-raven.a(uip-debug.o)
 .bss           0x0080026a        0xd contiki-avr-raven.a(uip6.o)
                0x0080026a                uip_ext_bitmap
                0x0080026b                uip_ext_len
                0x0080026c                uip_ext_opt_offset
 .bss           0x00800277       0x15 contiki-avr-raven.a(tcpip.o)
 .bss           0x0080028c        0x0 contiki-avr-raven.a(uip-udp-packet.)
 .bss           0x0080028c        0x0 contiki-avr-raven.a(uip-split.o)
 .bss           0x0080028c       0x10 contiki-avr-raven.a(uip-icmp6.o)
 .bss           0x0080029c       0x1d contiki-avr-raven.a(uip-nd6.o)
 .bss           0x008002b9      0xa2e contiki-avr-raven.a(uip-packetqueue)
 .bss           0x00800ce7       0x21 contiki-avr-raven.a(uip-ds6.o)
 .bss           0x00800d08        0x0 contiki-avr-raven.a(contiki-raven-m)
 .bss           0x00800d08        0x3 contiki-avr-raven.a(clock.o)
 .bss           0x00800d0b       0x41 contiki-avr-raven.a(rs232.o)
 .bss           0x00800d4c        0x2 contiki-avr-raven.a(watchdog.o)
 .bss           0x00800d4e       0x87 contiki-avr-raven.a(rf230bb.o)
 .bss           0x00800dd5        0x2 contiki-avr-raven.a(halbb.o)
 .bss           0x00800dd7        0x0 contiki-avr-raven.a(rimeaddr.o)
 .bss           0x00800dd7        0x0 contiki-avr-raven.a(rimestats.o)
 .bss           0x00800dd7        0x0 contiki-avr-raven.a(nullmac.o)
 .bss           0x00800dd7        0x1 contiki-avr-raven.a(sicslowmac.o)
 .bss           0x00800dd8       0xb0 contiki-avr-raven.a(process.o)
                0x00800dd8                process_list
                0x00800dda                process_current
 .bss           0x00800e88        0x0 contiki-avr-raven.a(autostart.o)
 .bss           0x00800e88        0x0 contiki-avr-raven.a(memb.o)
 .bss           0x00800e88        0x0 contiki-avr-raven.a(timer.o)
 .bss           0x00800e88        0x4 contiki-avr-raven.a(etimer.o)
 .bss           0x00800e8c        0x3 contiki-avr-raven.a(ctimer.o)
 .bss           0x00800e8f        0x2 contiki-avr-raven.a(rtimer.o)
 .bss           0x00800e91        0x0 contiki-avr-raven.a(stimer.o)
 .bss           0x00800e91        0x0 contiki-avr-raven.a(random.o)
 .bss           0x00800e91       0xb9 contiki-avr-raven.a(packetbuf.o)
 .bss           0x00800f4a      0x704 contiki-avr-raven.a(queuebuf.o)
 .bss           0x0080164e      0x51f contiki-avr-raven.a(sicslowpan.o)
 .bss           0x00801b6d        0x0 contiki-avr-raven.a(rtimer-arch.o)
 .bss           0x00801b6d        0x0 contiki-avr-raven.a(frame802154.o)
 .bss           0x00801b6d        0x0 contiki-avr-raven.a(list.o)
 .bss           0x00801b6d        0x0 /usr/lib/gcc/avr/4.3.5/avr51/libgcc.a(_mulsi3.o)
 .bss           0x00801b6d        0x0 /usr/lib/gcc/avr/4.3.5/avr51/libgcc.a(_udivmodhi4.o)
 .bss           0x00801b6d        0x0 /usr/lib/gcc/avr/4.3.5/avr51/libgcc.a(_udivmodsi4.o)
 .bss           0x00801b6d        0x0 /usr/lib/gcc/avr/4.3.5/avr51/libgcc.a(_exit.o)
 .bss           0x00801b6d        0x0 /usr/lib/gcc/avr/4.3.5/avr51/libgcc.a(_clear_bss.o)
 .bss           0x00801b6d        0x0 /usr/lib/gcc/avr/4.3.5/../../../avr/lib/avr51/libc.a(rand.o)
 .bss           0x00801b6d        0x0 /usr/lib/gcc/avr/4.3.5/../../../avr/lib/avr51/libc.a(memcmp.o)
 .bss           0x00801b6d        0x0 /usr/lib/gcc/avr/4.3.5/../../../avr/lib/avr51/libc.a(memcpy.o)
 .bss           0x00801b6d        0x0 /usr/lib/gcc/avr/4.3.5/../../../avr/lib/avr51/libc.a(memmove.o)
 .bss           0x00801b6d        0x0 /usr/lib/gcc/avr/4.3.5/../../../avr/lib/avr51/libc.a(memset.o)
 .bss           0x00801b6d        0x0 /usr/lib/gcc/avr/4.3.5/../../../avr/lib/avr51/libc.a(iob.o)
 .bss           0x00801b6d        0x0 /usr/lib/gcc/avr/4.3.5/../../../avr/lib/avr51/libc.a(printf.o)
 .bss           0x00801b6d        0x0 /usr/lib/gcc/avr/4.3.5/../../../avr/lib/avr51/libc.a(printf_p.o)
 .bss           0x00801b6d        0x0 /usr/lib/gcc/avr/4.3.5/../../../avr/lib/avr51/libc.a(putchar.o)
 .bss           0x00801b6d        0x0 /usr/lib/gcc/avr/4.3.5/../../../avr/lib/avr51/libc.a(sprintf.o)
 .bss           0x00801b6d        0x0 /usr/lib/gcc/avr/4.3.5/../../../avr/lib/avr51/libc.a(vsnprintf.o)
 .bss           0x00801b6d        0x0 /usr/lib/gcc/avr/4.3.5/../../../avr/lib/avr51/libc.a(vfprintf_std.o)
 .bss           0x00801b6d        0x0 /usr/lib/gcc/avr/4.3.5/../../../avr/lib/avr51/libc.a(eerd_block_atmega1284p.o)
 .bss           0x00801b6d        0x0 /usr/lib/gcc/avr/4.3.5/../../../avr/lib/avr51/libc.a(eerd_byte_atmega1284p.o)
 .bss           0x00801b6d        0x0 /usr/lib/gcc/avr/4.3.5/../../../avr/lib/avr51/libc.a(strnlen_P.o)
 .bss           0x00801b6d        0x0 /usr/lib/gcc/avr/4.3.5/../../../avr/lib/avr51/libc.a(strnlen.o)
 .bss           0x00801b6d        0x0 /usr/lib/gcc/avr/4.3.5/../../../avr/lib/avr51/libc.a(fputc.o)
 .bss           0x00801b6d        0x0 /usr/lib/gcc/avr/4.3.5/../../../avr/lib/avr51/libc.a(ultoa_invert.o)
 .bss           0x00801b6d        0x0 /usr/lib/gcc/avr/4.3.5/avr51/libgcc.a(_divmodsi4.o)
 *(.bss*)
 *(COMMON)
 COMMON         0x00801b6d      0x647 contiki-avr-raven.a(uip6.o)
                0x00801b6d                uip_len
                0x00801b6f                uip_sappdata
                0x00801b71                uip_acc32
                0x00801b75                uip_lladdr
                0x00801b7d                uip_aligned_buf
                0x0080207d                uip_flags
                0x0080207e                uip_next_hdr
                0x00802080                uip_udp_conn
                0x00802082                uip_appdata
                0x00802084                uip_conn
                0x00802086                uip_conns
                0x008020b2                uip_icmp6_conns
                0x008020b6                uip_listenports
                0x008020b8                uip_slen
                0x008020ba                uip_udp_conns
 COMMON         0x008021b4        0x2 contiki-avr-raven.a(tcpip.o)
                0x008021b4                tcpip_event
                0x008021b5                tcpip_icmp6_event
 COMMON         0x008021b6      0x8f3 contiki-avr-raven.a(uip-ds6.o)
                0x008021b6                uip_ds6_if
                0x008022a1                uip_ds6_prefix_list
                0x0080230d                uip_ds6_timer_periodic
                0x00802315                uip_ds6_defrt_list
                0x00802349                uip_ds6_nbr_cache
                0x00802709                uip_ds6_timer_rs
                0x00802711                uip_ds6_routing_table
 COMMON         0x00802aa9        0x1 contiki-avr-raven.a(contiki-raven-m)
                0x00802aa9                eeprom_channel
 COMMON         0x00802aaa        0x8 contiki-avr-raven.a(clock.o)
                0x00802aaa                sleepseconds
                0x00802aae                seconds
 COMMON         0x00802ab2       0x92 contiki-avr-raven.a(rf230bb.o)
                0x00802ab2                rf230_last_correlation
                0x00802ab3                rf230_last_rssi
                0x00802ab4                rf230_time_of_departure
                0x00802ab6                rf230_calibrate
                0x00802ab7                rf230_calibrated
                0x00802ab8                rf230_authority_level_of_sender
                0x00802aba                rf230_time_of_arrival
                0x00802abc                rxframe_tail
                0x00802abd                rxframe_head
                0x00802abe                rxframe
                0x00802b40                osccal_original
                0x00802b41                RF230_sleeping
                0x00802b42                RF230_receive_on
                0x00802b43                osccal_calibrated
 COMMON         0x00802b44        0x8 contiki-avr-raven.a(rimeaddr.o)
                0x00802b44                rimeaddr_node_addr
 COMMON         0x00802b4c       0x48 contiki-avr-raven.a(rimestats.o)
                0x00802b4c                rimestats
 COMMON         0x00802b94       0x50 contiki-avr-raven.a(packetbuf.o)
                0x00802b94                packetbuf_addrs
                0x00802bb4                packetbuf_attrs
 COMMON         0x00802be4        0xa contiki-avr-raven.a(sicslowpan.o)
                0x00802be4                sicslowpan_mac
                0x00802be6                frag_sender
 COMMON         0x00802bee        0x6 /usr/lib/gcc/avr/4.3.5/../../../avr/lib/avr51/libc.a(iob.o)
                0x00802bee                __iob
                0x00802bf4                PROVIDE (__bss_end, .)
                0x00009448                __data_load_start = LOADADDR (.data)
                0x000095ae                __data_load_end = (__data_load_start + SIZEOF (.data))

.noinit         0x00802bf4        0x0
                0x00802bf4                PROVIDE (__noinit_start, .)
 *(.noinit*)
                0x00802bf4                PROVIDE (__noinit_end, .)
                0x00802bf4                _end = .
                0x00802bf4                PROVIDE (__heap_start, .)

.eeprom         0x00810000        0xa
 *(.eeprom*)
 .eeprom        0x00810000        0xa contiki-avr-raven.a(contiki-raven-m)
                0x00810000                mac_address
                0x00810008                rf_channel
                0x0081000a                __eeprom_end = .

.fuse           0x00820000        0x3
 *(.fuse)
 .fuse          0x00820000        0x3 contiki-avr-raven.a(contiki-raven-m)
                0x00820000                __fuse
 *(.lfuse)
 *(.hfuse)
 *(.efuse)

.lock
 *(.lock*)

.signature      0x00840000        0x3
 *(.signature*)
 .signature     0x00840000        0x3 contiki-avr-raven.a(contiki-raven-m)
                0x00840000                __signature

.stab           0x00000000     0x2b2c
 *(.stab)
 .stab          0x00000000      0x750 /usr/lib/gcc/avr/4.3.5/../../../avr/lib/avr51/crtm1284p.o
 .stab          0x00000750      0x330 /usr/lib/gcc/avr/4.3.5/../../../avr/lib/avr51/libc.a(rand.o)
                                0x33c (size before relaxing)
 .stab          0x00000a80       0xb4 /usr/lib/gcc/avr/4.3.5/../../../avr/lib/avr51/libc.a(memcmp.o)
                                 0xc0 (size before relaxing)
 .stab          0x00000b34       0x84 /usr/lib/gcc/avr/4.3.5/../../../avr/lib/avr51/libc.a(memcpy.o)
                                 0x90 (size before relaxing)
 .stab          0x00000bb8       0xe4 /usr/lib/gcc/avr/4.3.5/../../../avr/lib/avr51/libc.a(memmove.o)
                                 0xf0 (size before relaxing)
 .stab          0x00000c9c       0x6c /usr/lib/gcc/avr/4.3.5/../../../avr/lib/avr51/libc.a(memset.o)
                                 0x78 (size before relaxing)
 .stab          0x00000d08      0x300 /usr/lib/gcc/avr/4.3.5/../../../avr/lib/avr51/libc.a(iob.o)
                                0x30c (size before relaxing)
 .stab          0x00001008      0x18c /usr/lib/gcc/avr/4.3.5/../../../avr/lib/avr51/libc.a(printf.o)
                                0x36c (size before relaxing)
 .stab          0x00001194      0x1a4 /usr/lib/gcc/avr/4.3.5/../../../avr/lib/avr51/libc.a(printf_p.o)
                                0x384 (size before relaxing)
 .stab          0x00001338      0x180 /usr/lib/gcc/avr/4.3.5/../../../avr/lib/avr51/libc.a(putchar.o)
                                0x360 (size before relaxing)
 .stab          0x000014b8      0x1f8 /usr/lib/gcc/avr/4.3.5/../../../avr/lib/avr51/libc.a(sprintf.o)
                                0x3d8 (size before relaxing)
 .stab          0x000016b0      0x210 /usr/lib/gcc/avr/4.3.5/../../../avr/lib/avr51/libc.a(vsnprintf.o)
                                0x3f0 (size before relaxing)
 .stab          0x000018c0      0x948 /usr/lib/gcc/avr/4.3.5/../../../avr/lib/avr51/libc.a(vfprintf_std.o)
                                0xb58 (size before relaxing)
 .stab          0x00002208      0x108 /usr/lib/gcc/avr/4.3.5/../../../avr/lib/avr51/libc.a(eerd_block_atmega1284p.o)
                                0x114 (size before relaxing)
 .stab          0x00002310       0x90 /usr/lib/gcc/avr/4.3.5/../../../avr/lib/avr51/libc.a(eerd_byte_atmega1284p.o)
                                 0x9c (size before relaxing)
 .stab          0x000023a0       0x9c /usr/lib/gcc/avr/4.3.5/../../../avr/lib/avr51/libc.a(strnlen_P.o)
                                 0xa8 (size before relaxing)
 .stab          0x0000243c       0x9c /usr/lib/gcc/avr/4.3.5/../../../avr/lib/avr51/libc.a(strnlen.o)
                                 0xa8 (size before relaxing)
 .stab          0x000024d8      0x1d4 /usr/lib/gcc/avr/4.3.5/../../../avr/lib/avr51/libc.a(fputc.o)
                                0x3b4 (size before relaxing)
 .stab          0x000026ac      0x480 /usr/lib/gcc/avr/4.3.5/../../../avr/lib/avr51/libc.a(ultoa_invert.o)
                                0x48c (size before relaxing)

.stabstr        0x00000000      0xfb5
 *(.stabstr)
 .stabstr       0x00000000      0xfb5 /usr/lib/gcc/avr/4.3.5/../../../avr/lib/avr51/crtm1284p.o

.stab.excl
 *(.stab.excl)

.stab.exclstr
 *(.stab.exclstr)

.stab.index
 *(.stab.index)

.stab.indexstr
 *(.stab.indexstr)

.comment
 *(.comment)

.debug
 *(.debug)

.line
 *(.line)

.debug_srcinfo
 *(.debug_srcinfo)

.debug_sfnames
 *(.debug_sfnames)

.debug_aranges  0x00000000      0x440
 *(.debug_aranges)
 .debug_aranges
                0x00000000       0x20 udp-server.co
 .debug_aranges
                0x00000020       0x20 contiki-avr-raven.a(uip-debug.o)
 .debug_aranges
                0x00000040       0x20 contiki-avr-raven.a(uip6.o)
 .debug_aranges
                0x00000060       0x20 contiki-avr-raven.a(tcpip.o)
 .debug_aranges
                0x00000080       0x20 contiki-avr-raven.a(uip-udp-packet.)
 .debug_aranges
                0x000000a0       0x20 contiki-avr-raven.a(uip-split.o)
 .debug_aranges
                0x000000c0       0x20 contiki-avr-raven.a(uip-icmp6.o)
 .debug_aranges
                0x000000e0       0x20 contiki-avr-raven.a(uip-nd6.o)
 .debug_aranges
                0x00000100       0x20 contiki-avr-raven.a(uip-packetqueue)
 .debug_aranges
                0x00000120       0x20 contiki-avr-raven.a(uip-ds6.o)
 .debug_aranges
                0x00000140       0x20 contiki-avr-raven.a(contiki-raven-m)
 .debug_aranges
                0x00000160       0x20 contiki-avr-raven.a(clock.o)
 .debug_aranges
                0x00000180       0x20 contiki-avr-raven.a(rs232.o)
 .debug_aranges
                0x000001a0       0x20 contiki-avr-raven.a(watchdog.o)
 .debug_aranges
                0x000001c0       0x20 contiki-avr-raven.a(rf230bb.o)
 .debug_aranges
                0x000001e0       0x20 contiki-avr-raven.a(halbb.o)
 .debug_aranges
                0x00000200       0x20 contiki-avr-raven.a(rimeaddr.o)
 .debug_aranges
                0x00000220       0x20 contiki-avr-raven.a(nullmac.o)
 .debug_aranges
                0x00000240       0x20 contiki-avr-raven.a(sicslowmac.o)
 .debug_aranges
                0x00000260       0x20 contiki-avr-raven.a(process.o)
 .debug_aranges
                0x00000280       0x20 contiki-avr-raven.a(autostart.o)
 .debug_aranges
                0x000002a0       0x20 contiki-avr-raven.a(memb.o)
 .debug_aranges
                0x000002c0       0x20 contiki-avr-raven.a(timer.o)
 .debug_aranges
                0x000002e0       0x20 contiki-avr-raven.a(etimer.o)
 .debug_aranges
                0x00000300       0x20 contiki-avr-raven.a(ctimer.o)
 .debug_aranges
                0x00000320       0x20 contiki-avr-raven.a(rtimer.o)
 .debug_aranges
                0x00000340       0x20 contiki-avr-raven.a(stimer.o)
 .debug_aranges
                0x00000360       0x20 contiki-avr-raven.a(random.o)
 .debug_aranges
                0x00000380       0x20 contiki-avr-raven.a(packetbuf.o)
 .debug_aranges
                0x000003a0       0x20 contiki-avr-raven.a(queuebuf.o)
 .debug_aranges
                0x000003c0       0x20 contiki-avr-raven.a(sicslowpan.o)
 .debug_aranges
                0x000003e0       0x20 contiki-avr-raven.a(rtimer-arch.o)
 .debug_aranges
                0x00000400       0x20 contiki-avr-raven.a(frame802154.o)
 .debug_aranges
                0x00000420       0x20 contiki-avr-raven.a(list.o)

.debug_pubnames
                0x00000000     0x1acd
 *(.debug_pubnames)
 .debug_pubnames
                0x00000000       0x41 udp-server.co
 .debug_pubnames
                0x00000041       0x48 contiki-avr-raven.a(uip-debug.o)
 .debug_pubnames
                0x00000089      0x228 contiki-avr-raven.a(uip6.o)
 .debug_pubnames
                0x000002b1      0x165 contiki-avr-raven.a(tcpip.o)
 .debug_pubnames
                0x00000416       0x44 contiki-avr-raven.a(uip-udp-packet.)
 .debug_pubnames
                0x0000045a       0x27 contiki-avr-raven.a(uip-split.o)
 .debug_pubnames
                0x00000481       0x61 contiki-avr-raven.a(uip-icmp6.o)
 .debug_pubnames
                0x000004e2       0x7d contiki-avr-raven.a(uip-nd6.o)
 .debug_pubnames
                0x0000055f       0xaf contiki-avr-raven.a(uip-packetqueue)
 .debug_pubnames
                0x0000060e      0x3eb contiki-avr-raven.a(uip-ds6.o)
 .debug_pubnames
                0x000009f9       0x98 contiki-avr-raven.a(contiki-raven-m)
 .debug_pubnames
                0x00000a91       0xbd contiki-avr-raven.a(clock.o)
 .debug_pubnames
                0x00000b4e       0xff contiki-avr-raven.a(rs232.o)
 .debug_pubnames
                0x00000c4d       0x73 contiki-avr-raven.a(watchdog.o)
 .debug_pubnames
                0x00000cc0      0x297 contiki-avr-raven.a(rf230bb.o)
 .debug_pubnames
                0x00000f57       0xc6 contiki-avr-raven.a(halbb.o)
 .debug_pubnames
                0x0000101d       0x79 contiki-avr-raven.a(rimeaddr.o)
 .debug_pubnames
                0x00001096       0x20 contiki-avr-raven.a(rimestats.o)
 .debug_pubnames
                0x000010b6       0x25 contiki-avr-raven.a(nullmac.o)
 .debug_pubnames
                0x000010db       0x28 contiki-avr-raven.a(sicslowmac.o)
 .debug_pubnames
                0x00001103       0xf7 contiki-avr-raven.a(process.o)
 .debug_pubnames
                0x000011fa       0x39 contiki-avr-raven.a(autostart.o)
 .debug_pubnames
                0x00001233       0x4d contiki-avr-raven.a(memb.o)
 .debug_pubnames
                0x00001280       0x68 contiki-avr-raven.a(timer.o)
 .debug_pubnames
                0x000012e8      0x109 contiki-avr-raven.a(etimer.o)
 .debug_pubnames
                0x000013f1       0x8b contiki-avr-raven.a(ctimer.o)
 .debug_pubnames
                0x0000147c       0x45 contiki-avr-raven.a(rtimer.o)
 .debug_pubnames
                0x000014c1       0x80 contiki-avr-raven.a(stimer.o)
 .debug_pubnames
                0x00001541       0x32 contiki-avr-raven.a(random.o)
 .debug_pubnames
                0x00001573      0x280 contiki-avr-raven.a(packetbuf.o)
 .debug_pubnames
                0x000017f3       0xd7 contiki-avr-raven.a(queuebuf.o)
 .debug_pubnames
                0x000018ca       0x9a contiki-avr-raven.a(sicslowpan.o)
 .debug_pubnames
                0x00001964       0x50 contiki-avr-raven.a(rtimer-arch.o)
 .debug_pubnames
                0x000019b4       0x56 contiki-avr-raven.a(frame802154.o)
 .debug_pubnames
                0x00001a0a       0xc3 contiki-avr-raven.a(list.o)

.debug_info     0x00000000     0xc839
 *(.debug_info)
 .debug_info    0x00000000      0x80e udp-server.co
 .debug_info    0x0000080e      0x1c3 contiki-avr-raven.a(uip-debug.o)
 .debug_info    0x000009d1     0x1074 contiki-avr-raven.a(uip6.o)
 .debug_info    0x00001a45     0x1241 contiki-avr-raven.a(tcpip.o)
 .debug_info    0x00002c86      0x3b6 contiki-avr-raven.a(uip-udp-packet.)
 .debug_info    0x0000303c      0x2e8 contiki-avr-raven.a(uip-split.o)
 .debug_info    0x00003324      0x557 contiki-avr-raven.a(uip-icmp6.o)
 .debug_info    0x0000387b      0xc02 contiki-avr-raven.a(uip-nd6.o)
 .debug_info    0x0000447d      0x4c5 contiki-avr-raven.a(uip-packetqueue)
 .debug_info    0x00004942     0x1243 contiki-avr-raven.a(uip-ds6.o)
 .debug_info    0x00005b85      0x80f contiki-avr-raven.a(contiki-raven-m)
 .debug_info    0x00006394      0x297 contiki-avr-raven.a(clock.o)
 .debug_info    0x0000662b      0x5d6 contiki-avr-raven.a(rs232.o)
 .debug_info    0x00006c01       0xed contiki-avr-raven.a(watchdog.o)
 .debug_info    0x00006cee     0x110a contiki-avr-raven.a(rf230bb.o)
 .debug_info    0x00007df8      0x44b contiki-avr-raven.a(halbb.o)
 .debug_info    0x00008243      0x1bf contiki-avr-raven.a(rimeaddr.o)
 .debug_info    0x00008402      0x146 contiki-avr-raven.a(rimestats.o)
 .debug_info    0x00008548      0x2f9 contiki-avr-raven.a(nullmac.o)
 .debug_info    0x00008841      0x7c2 contiki-avr-raven.a(sicslowmac.o)
 .debug_info    0x00009003      0x51b contiki-avr-raven.a(process.o)
 .debug_info    0x0000951e      0x1af contiki-avr-raven.a(autostart.o)
 .debug_info    0x000096cd      0x1af contiki-avr-raven.a(memb.o)
 .debug_info    0x0000987c      0x17b contiki-avr-raven.a(timer.o)
 .debug_info    0x000099f7      0x4ed contiki-avr-raven.a(etimer.o)
 .debug_info    0x00009ee4      0x459 contiki-avr-raven.a(ctimer.o)
 .debug_info    0x0000a33d      0x1b3 contiki-avr-raven.a(rtimer.o)
 .debug_info    0x0000a4f0      0x18f contiki-avr-raven.a(stimer.o)
 .debug_info    0x0000a67f       0xa1 contiki-avr-raven.a(random.o)
 .debug_info    0x0000a720      0x6dd contiki-avr-raven.a(packetbuf.o)
 .debug_info    0x0000adfd      0x50f contiki-avr-raven.a(queuebuf.o)
 .debug_info    0x0000b30c      0xc3f contiki-avr-raven.a(sicslowpan.o)
 .debug_info    0x0000bf4b       0xef contiki-avr-raven.a(rtimer-arch.o)
 .debug_info    0x0000c03a      0x48a contiki-avr-raven.a(frame802154.o)
 .debug_info    0x0000c4c4      0x375 contiki-avr-raven.a(list.o)
 *(.gnu.linkonce.wi.*)

.debug_abbrev   0x00000000     0x3d96
 *(.debug_abbrev)
 .debug_abbrev  0x00000000      0x220 udp-server.co
 .debug_abbrev  0x00000220       0xd1 contiki-avr-raven.a(uip-debug.o)
 .debug_abbrev  0x000002f1      0x302 contiki-avr-raven.a(uip6.o)
 .debug_abbrev  0x000005f3      0x403 contiki-avr-raven.a(tcpip.o)
 .debug_abbrev  0x000009f6      0x1aa contiki-avr-raven.a(uip-udp-packet.)
 .debug_abbrev  0x00000ba0      0x107 contiki-avr-raven.a(uip-split.o)
 .debug_abbrev  0x00000ca7      0x154 contiki-avr-raven.a(uip-icmp6.o)
 .debug_abbrev  0x00000dfb      0x253 contiki-avr-raven.a(uip-nd6.o)
 .debug_abbrev  0x0000104e      0x1ad contiki-avr-raven.a(uip-packetqueue)
 .debug_abbrev  0x000011fb      0x315 contiki-avr-raven.a(uip-ds6.o)
 .debug_abbrev  0x00001510      0x294 contiki-avr-raven.a(contiki-raven-m)
 .debug_abbrev  0x000017a4      0x174 contiki-avr-raven.a(clock.o)
 .debug_abbrev  0x00001918      0x2aa contiki-avr-raven.a(rs232.o)
 .debug_abbrev  0x00001bc2       0x92 contiki-avr-raven.a(watchdog.o)
 .debug_abbrev  0x00001c54      0x388 contiki-avr-raven.a(rf230bb.o)
 .debug_abbrev  0x00001fdc      0x1d3 contiki-avr-raven.a(halbb.o)
 .debug_abbrev  0x000021af      0x164 contiki-avr-raven.a(rimeaddr.o)
 .debug_abbrev  0x00002313       0x5d contiki-avr-raven.a(rimestats.o)
 .debug_abbrev  0x00002370      0x15a contiki-avr-raven.a(nullmac.o)
 .debug_abbrev  0x000024ca      0x244 contiki-avr-raven.a(sicslowmac.o)
 .debug_abbrev  0x0000270e      0x2b6 contiki-avr-raven.a(process.o)
 .debug_abbrev  0x000029c4       0xf3 contiki-avr-raven.a(autostart.o)
 .debug_abbrev  0x00002ab7       0xe0 contiki-avr-raven.a(memb.o)
 .debug_abbrev  0x00002b97       0xce contiki-avr-raven.a(timer.o)
 .debug_abbrev  0x00002c65      0x215 contiki-avr-raven.a(etimer.o)
 .debug_abbrev  0x00002e7a      0x1c0 contiki-avr-raven.a(ctimer.o)
 .debug_abbrev  0x0000303a      0x126 contiki-avr-raven.a(rtimer.o)
 .debug_abbrev  0x00003160       0xb4 contiki-avr-raven.a(stimer.o)
 .debug_abbrev  0x00003214       0x65 contiki-avr-raven.a(random.o)
 .debug_abbrev  0x00003279      0x263 contiki-avr-raven.a(packetbuf.o)
 .debug_abbrev  0x000034dc      0x1a5 contiki-avr-raven.a(queuebuf.o)
 .debug_abbrev  0x00003681      0x332 contiki-avr-raven.a(sicslowpan.o)
 .debug_abbrev  0x000039b3       0x81 contiki-avr-raven.a(rtimer-arch.o)
 .debug_abbrev  0x00003a34      0x1a1 contiki-avr-raven.a(frame802154.o)
 .debug_abbrev  0x00003bd5      0x1c1 contiki-avr-raven.a(list.o)

.debug_line     0x00000000     0x7ef4
 *(.debug_line)
 .debug_line    0x00000000      0x207 udp-server.co
 .debug_line    0x00000207      0x174 contiki-avr-raven.a(uip-debug.o)
 .debug_line    0x0000037b     0x1112 contiki-avr-raven.a(uip6.o)
 .debug_line    0x0000148d      0x719 contiki-avr-raven.a(tcpip.o)
 .debug_line    0x00001ba6      0x193 contiki-avr-raven.a(uip-udp-packet.)
 .debug_line    0x00001d39      0x170 contiki-avr-raven.a(uip-split.o)
 .debug_line    0x00001ea9      0x315 contiki-avr-raven.a(uip-icmp6.o)
 .debug_line    0x000021be      0x883 contiki-avr-raven.a(uip-nd6.o)
 .debug_line    0x00002a41      0x23d contiki-avr-raven.a(uip-packetqueue)
 .debug_line    0x00002c7e      0xb00 contiki-avr-raven.a(uip-ds6.o)
 .debug_line    0x0000377e      0x396 contiki-avr-raven.a(contiki-raven-m)
 .debug_line    0x00003b14      0x21b contiki-avr-raven.a(clock.o)
 .debug_line    0x00003d2f      0x383 contiki-avr-raven.a(rs232.o)
 .debug_line    0x000040b2       0xee contiki-avr-raven.a(watchdog.o)
 .debug_line    0x000041a0      0xb68 contiki-avr-raven.a(rf230bb.o)
 .debug_line    0x00004d08      0x36a contiki-avr-raven.a(halbb.o)
 .debug_line    0x00005072      0x113 contiki-avr-raven.a(rimeaddr.o)
 .debug_line    0x00005185       0x70 contiki-avr-raven.a(rimestats.o)
 .debug_line    0x000051f5      0x119 contiki-avr-raven.a(nullmac.o)
 .debug_line    0x0000530e      0x31a contiki-avr-raven.a(sicslowmac.o)
 .debug_line    0x00005628      0x3b9 contiki-avr-raven.a(process.o)
 .debug_line    0x000059e1       0xd2 contiki-avr-raven.a(autostart.o)
 .debug_line    0x00005ab3      0x125 contiki-avr-raven.a(memb.o)
 .debug_line    0x00005bd8      0x114 contiki-avr-raven.a(timer.o)
 .debug_line    0x00005cec      0x383 contiki-avr-raven.a(etimer.o)
 .debug_line    0x0000606f      0x2ec contiki-avr-raven.a(ctimer.o)
 .debug_line    0x0000635b       0xf9 contiki-avr-raven.a(rtimer.o)
 .debug_line    0x00006454      0x105 contiki-avr-raven.a(stimer.o)
 .debug_line    0x00006559       0x8b contiki-avr-raven.a(random.o)
 .debug_line    0x000065e4      0x3f5 contiki-avr-raven.a(packetbuf.o)
 .debug_line    0x000069d9      0x282 contiki-avr-raven.a(queuebuf.o)
 .debug_line    0x00006c5b      0xb3a contiki-avr-raven.a(sicslowpan.o)
 .debug_line    0x00007795      0x175 contiki-avr-raven.a(rtimer-arch.o)
 .debug_line    0x0000790a      0x38a contiki-avr-raven.a(frame802154.o)
 .debug_line    0x00007c94      0x260 contiki-avr-raven.a(list.o)

.debug_frame    0x00000000     0x1490
 *(.debug_frame)
 .debug_frame   0x00000000       0x20 udp-server.co
 .debug_frame   0x00000020       0x30 contiki-avr-raven.a(uip-debug.o)
 .debug_frame   0x00000050      0x140 contiki-avr-raven.a(uip6.o)
 .debug_frame   0x00000190      0x130 contiki-avr-raven.a(tcpip.o)
 .debug_frame   0x000002c0       0x30 contiki-avr-raven.a(uip-udp-packet.)
 .debug_frame   0x000002f0       0x20 contiki-avr-raven.a(uip-split.o)
 .debug_frame   0x00000310       0x40 contiki-avr-raven.a(uip-icmp6.o)
 .debug_frame   0x00000350       0x70 contiki-avr-raven.a(uip-nd6.o)
 .debug_frame   0x000003c0       0x80 contiki-avr-raven.a(uip-packetqueue)
 .debug_frame   0x00000440      0x250 contiki-avr-raven.a(uip-ds6.o)
 .debug_frame   0x00000690       0x40 contiki-avr-raven.a(contiki-raven-m)
 .debug_frame   0x000006d0       0xa0 contiki-avr-raven.a(clock.o)
 .debug_frame   0x00000770       0xe0 contiki-avr-raven.a(rs232.o)
 .debug_frame   0x00000850       0x60 contiki-avr-raven.a(watchdog.o)
 .debug_frame   0x000008b0      0x1e0 contiki-avr-raven.a(rf230bb.o)
 .debug_frame   0x00000a90       0xa0 contiki-avr-raven.a(halbb.o)
 .debug_frame   0x00000b30       0x40 contiki-avr-raven.a(rimeaddr.o)
 .debug_frame   0x00000b70       0x70 contiki-avr-raven.a(nullmac.o)
 .debug_frame   0x00000be0       0x70 contiki-avr-raven.a(sicslowmac.o)
 .debug_frame   0x00000c50       0xe0 contiki-avr-raven.a(process.o)
 .debug_frame   0x00000d30       0x30 contiki-avr-raven.a(autostart.o)
 .debug_frame   0x00000d60       0x50 contiki-avr-raven.a(memb.o)
 .debug_frame   0x00000db0       0x60 contiki-avr-raven.a(timer.o)
 .debug_frame   0x00000e10       0xf0 contiki-avr-raven.a(etimer.o)
 .debug_frame   0x00000f00       0x80 contiki-avr-raven.a(ctimer.o)
 .debug_frame   0x00000f80       0x40 contiki-avr-raven.a(rtimer.o)
 .debug_frame   0x00000fc0       0x70 contiki-avr-raven.a(stimer.o)
 .debug_frame   0x00001030       0x30 contiki-avr-raven.a(random.o)
 .debug_frame   0x00001060      0x1a0 contiki-avr-raven.a(packetbuf.o)
 .debug_frame   0x00001200       0xa0 contiki-avr-raven.a(queuebuf.o)
 .debug_frame   0x000012a0       0x90 contiki-avr-raven.a(sicslowpan.o)
 .debug_frame   0x00001330       0x40 contiki-avr-raven.a(rtimer-arch.o)
 .debug_frame   0x00001370       0x50 contiki-avr-raven.a(frame802154.o)
 .debug_frame   0x000013c0       0xd0 contiki-avr-raven.a(list.o)

.debug_str      0x00000000     0x316c
 *(.debug_str)
 .debug_str     0x00000000      0x358 udp-server.co
                                0x401 (size before relaxing)
 .debug_str     0x00000358       0x73 contiki-avr-raven.a(uip-debug.o)
                                0x157 (size before relaxing)
 .debug_str     0x000003cb      0x415 contiki-avr-raven.a(uip6.o)
                                0x7db (size before relaxing)
 .debug_str     0x000007e0      0x2f6 contiki-avr-raven.a(tcpip.o)
                                0x7fe (size before relaxing)
 .debug_str     0x00000ad6       0x68 contiki-avr-raven.a(uip-udp-packet.)
                                0x222 (size before relaxing)
 .debug_str     0x00000b3e       0x3d contiki-avr-raven.a(uip-split.o)
                                0x1d1 (size before relaxing)
 .debug_str     0x00000b7b       0x7f contiki-avr-raven.a(uip-icmp6.o)
                                0x366 (size before relaxing)
 .debug_str     0x00000bfa      0x1e4 contiki-avr-raven.a(uip-nd6.o)
                                0x658 (size before relaxing)
 .debug_str     0x00000dde       0xf1 contiki-avr-raven.a(uip-packetqueue)
                                0x2c5 (size before relaxing)
 .debug_str     0x00000ecf      0x3ee contiki-avr-raven.a(uip-ds6.o)
                                0x8c4 (size before relaxing)
 .debug_str     0x000012bd      0x1d3 contiki-avr-raven.a(contiki-raven-m)
                                0x393 (size before relaxing)
 .debug_str     0x00001490       0xaf contiki-avr-raven.a(clock.o)
                                0x198 (size before relaxing)
 .debug_str     0x0000153f      0x195 contiki-avr-raven.a(rs232.o)
                                0x277 (size before relaxing)
 .debug_str     0x000016d4       0x70 contiki-avr-raven.a(watchdog.o)
                                0x111 (size before relaxing)
 .debug_str     0x00001744      0x974 contiki-avr-raven.a(rf230bb.o)
                                0xbf1 (size before relaxing)
 .debug_str     0x000020b8      0x125 contiki-avr-raven.a(halbb.o)
                                0x244 (size before relaxing)
 .debug_str     0x000021dd       0x7e contiki-avr-raven.a(rimeaddr.o)
                                0x147 (size before relaxing)
 .debug_str     0x0000225b       0x20 contiki-avr-raven.a(rimestats.o)
                                 0xff (size before relaxing)
 .debug_str     0x0000227b       0x37 contiki-avr-raven.a(nullmac.o)
                                0x195 (size before relaxing)
 .debug_str     0x000022b2      0x21d contiki-avr-raven.a(sicslowmac.o)
                                0x704 (size before relaxing)
 .debug_str     0x000024cf      0x156 contiki-avr-raven.a(process.o)
                                0x280 (size before relaxing)
 .debug_str     0x00002625       0x3a contiki-avr-raven.a(autostart.o)
                                0x14a (size before relaxing)
 .debug_str     0x0000265f       0x46 contiki-avr-raven.a(memb.o)
                                0x10f (size before relaxing)
 .debug_str     0x000026a5       0x17 contiki-avr-raven.a(timer.o)
                                0x134 (size before relaxing)
 .debug_str     0x000026bc      0x12d contiki-avr-raven.a(etimer.o)
                                0x29f (size before relaxing)
 .debug_str     0x000027e9       0xc0 contiki-avr-raven.a(ctimer.o)
                                0x233 (size before relaxing)
 .debug_str     0x000028a9       0xb3 contiki-avr-raven.a(rtimer.o)
                                0x18c (size before relaxing)
 .debug_str     0x0000295c       0x6e contiki-avr-raven.a(stimer.o)
                                0x138 (size before relaxing)
 .debug_str     0x000029ca       0x35 contiki-avr-raven.a(random.o)
                                 0xe9 (size before relaxing)
 .debug_str     0x000029ff      0x24d contiki-avr-raven.a(packetbuf.o)
                                0x63b (size before relaxing)
 .debug_str     0x00002c4c      0x108 contiki-avr-raven.a(queuebuf.o)
                                0x533 (size before relaxing)
 .debug_str     0x00002d54      0x25e contiki-avr-raven.a(sicslowpan.o)
                                0x830 (size before relaxing)
 .debug_str     0x00002fb2       0x50 contiki-avr-raven.a(rtimer-arch.o)
                                0x125 (size before relaxing)
 .debug_str     0x00003002       0xc2 contiki-avr-raven.a(frame802154.o)
                                0x308 (size before relaxing)
 .debug_str     0x000030c4       0xa8 contiki-avr-raven.a(list.o)
                                 0xfd (size before relaxing)

.debug_loc      0x00000000     0x4bd1
 *(.debug_loc)
 .debug_loc     0x00000000       0xcf udp-server.co
 .debug_loc     0x000000cf       0xe0 contiki-avr-raven.a(uip-debug.o)
 .debug_loc     0x000001af      0x5a1 contiki-avr-raven.a(uip6.o)
 .debug_loc     0x00000750      0x63d contiki-avr-raven.a(tcpip.o)
 .debug_loc     0x00000d8d      0x178 contiki-avr-raven.a(uip-udp-packet.)
 .debug_loc     0x00000f05      0x121 contiki-avr-raven.a(uip-icmp6.o)
 .debug_loc     0x00001026      0x189 contiki-avr-raven.a(uip-nd6.o)
 .debug_loc     0x000011af      0x118 contiki-avr-raven.a(uip-packetqueue)
 .debug_loc     0x000012c7      0xd0b contiki-avr-raven.a(uip-ds6.o)
 .debug_loc     0x00001fd2       0x80 contiki-avr-raven.a(contiki-raven-m)
 .debug_loc     0x00002052       0x97 contiki-avr-raven.a(clock.o)
 .debug_loc     0x000020e9      0x163 contiki-avr-raven.a(rs232.o)
 .debug_loc     0x0000224c      0x6ca contiki-avr-raven.a(rf230bb.o)
 .debug_loc     0x00002916      0x2a4 contiki-avr-raven.a(halbb.o)
 .debug_loc     0x00002bba       0x78 contiki-avr-raven.a(rimeaddr.o)
 .debug_loc     0x00002c32       0x48 contiki-avr-raven.a(nullmac.o)
 .debug_loc     0x00002c7a      0x106 contiki-avr-raven.a(sicslowmac.o)
 .debug_loc     0x00002d80      0x314 contiki-avr-raven.a(process.o)
 .debug_loc     0x00003094       0x30 contiki-avr-raven.a(autostart.o)
 .debug_loc     0x000030c4       0xf0 contiki-avr-raven.a(memb.o)
 .debug_loc     0x000031b4       0xd0 contiki-avr-raven.a(timer.o)
 .debug_loc     0x00003284      0x3ce contiki-avr-raven.a(etimer.o)
 .debug_loc     0x00003652      0x2e1 contiki-avr-raven.a(ctimer.o)
 .debug_loc     0x00003933       0xd8 contiki-avr-raven.a(rtimer.o)
 .debug_loc     0x00003a0b       0xfe contiki-avr-raven.a(stimer.o)
 .debug_loc     0x00003b09       0x18 contiki-avr-raven.a(random.o)
 .debug_loc     0x00003b21      0x2bc contiki-avr-raven.a(packetbuf.o)
 .debug_loc     0x00003ddd      0x173 contiki-avr-raven.a(queuebuf.o)
 .debug_loc     0x00003f50      0x6ce contiki-avr-raven.a(sicslowpan.o)
 .debug_loc     0x0000461e       0x18 contiki-avr-raven.a(rtimer-arch.o)
 .debug_loc     0x00004636      0x24b contiki-avr-raven.a(frame802154.o)
 .debug_loc     0x00004881      0x350 contiki-avr-raven.a(list.o)

.debug_macinfo
 *(.debug_macinfo)
OUTPUT(udp-server.avr-raven elf32-avr)
LOAD linker stubs

.bootloader     0x0001f800        0x0

.debug_ranges   0x00000000      0x180
 .debug_ranges  0x00000000       0x48 udp-server.co
 .debug_ranges  0x00000048       0x28 contiki-avr-raven.a(tcpip.o)
 .debug_ranges  0x00000070       0x18 contiki-avr-raven.a(contiki-raven-m)
 .debug_ranges  0x00000088       0x18 contiki-avr-raven.a(rs232.o)
 .debug_ranges  0x000000a0       0xe0 contiki-avr-raven.a(sicslowpan.o)
