Archive member included because of file (symbol)

contiki-minimal-net.a(uip-debug.o)
                              dtls-server.co (uip_debug_ipaddr_print)
contiki-minimal-net.a(uip6.o)
                              dtls-server.co (uip_aligned_buf)
contiki-minimal-net.a(tcpip.o)
                              contiki-minimal-net.a(uip6.o) (tcpip_uipcall)
contiki-minimal-net.a(uip-udp-packet.)
                              dtls-server.co (uip_udp_packet_send)
contiki-minimal-net.a(uip-icmp6.o)
                              contiki-minimal-net.a(uip6.o) (uip_icmp6_error_output)
contiki-minimal-net.a(uip-nd6.o)
                              contiki-minimal-net.a(uip6.o) (uip_nd6_ra_input)
contiki-minimal-net.a(uip-packetqueue)
                              contiki-minimal-net.a(tcpip.o) (uip_packetqueue_buf)
contiki-minimal-net.a(uip-ds6.o)
                              contiki-minimal-net.a(uip-nd6.o) (uip_ds6_defrt_rm)
contiki-minimal-net.a(dtls.o)
                              dtls-server.co (dtls_set_psk)
contiki-minimal-net.a(crypto.o)
                              contiki-minimal-net.a(dtls.o) (dtls_cipher_free)
contiki-minimal-net.a(hmac.o)
                              contiki-minimal-net.a(dtls.o) (dtls_hmac_update)
contiki-minimal-net.a(debug.o)
                              dtls-server.co (set_log_level)
contiki-minimal-net.a(rijndael.o)
                              contiki-minimal-net.a(crypto.o) (rijndael_set_key_enc_only)
contiki-minimal-net.a(sha2.o)
                              contiki-minimal-net.a(dtls.o) (SHA256_Final)
contiki-minimal-net.a(ccm.o)  contiki-minimal-net.a(crypto.o) (dtls_ccm_encrypt_message)
contiki-minimal-net.a(netq.o)
                              contiki-minimal-net.a(dtls.o) (netq_node_free)
contiki-minimal-net.a(contiki-main.o)
                              /usr/lib/gcc/x86_64-linux-gnu/4.4.3/../../../../lib/crt1.o (main)
contiki-minimal-net.a(clock.o)
                              contiki-minimal-net.a(uip-ds6.o) (clock_time)
contiki-minimal-net.a(tapdev-drv.o)
                              contiki-minimal-net.a(contiki-main.o) (tapdev_process)
contiki-minimal-net.a(tapdev6.o)
                              contiki-minimal-net.a(tapdev-drv.o) (tapdev_exit)
contiki-minimal-net.a(process.o)
                              contiki-minimal-net.a(tcpip.o) (process_alloc_event)
contiki-minimal-net.a(procinit.o)
                              contiki-minimal-net.a(contiki-main.o) (procinit_init)
contiki-minimal-net.a(autostart.o)
                              contiki-minimal-net.a(contiki-main.o) (autostart_start)
contiki-minimal-net.a(serial-line.o)
                              contiki-minimal-net.a(contiki-main.o) (serial_line_process)
contiki-minimal-net.a(memb.o)
                              contiki-minimal-net.a(uip-packetqueue) (memb_alloc)
contiki-minimal-net.a(timer.o)
                              contiki-minimal-net.a(uip-ds6.o) (timer_expired)
contiki-minimal-net.a(list.o)
                              contiki-minimal-net.a(dtls.o) (list_init)
contiki-minimal-net.a(etimer.o)
                              contiki-minimal-net.a(tcpip.o) (etimer_expired)
contiki-minimal-net.a(ctimer.o)
                              contiki-minimal-net.a(uip-packetqueue) (ctimer_stop)
contiki-minimal-net.a(stimer.o)
                              contiki-minimal-net.a(uip-nd6.o) (stimer_remaining)
contiki-minimal-net.a(random.o)
                              contiki-minimal-net.a(uip-ds6.o) (random_rand)
contiki-minimal-net.a(ringbuf.o)
                              contiki-minimal-net.a(serial-line.o) (ringbuf_init)
contiki-minimal-net.a(uiplib.o)
                              contiki-minimal-net.a(contiki-main.o) (uiplib_ipaddrconv)
/usr/lib/libc_nonshared.a(elf-init.oS)
                              /usr/lib/gcc/x86_64-linux-gnu/4.4.3/../../../../lib/crt1.o (__libc_csu_fini)

Allocating common symbols
Common symbol       size              file

uip_acc32           0x4               contiki-minimal-net.a(uip6.o)
uip_next_hdr        0x8               contiki-minimal-net.a(uip6.o)
serial_line_event_message
                    0x1               contiki-minimal-net.a(serial-line.o)
uip_ds6_timer_periodic
                    0x20              contiki-minimal-net.a(uip-ds6.o)
uip_conns           0x8c0             contiki-minimal-net.a(uip6.o)
the_dtls_context    0x148             contiki-minimal-net.a(dtls.o)
uip_slen            0x2               contiki-minimal-net.a(uip6.o)
uip_appdata         0x8               contiki-minimal-net.a(uip6.o)
uip_len             0x2               contiki-minimal-net.a(uip6.o)
uip_listenports     0x50              contiki-minimal-net.a(uip6.o)
uip_sappdata        0x8               contiki-minimal-net.a(uip6.o)
uip_udp_conns       0x190             contiki-minimal-net.a(uip6.o)
uip_udp_conn        0x8               contiki-minimal-net.a(uip6.o)
uip_ds6_nbr_cache   0x1f40            contiki-minimal-net.a(uip-ds6.o)
[...]
Memory Configuration

Name             Origin             Length             Attributes
*default*        0x0000000000000000 0xffffffffffffffff

Linker script and memory map

LOAD /usr/lib/gcc/x86_64-linux-gnu/4.4.3/../../../../lib/crt1.o
LOAD /usr/lib/gcc/x86_64-linux-gnu/4.4.3/../../../../lib/crti.o
LOAD /usr/lib/gcc/x86_64-linux-gnu/4.4.3/crtbegin.o
LOAD dtls-server.co
LOAD contiki-minimal-net.a
LOAD /usr/lib/gcc/x86_64-linux-gnu/4.4.3/libgcc.a
LOAD /usr/lib/gcc/x86_64-linux-gnu/4.4.3/libgcc_s.so
LOAD /usr/lib/gcc/x86_64-linux-gnu/4.4.3/../../../../lib/libc.so
START GROUP
LOAD /lib/libc.so.6
LOAD /usr/lib/libc_nonshared.a
LOAD /lib/ld-linux-x86-64.so.2
END GROUP
LOAD /usr/lib/gcc/x86_64-linux-gnu/4.4.3/libgcc.a
LOAD /usr/lib/gcc/x86_64-linux-gnu/4.4.3/libgcc_s.so
LOAD /usr/lib/gcc/x86_64-linux-gnu/4.4.3/crtend.o
LOAD /usr/lib/gcc/x86_64-linux-gnu/4.4.3/../../../../lib/crtn.o
                0x0000000000400000                PROVIDE (__executable_start, 0x400000)
                0x0000000000400238                . = (0x400000 + SIZEOF_HEADERS)

.interp         0x0000000000400238       0x1c
 *(.interp)
 .interp        0x0000000000400238       0x1c /usr/lib/gcc/x86_64-linux-gnu/4.4.3/../../../../lib/crt1.o

.note.ABI-tag   0x0000000000400254       0x20
 .note.ABI-tag  0x0000000000400254       0x20 /usr/lib/gcc/x86_64-linux-gnu/4.4.3/../../../../lib/crt1.o

.note.gnu.build-id
                0x0000000000400274       0x24
 *(.note.gnu.build-id)
 .note.gnu.build-id
                0x0000000000400274       0x24 /usr/lib/gcc/x86_64-linux-gnu/4.4.3/../../../../lib/crt1.o

.hash           0x0000000000400298      0x918
 *(.hash)
 .hash          0x0000000000400298      0x918 /usr/lib/gcc/x86_64-linux-gnu/4.4.3/../../../../lib/crt1.o

.gnu.hash       0x0000000000400bb0      0x9b4
 *(.gnu.hash)
 .gnu.hash      0x0000000000400bb0      0x9b4 /usr/lib/gcc/x86_64-linux-gnu/4.4.3/../../../../lib/crt1.o

.dynsym         0x0000000000401568     0x1db8
 *(.dynsym)
 .dynsym        0x0000000000401568     0x1db8 /usr/lib/gcc/x86_64-linux-gnu/4.4.3/../../../../lib/crt1.o

.dynstr         0x0000000000403320     0x11a7
 *(.dynstr)
 .dynstr        0x0000000000403320     0x11a7 /usr/lib/gcc/x86_64-linux-gnu/4.4.3/../../../../lib/crt1.o

.gnu.version    0x00000000004044c8      0x27a
 *(.gnu.version)
 .gnu.version   0x00000000004044c8      0x27a /usr/lib/gcc/x86_64-linux-gnu/4.4.3/../../../../lib/crt1.o

.gnu.version_d  0x0000000000404748        0x0 load address 0x0000000000404742
 *(.gnu.version_d)
 .gnu.version_d
                0x0000000000000000        0x0 /usr/lib/gcc/x86_64-linux-gnu/4.4.3/../../../../lib/crt1.o

.gnu.version_r  0x0000000000404748       0x40
 *(.gnu.version_r)
 .gnu.version_r
                0x0000000000404748       0x40 /usr/lib/gcc/x86_64-linux-gnu/4.4.3/../../../../lib/crt1.o

.rela.dyn       0x0000000000404788       0x30
 *(.rela.init)
 *(.rela.text .rela.text.* .rela.gnu.linkonce.t.*)
 .rela.text     0x0000000000000000        0x0 /usr/lib/gcc/x86_64-linux-gnu/4.4.3/../../../../lib/crt1.o
 .rela.text.read_from_peer
                0x0000000000000000        0x0 /usr/lib/gcc/x86_64-linux-gnu/4.4.3/../../../../lib/crt1.o
 .rela.text.init_dtls
                0x0000000000000000        0x0 /usr/lib/gcc/x86_64-linux-gnu/4.4.3/../../../../lib/crt1.o
 .rela.text.process_thread_udp_server_process
                0x0000000000000000        0x0 /usr/lib/gcc/x86_64-linux-gnu/4.4.3/../../../../lib/crt1.o
 .rela.text.send_to_peer
                0x0000000000000000        0x0 /usr/lib/gcc/x86_64-linux-gnu/4.4.3/../../../../lib/crt1.o
 .rela.text.uip_debug_lladdr_print
                0x0000000000000000        0x0 /usr/lib/gcc/x86_64-linux-gnu/4.4.3/../../../../lib/crt1.o
 .rela.text.uip_debug_ipaddr_print
                0x0000000000000000        0x0 /usr/lib/gcc/x86_64-linux-gnu/4.4.3/../../../../lib/crt1.o
 .rela.text.uip_add32
                0x0000000000000000        0x0 /usr/lib/gcc/x86_64-linux-gnu/4.4.3/../../../../lib/crt1.o
 .rela.text.uip_unlisten
                0x0000000000000000        0x0 /usr/lib/gcc/x86_64-linux-gnu/4.4.3/../../../../lib/crt1.o
 .rela.text.uip_listen
                0x0000000000000000        0x0 /usr/lib/gcc/x86_64-linux-gnu/4.4.3/../../../../lib/crt1.o
 .rela.text.uip_add_rcv_nxt
                0x0000000000000000        0x0 /usr/lib/gcc/x86_64-linux-gnu/4.4.3/../../../../lib/crt1.o
 .rela.text.uip_connect
                0x0000000000000000        0x0 /usr/lib/gcc/x86_64-linux-gnu/4.4.3/../../../../lib/crt1.o
 .rela.text.upper_layer_chksum
                0x0000000000000000        0x0 /usr/lib/gcc/x86_64-linux-gnu/4.4.3/../../../../lib/crt1.o
 .rela.text.uip_ipchksum
                0x0000000000000000        0x0 /usr/lib/gcc/x86_64-linux-gnu/4.4.3/../../../../lib/crt1.o
 .rela.text.uip_send
                0x0000000000000000        0x0 /usr/lib/gcc/x86_64-linux-gnu/4.4.3/../../../../lib/crt1.o
 .rela.text.ext_hdr_options_process
                0x0000000000000000        0x0 /usr/lib/gcc/x86_64-linux-gnu/4.4.3/../../../../lib/crt1.o
 .rela.text.uip_udp_new
                0x0000000000000000        0x0 /usr/lib/gcc/x86_64-linux-gnu/4.4.3/../../../../lib/crt1.o
 .rela.text.uip_init
                0x0000000000000000        0x0 /usr/lib/gcc/x86_64-linux-gnu/4.4.3/../../../../lib/crt1.o
 .rela.text.uip_reass_over
                0x0000000000000000        0x0 /usr/lib/gcc/x86_64-linux-gnu/4.4.3/../../../../lib/crt1.o
 .rela.text.uip_process
                0x0000000000000000        0x0 /usr/lib/gcc/x86_64-linux-gnu/4.4.3/../../../../lib/crt1.o
 .rela.text.tcp_attach
                0x0000000000000000        0x0 /usr/lib/gcc/x86_64-linux-gnu/4.4.3/../../../../lib/crt1.o
 .rela.text.udp_attach
                0x0000000000000000        0x0 /usr/lib/gcc/x86_64-linux-gnu/4.4.3/../../../../lib/crt1.o
 .rela.text.tcp_unlisten
                0x0000000000000000        0x0 /usr/lib/gcc/x86_64-linux-gnu/4.4.3/../../../../lib/crt1.o
 .rela.text.start_periodic_tcp_timer
                0x0000000000000000        0x0 /usr/lib/gcc/x86_64-linux-gnu/4.4.3/../../../../lib/crt1.o
 .rela.text.tcpip_uipcall
                0x0000000000000000        0x0 /usr/lib/gcc/x86_64-linux-gnu/4.4.3/../../../../lib/crt1.o
 .rela.text.tcpip_input
                0x0000000000000000        0x0 /usr/lib/gcc/x86_64-linux-gnu/4.4.3/../../../../lib/crt1.o
 .rela.text.tcpip_poll_tcp
                0x0000000000000000        0x0 /usr/lib/gcc/x86_64-linux-gnu/4.4.3/../../../../lib/crt1.o
 .rela.text.tcpip_poll_udp
                0x0000000000000000        0x0 /usr/lib/gcc/x86_64-linux-gnu/4.4.3/../../../../lib/crt1.o
 .rela.text.tcpip_ipv6_output
                0x0000000000000000        0x0 /usr/lib/gcc/x86_64-linux-gnu/4.4.3/../../../../lib/crt1.o
 .rela.text.process_thread_tcpip_process
                0x0000000000000000        0x0 /usr/lib/gcc/x86_64-linux-gnu/4.4.3/../../../../lib/crt1.o
 .rela.text.udp_new
                0x0000000000000000        0x0 /usr/lib/gcc/x86_64-linux-gnu/4.4.3/../../../../lib/crt1.o
 .rela.text.udp_broadcast_new
                0x0000000000000000        0x0 /usr/lib/gcc/x86_64-linux-gnu/4.4.3/../../../../lib/crt1.o
 .rela.text.tcp_listen
                0x0000000000000000        0x0 /usr/lib/gcc/x86_64-linux-gnu/4.4.3/../../../../lib/crt1.o
 .rela.text.tcp_connect
                0x0000000000000000        0x0 /usr/lib/gcc/x86_64-linux-gnu/4.4.3/../../../../lib/crt1.o
 .rela.text.uip_udp_packet_send
                0x0000000000000000        0x0 /usr/lib/gcc/x86_64-linux-gnu/4.4.3/../../../../lib/crt1.o
 .rela.text.uip_udp_packet_sendto
                0x0000000000000000        0x0 /usr/lib/gcc/x86_64-linux-gnu/4.4.3/../../../../lib/crt1.o
 .rela.text.uip_icmp6_error_output
                0x0000000000000000        0x0 /usr/lib/gcc/x86_64-linux-gnu/4.4.3/../../../../lib/crt1.o
 .rela.text.uip_icmp6_echo_request_input
                0x0000000000000000        0x0 /usr/lib/gcc/x86_64-linux-gnu/4.4.3/../../../../lib/crt1.o
 .rela.text.uip_icmp6_send
                0x0000000000000000        0x0 /usr/lib/gcc/x86_64-linux-gnu/4.4.3/../../../../lib/crt1.o
 .rela.text.uip_nd6_ra_input
                0x0000000000000000        0x0 /usr/lib/gcc/x86_64-linux-gnu/4.4.3/../../../../lib/crt1.o
 .rela.text.uip_nd6_rs_output
                0x0000000000000000        0x0 /usr/lib/gcc/x86_64-linux-gnu/4.4.3/../../../../lib/crt1.o
 .rela.text.uip_nd6_ns_output
                0x0000000000000000        0x0 /usr/lib/gcc/x86_64-linux-gnu/4.4.3/../../../../lib/crt1.o
 .rela.text.uip_nd6_na_input
                0x0000000000000000        0x0 /usr/lib/gcc/x86_64-linux-gnu/4.4.3/../../../../lib/crt1.o
 .rela.text.uip_nd6_ns_input
                0x0000000000000000        0x0 /usr/lib/gcc/x86_64-linux-gnu/4.4.3/../../../../lib/crt1.o
 .rela.text.uip_packetqueue_free
                0x0000000000000000        0x0 /usr/lib/gcc/x86_64-linux-gnu/4.4.3/../../../../lib/crt1.o
 .rela.text.packet_timedout
                0x0000000000000000        0x0 /usr/lib/gcc/x86_64-linux-gnu/4.4.3/../../../../lib/crt1.o
 .rela.text.uip_packetqueue_alloc
                0x0000000000000000        0x0 /usr/lib/gcc/x86_64-linux-gnu/4.4.3/../../../../lib/crt1.o
 .rela.text.uip_ds6_get_link_local
                0x0000000000000000        0x0 /usr/lib/gcc/x86_64-linux-gnu/4.4.3/../../../../lib/crt1.o
 .rela.text.uip_ds6_get_global
                0x0000000000000000        0x0 /usr/lib/gcc/x86_64-linux-gnu/4.4.3/../../../../lib/crt1.o
 .rela.text.uip_ds6_select_src
                0x0000000000000000        0x0 /usr/lib/gcc/x86_64-linux-gnu/4.4.3/../../../../lib/crt1.o
 .rela.text.uip_ds6_compute_reachable_time
                0x0000000000000000        0x0 /usr/lib/gcc/x86_64-linux-gnu/4.4.3/../../../../lib/crt1.o
 .rela.text.uip_ds6_dad
                0x0000000000000000        0x0 /usr/lib/gcc/x86_64-linux-gnu/4.4.3/../../../../lib/crt1.o
 .rela.text.uip_ds6_route_rm_by_nexthop
                0x0000000000000000        0x0 /usr/lib/gcc/x86_64-linux-gnu/4.4.3/../../../../lib/crt1.o
 .rela.text.uip_ds6_route_lookup
                0x0000000000000000        0x0 /usr/lib/gcc/x86_64-linux-gnu/4.4.3/../../../../lib/crt1.o
 .rela.text.uip_ds6_is_addr_onlink
                0x0000000000000000        0x0 /usr/lib/gcc/x86_64-linux-gnu/4.4.3/../../../../lib/crt1.o
 .rela.text.uip_ds6_route_add
                0x0000000000000000        0x0 /usr/lib/gcc/x86_64-linux-gnu/4.4.3/../../../../lib/crt1.o
 .rela.text.uip_ds6_aaddr_lookup
                0x0000000000000000        0x0 /usr/lib/gcc/x86_64-linux-gnu/4.4.3/../../../../lib/crt1.o
 .rela.text.uip_ds6_aaddr_add
                0x0000000000000000        0x0 /usr/lib/gcc/x86_64-linux-gnu/4.4.3/../../../../lib/crt1.o
 .rela.text.uip_ds6_maddr_lookup
                0x0000000000000000        0x0 /usr/lib/gcc/x86_64-linux-gnu/4.4.3/../../../../lib/crt1.o
 .rela.text.uip_ds6_maddr_add
                0x0000000000000000        0x0 /usr/lib/gcc/x86_64-linux-gnu/4.4.3/../../../../lib/crt1.o
 .rela.text.uip_ds6_addr_lookup
                0x0000000000000000        0x0 /usr/lib/gcc/x86_64-linux-gnu/4.4.3/../../../../lib/crt1.o
 .rela.text.uip_ds6_prefix_lookup
                0x0000000000000000        0x0 /usr/lib/gcc/x86_64-linux-gnu/4.4.3/../../../../lib/crt1.o
 .rela.text.uip_ds6_defrt_lookup
                0x0000000000000000        0x0 /usr/lib/gcc/x86_64-linux-gnu/4.4.3/../../../../lib/crt1.o
 .rela.text.uip_ds6_nbr_lookup
                0x0000000000000000        0x0 /usr/lib/gcc/x86_64-linux-gnu/4.4.3/../../../../lib/crt1.o
 .rela.text.uip_ds6_defrt_choose
                0x0000000000000000        0x0 /usr/lib/gcc/x86_64-linux-gnu/4.4.3/../../../../lib/crt1.o
 .rela.text.uip_ds6_send_rs
                0x0000000000000000        0x0 /usr/lib/gcc/x86_64-linux-gnu/4.4.3/../../../../lib/crt1.o
 .rela.text.uip_ds6_addr_add
                0x0000000000000000        0x0 /usr/lib/gcc/x86_64-linux-gnu/4.4.3/../../../../lib/crt1.o
 .rela.text.uip_ds6_prefix_add
                0x0000000000000000        0x0 /usr/lib/gcc/x86_64-linux-gnu/4.4.3/../../../../lib/crt1.o
 .rela.text.uip_ds6_defrt_add
                0x0000000000000000        0x0 /usr/lib/gcc/x86_64-linux-gnu/4.4.3/../../../../lib/crt1.o
 .rela.text.uip_ds6_nbr_add
                0x0000000000000000        0x0 /usr/lib/gcc/x86_64-linux-gnu/4.4.3/../../../../lib/crt1.o
 .rela.text.uip_ds6_periodic
                0x0000000000000000        0x0 /usr/lib/gcc/x86_64-linux-gnu/4.4.3/../../../../lib/crt1.o
 .rela.text.uip_ds6_init
                0x0000000000000000        0x0 /usr/lib/gcc/x86_64-linux-gnu/4.4.3/../../../../lib/crt1.o
 .rela.text.dump
                0x0000000000000000        0x0 /usr/lib/gcc/x86_64-linux-gnu/4.4.3/../../../../lib/crt1.o
 .rela.text.hexdump
                0x0000000000000000        0x0 /usr/lib/gcc/x86_64-linux-gnu/4.4.3/../../../../lib/crt1.o
 .rela.text.is_record
                0x0000000000000000        0x0 /usr/lib/gcc/x86_64-linux-gnu/4.4.3/../../../../lib/crt1.o
 .rela.text.dtls_update_parameters
                0x0000000000000000        0x0 /usr/lib/gcc/x86_64-linux-gnu/4.4.3/../../../../lib/crt1.o
 .rela.text.dtls_free_context
                0x0000000000000000        0x0 /usr/lib/gcc/x86_64-linux-gnu/4.4.3/../../../../lib/crt1.o
 .rela.text.update_hs_hash
                0x0000000000000000        0x0 /usr/lib/gcc/x86_64-linux-gnu/4.4.3/../../../../lib/crt1.o
 .rela.text.dtls_read
                0x0000000000000000        0x0 /usr/lib/gcc/x86_64-linux-gnu/4.4.3/../../../../lib/crt1.o
 .rela.text.check_finished
                0x0000000000000000        0x0 /usr/lib/gcc/x86_64-linux-gnu/4.4.3/../../../../lib/crt1.o
 .rela.text.dtls_new_peer
                0x0000000000000000        0x0 /usr/lib/gcc/x86_64-linux-gnu/4.4.3/../../../../lib/crt1.o
 .rela.text.calculate_key_block
                0x0000000000000000        0x0 /usr/lib/gcc/x86_64-linux-gnu/4.4.3/../../../../lib/crt1.o
 .rela.text.dtls_create_cookie
                0x0000000000000000        0x0 /usr/lib/gcc/x86_64-linux-gnu/4.4.3/../../../../lib/crt1.o
 .rela.text.dtls_verify_peer
                0x0000000000000000        0x0 /usr/lib/gcc/x86_64-linux-gnu/4.4.3/../../../../lib/crt1.o
 .rela.text.dtls_init
                0x0000000000000000        0x0 /usr/lib/gcc/x86_64-linux-gnu/4.4.3/../../../../lib/crt1.o
 .rela.text.decrypt_verify
                0x0000000000000000        0x0 /usr/lib/gcc/x86_64-linux-gnu/4.4.3/../../../../lib/crt1.o
 .rela.text.dtls_get_peer
                0x0000000000000000        0x0 /usr/lib/gcc/x86_64-linux-gnu/4.4.3/../../../../lib/crt1.o
 .rela.text.dtls_prepare_record
                0x0000000000000000        0x0 /usr/lib/gcc/x86_64-linux-gnu/4.4.3/../../../../lib/crt1.o
 .rela.text.dtls_send
                0x0000000000000000        0x0 /usr/lib/gcc/x86_64-linux-gnu/4.4.3/../../../../lib/crt1.o
 .rela.text.handle_alert
                0x0000000000000000        0x0 /usr/lib/gcc/x86_64-linux-gnu/4.4.3/../../../../lib/crt1.o
 .rela.text.handle_ccs
                0x0000000000000000        0x0 /usr/lib/gcc/x86_64-linux-gnu/4.4.3/../../../../lib/crt1.o
 .rela.text.dtls_new_context
                0x0000000000000000        0x0 /usr/lib/gcc/x86_64-linux-gnu/4.4.3/../../../../lib/crt1.o
 .rela.text.dtls_send_kx
                0x0000000000000000        0x0 /usr/lib/gcc/x86_64-linux-gnu/4.4.3/../../../../lib/crt1.o
 .rela.text.dtls_send_server_finished
                0x0000000000000000        0x0 /usr/lib/gcc/x86_64-linux-gnu/4.4.3/../../../../lib/crt1.o
 .rela.text.dtls_send_server_hello
                0x0000000000000000        0x0 /usr/lib/gcc/x86_64-linux-gnu/4.4.3/../../../../lib/crt1.o
 .rela.text.dtls_connect
                0x0000000000000000        0x0 /usr/lib/gcc/x86_64-linux-gnu/4.4.3/../../../../lib/crt1.o
 .rela.text.handle_handshake
                0x0000000000000000        0x0 /usr/lib/gcc/x86_64-linux-gnu/4.4.3/../../../../lib/crt1.o
 .rela.text.dtls_handle_message
                0x0000000000000000        0x0 /usr/lib/gcc/x86_64-linux-gnu/4.4.3/../../../../lib/crt1.o
 .rela.text.dtls_dispatch
                0x0000000000000000        0x0 /usr/lib/gcc/x86_64-linux-gnu/4.4.3/../../../../lib/crt1.o
 .rela.text.dtls_cipher_free
                0x0000000000000000        0x0 /usr/lib/gcc/x86_64-linux-gnu/4.4.3/../../../../lib/crt1.o
 .rela.text.dtls_cipher_new
                0x0000000000000000        0x0 /usr/lib/gcc/x86_64-linux-gnu/4.4.3/../../../../lib/crt1.o
 .rela.text.dtls_cipher_set_iv
                0x0000000000000000        0x0 /usr/lib/gcc/x86_64-linux-gnu/4.4.3/../../../../lib/crt1.o
 .rela.text.dtls_pre_master_secret
                0x0000000000000000        0x0 /usr/lib/gcc/x86_64-linux-gnu/4.4.3/../../../../lib/crt1.o
 .rela.text.dtls_ccm_decrypt
                0x0000000000000000        0x0 /usr/lib/gcc/x86_64-linux-gnu/4.4.3/../../../../lib/crt1.o
 .rela.text.dtls_decrypt
                0x0000000000000000        0x0 /usr/lib/gcc/x86_64-linux-gnu/4.4.3/../../../../lib/crt1.o
 .rela.text.dtls_ccm_encrypt
                0x0000000000000000        0x0 /usr/lib/gcc/x86_64-linux-gnu/4.4.3/../../../../lib/crt1.o
 .rela.text.dtls_encrypt
                0x0000000000000000        0x0 /usr/lib/gcc/x86_64-linux-gnu/4.4.3/../../../../lib/crt1.o
 .rela.text.dtls_mac
                0x0000000000000000        0x0 /usr/lib/gcc/x86_64-linux-gnu/4.4.3/../../../../lib/crt1.o
 .rela.text.dtls_p_hash
                0x0000000000000000        0x0 /usr/lib/gcc/x86_64-linux-gnu/4.4.3/../../../../lib/crt1.o
 .rela.text.dtls_prf
                0x0000000000000000        0x0 /usr/lib/gcc/x86_64-linux-gnu/4.4.3/../../../../lib/crt1.o
 .rela.text.crypto_init
                0x0000000000000000        0x0 /usr/lib/gcc/x86_64-linux-gnu/4.4.3/../../../../lib/crt1.o
 .rela.text.dtls_hmac_update
                0x0000000000000000        0x0 /usr/lib/gcc/x86_64-linux-gnu/4.4.3/../../../../lib/crt1.o
 .rela.text.dtls_hmac_finalize
                0x0000000000000000        0x0 /usr/lib/gcc/x86_64-linux-gnu/4.4.3/../../../../lib/crt1.o
 .rela.text.dtls_hmac_free
                0x0000000000000000        0x0 /usr/lib/gcc/x86_64-linux-gnu/4.4.3/../../../../lib/crt1.o
 .rela.text.dtls_hmac_init
                0x0000000000000000        0x0 /usr/lib/gcc/x86_64-linux-gnu/4.4.3/../../../../lib/crt1.o
 .rela.text.dtls_hmac_new
                0x0000000000000000        0x0 /usr/lib/gcc/x86_64-linux-gnu/4.4.3/../../../../lib/crt1.o
 .rela.text.dtls_hmac_storage_init
                0x0000000000000000        0x0 /usr/lib/gcc/x86_64-linux-gnu/4.4.3/../../../../lib/crt1.o
 .rela.text.dsrv_log
                0x0000000000000000        0x0 /usr/lib/gcc/x86_64-linux-gnu/4.4.3/../../../../lib/crt1.o
 .rela.text.dsrv_print_addr
                0x0000000000000000        0x0 /usr/lib/gcc/x86_64-linux-gnu/4.4.3/../../../../lib/crt1.o
 .rela.text.SHA256_Final
                0x0000000000000000        0x0 /usr/lib/gcc/x86_64-linux-gnu/4.4.3/../../../../lib/crt1.o
 .rela.text.SHA256_Update
                0x0000000000000000        0x0 /usr/lib/gcc/x86_64-linux-gnu/4.4.3/../../../../lib/crt1.o
 .rela.text.SHA256_End
                0x0000000000000000        0x0 /usr/lib/gcc/x86_64-linux-gnu/4.4.3/../../../../lib/crt1.o
 .rela.text.SHA256_Data
                0x0000000000000000        0x0 /usr/lib/gcc/x86_64-linux-gnu/4.4.3/../../../../lib/crt1.o
 .rela.text.add_auth_data
                0x0000000000000000        0x0 /usr/lib/gcc/x86_64-linux-gnu/4.4.3/../../../../lib/crt1.o
 .rela.text.dtls_ccm_encrypt_message
                0x0000000000000000        0x0 /usr/lib/gcc/x86_64-linux-gnu/4.4.3/../../../../lib/crt1.o
 .rela.text.dtls_ccm_decrypt_message
                0x0000000000000000        0x0 /usr/lib/gcc/x86_64-linux-gnu/4.4.3/../../../../lib/crt1.o
 .rela.text.netq_delete_all
                0x0000000000000000        0x0 /usr/lib/gcc/x86_64-linux-gnu/4.4.3/../../../../lib/crt1.o
 .rela.text.netq_node_free
                0x0000000000000000        0x0 /usr/lib/gcc/x86_64-linux-gnu/4.4.3/../../../../lib/crt1.o
 .rela.text.netq_node_new
                0x0000000000000000        0x0 /usr/lib/gcc/x86_64-linux-gnu/4.4.3/../../../../lib/crt1.o
 .rela.text.netq_insert_node
                0x0000000000000000        0x0 /usr/lib/gcc/x86_64-linux-gnu/4.4.3/../../../../lib/crt1.o
 .rela.text.netq_init
                0x0000000000000000        0x0 /usr/lib/gcc/x86_64-linux-gnu/4.4.3/../../../../lib/crt1.o
 .rela.text.uip_log
                0x0000000000000000        0x0 /usr/lib/gcc/x86_64-linux-gnu/4.4.3/../../../../lib/crt1.o
 .rela.text.log_message
                0x0000000000000000        0x0 /usr/lib/gcc/x86_64-linux-gnu/4.4.3/../../../../lib/crt1.o
 .rela.text.main
                0x0000000000000000        0x0 /usr/lib/gcc/x86_64-linux-gnu/4.4.3/../../../../lib/crt1.o
 .rela.text.clock_seconds
                0x0000000000000000        0x0 /usr/lib/gcc/x86_64-linux-gnu/4.4.3/../../../../lib/crt1.o
 .rela.text.clock_time
                0x0000000000000000        0x0 /usr/lib/gcc/x86_64-linux-gnu/4.4.3/../../../../lib/crt1.o
 .rela.text.clock_init
                0x0000000000000000        0x0 /usr/lib/gcc/x86_64-linux-gnu/4.4.3/../../../../lib/crt1.o
 .rela.text.process_thread_tapdev_process
                0x0000000000000000        0x0 /usr/lib/gcc/x86_64-linux-gnu/4.4.3/../../../../lib/crt1.o
 .rela.text.do_send
                0x0000000000000000        0x0 /usr/lib/gcc/x86_64-linux-gnu/4.4.3/../../../../lib/crt1.o
 .rela.text.tapdev_poll
                0x0000000000000000        0x0 /usr/lib/gcc/x86_64-linux-gnu/4.4.3/../../../../lib/crt1.o
 .rela.text.tapdev_send
                0x0000000000000000        0x0 /usr/lib/gcc/x86_64-linux-gnu/4.4.3/../../../../lib/crt1.o
 .rela.text.tapdev_init
                0x0000000000000000        0x0 /usr/lib/gcc/x86_64-linux-gnu/4.4.3/../../../../lib/crt1.o
 .rela.text.process_thread_serial_line_process
                0x0000000000000000        0x0 /usr/lib/gcc/x86_64-linux-gnu/4.4.3/../../../../lib/crt1.o
 .rela.text.serial_line_init
                0x0000000000000000        0x0 /usr/lib/gcc/x86_64-linux-gnu/4.4.3/../../../../lib/crt1.o
 .rela.text.serial_line_input_byte
                0x0000000000000000        0x0 /usr/lib/gcc/x86_64-linux-gnu/4.4.3/../../../../lib/crt1.o
 .rela.text.memb_init
                0x0000000000000000        0x0 /usr/lib/gcc/x86_64-linux-gnu/4.4.3/../../../../lib/crt1.o
 .rela.text.random_rand
                0x0000000000000000        0x0 /usr/lib/gcc/x86_64-linux-gnu/4.4.3/../../../../lib/crt1.o
 .rela.text.random_init
                0x0000000000000000        0x0 /usr/lib/gcc/x86_64-linux-gnu/4.4.3/../../../../lib/crt1.o
 .rela.text.uiplib_ipaddrconv
                0x0000000000000000        0x0 /usr/lib/gcc/x86_64-linux-gnu/4.4.3/../../../../lib/crt1.o
 *(.rela.fini)
 *(.rela.rodata .rela.rodata.* .rela.gnu.linkonce.r.*)
 *(.rela.data .rela.data.* .rela.gnu.linkonce.d.*)
 .rela.data     0x0000000000000000        0x0 /usr/lib/gcc/x86_64-linux-gnu/4.4.3/../../../../lib/crt1.o
 *(.rela.tdata .rela.tdata.* .rela.gnu.linkonce.td.*)
 *(.rela.tbss .rela.tbss.* .rela.gnu.linkonce.tb.*)
 *(.rela.ctors)
 *(.rela.dtors)
 *(.rela.got)
 .rela.got      0x0000000000404788       0x18 /usr/lib/gcc/x86_64-linux-gnu/4.4.3/../../../../lib/crt1.o
 *(.rela.bss .rela.bss.* .rela.gnu.linkonce.b.*)
 .rela.bss      0x00000000004047a0       0x18 /usr/lib/gcc/x86_64-linux-gnu/4.4.3/../../../../lib/crt1.o
 *(.rela.ldata .rela.ldata.* .rela.gnu.linkonce.l.*)
 *(.rela.lbss .rela.lbss.* .rela.gnu.linkonce.lb.*)
 *(.rela.lrodata .rela.lrodata.* .rela.gnu.linkonce.lr.*)
 *(.rela.ifunc)

.rela.plt       0x00000000004047b8      0x240
 *(.rela.plt)
 .rela.plt      0x00000000004047b8      0x240 /usr/lib/gcc/x86_64-linux-gnu/4.4.3/../../../../lib/crt1.o
                0x00000000004049f8                PROVIDE (__rela_iplt_start, .)
 *(.rela.iplt)
 .rela.iplt     0x0000000000000000        0x0 /usr/lib/gcc/x86_64-linux-gnu/4.4.3/../../../../lib/crt1.o
                0x00000000004049f8                PROVIDE (__rela_iplt_end, .)

.init           0x00000000004049f8       0x18
 *(.init)
 .init          0x00000000004049f8        0x9 /usr/lib/gcc/x86_64-linux-gnu/4.4.3/../../../../lib/crti.o
                0x00000000004049f8                _init
 .init          0x0000000000404a01        0x5 /usr/lib/gcc/x86_64-linux-gnu/4.4.3/crtbegin.o
 .init          0x0000000000404a06        0x5 /usr/lib/gcc/x86_64-linux-gnu/4.4.3/crtend.o
 .init          0x0000000000404a0b        0x5 /usr/lib/gcc/x86_64-linux-gnu/4.4.3/../../../../lib/crtn.o

.plt            0x0000000000404a10      0x190
 *(.plt)
 .plt           0x0000000000404a10      0x190 /usr/lib/gcc/x86_64-linux-gnu/4.4.3/../../../../lib/crt1.o
                0x0000000000404a20                printf@@GLIBC_2.2.5
                0x0000000000404a30                memset@@GLIBC_2.2.5
                0x0000000000404a40                ioctl@@GLIBC_2.2.5
                0x0000000000404a50                select@@GLIBC_2.2.5
                0x0000000000404a60                exit@@GLIBC_2.2.5
                0x0000000000404a70                __printf_chk@@GLIBC_2.3.4
                0x0000000000404a80                gettimeofday@@GLIBC_2.2.5
                0x0000000000404a90                setvbuf@@GLIBC_2.2.5
                0x0000000000404aa0                read@@GLIBC_2.2.5
                0x0000000000404ab0                __libc_start_main@@GLIBC_2.2.5
                0x0000000000404ac0                system@@GLIBC_2.2.5
                0x0000000000404ad0                __memcpy_chk@@GLIBC_2.3.4
                0x0000000000404ae0                memcpy@@GLIBC_2.2.5
                0x0000000000404af0                memmove@@GLIBC_2.2.5
                0x0000000000404b00                __stack_chk_fail@@GLIBC_2.4
                0x0000000000404b10                srand@@GLIBC_2.2.5
                0x0000000000404b20                memcmp@@GLIBC_2.2.5
                0x0000000000404b30                __sprintf_chk@@GLIBC_2.3.4
                0x0000000000404b40                __snprintf_chk@@GLIBC_2.3.4
                0x0000000000404b50                perror@@GLIBC_2.2.5
                0x0000000000404b60                rand@@GLIBC_2.2.5
                0x0000000000404b70                __memmove_chk@@GLIBC_2.3.4
                0x0000000000404b80                write@@GLIBC_2.2.5
                0x0000000000404b90                open@@GLIBC_2.2.5
 *(.iplt)
 .iplt          0x0000000000000000        0x0 /usr/lib/gcc/x86_64-linux-gnu/4.4.3/../../../../lib/crt1.o

.text           0x0000000000404ba0     0xce78
 *(.text.unlikely .text.*_unlikely)
 *(.text .stub .text.* .gnu.linkonce.t.*)
 .text          0x0000000000404ba0       0x2c /usr/lib/gcc/x86_64-linux-gnu/4.4.3/../../../../lib/crt1.o
                0x0000000000404ba0                _start
 .text          0x0000000000404bcc       0x17 /usr/lib/gcc/x86_64-linux-gnu/4.4.3/../../../../lib/crti.o
 *fill*         0x0000000000404be3        0xd 90909090
 .text          0x0000000000404bf0       0x92 /usr/lib/gcc/x86_64-linux-gnu/4.4.3/crtbegin.o
 *fill*         0x0000000000404c82        0x2 90909090
 .text          0x0000000000404c84        0x0 dtls-server.co
 .text.read_from_peer
                0x0000000000404c84       0x3b dtls-server.co
                0x0000000000404c84                read_from_peer
 .text.init_dtls
                0x0000000000404cbf       0xf4 dtls-server.co
                0x0000000000404cbf                init_dtls
 *fill*         0x0000000000404db3        0xd 90909090
 .text.process_thread_udp_server_process
                0x0000000000404dc0      0x105 dtls-server.co
 .text.send_to_peer
                0x0000000000404ec5       0x62 dtls-server.co
                0x0000000000404ec5                send_to_peer
 *fill*         0x0000000000404f27        0x1 90909090
 .text          0x0000000000404f28        0x0 contiki-minimal-net.a(uip-debug.o)
 .text.uip_debug_lladdr_print
                0x0000000000404f28       0x75 contiki-minimal-net.a(uip-debug.o)
                0x0000000000404f28                uip_debug_lladdr_print
 *fill*         0x0000000000404f9d        0x3 90909090
 .text.uip_debug_ipaddr_print
                0x0000000000404fa0       0xb0 contiki-minimal-net.a(uip-debug.o)
                0x0000000000404fa0                uip_debug_ipaddr_print
 .text          0x0000000000405050        0x0 contiki-minimal-net.a(uip6.o)
 .text.uip_add32
                0x0000000000405050       0x89 contiki-minimal-net.a(uip6.o)
                0x0000000000405050                uip_add32
 .text.chksum   0x00000000004050d9       0x57 contiki-minimal-net.a(uip6.o)
 .text.uip_unlisten
                0x0000000000405130       0x66 contiki-minimal-net.a(uip6.o)
                0x0000000000405130                uip_unlisten
 .text.uip_listen
                0x0000000000405196       0x66 contiki-minimal-net.a(uip6.o)
                0x0000000000405196                uip_listen
 .text.uip_add_rcv_nxt
                0x00000000004051fc       0x58 contiki-minimal-net.a(uip6.o)
 .text.uip_htons
                0x0000000000405254        0x7 contiki-minimal-net.a(uip6.o)
                0x0000000000405254                uip_htons
 .text.uip_connect
                0x000000000040525b      0x169 contiki-minimal-net.a(uip6.o)
                0x000000000040525b                uip_connect
 .text.upper_layer_chksum
                0x00000000004053c4       0x65 contiki-minimal-net.a(uip6.o)
 .text.uip_udpchksum
                0x0000000000405429        0xc contiki-minimal-net.a(uip6.o)
                0x0000000000405429                uip_udpchksum
 .text.uip_tcpchksum
                0x0000000000405435        0xc contiki-minimal-net.a(uip6.o)
                0x0000000000405435                uip_tcpchksum
 .text.uip_icmp6chksum
                0x0000000000405441        0xc contiki-minimal-net.a(uip6.o)
                0x0000000000405441                uip_icmp6chksum
 .text.uip_ipchksum
                0x000000000040544d       0x2a contiki-minimal-net.a(uip6.o)
                0x000000000040544d                uip_ipchksum
 .text.uip_chksum
                0x0000000000405477       0x1a contiki-minimal-net.a(uip6.o)
                0x0000000000405477                uip_chksum
 .text.uip_htonl
                0x0000000000405491       0x16 contiki-minimal-net.a(uip6.o)
                0x0000000000405491                uip_htonl
 .text.uip_send
                0x00000000004054a7       0x41 contiki-minimal-net.a(uip6.o)
                0x00000000004054a7                uip_send
 *fill*         0x00000000004054e8        0x8 90909090
 .text.ext_hdr_options_process
                0x00000000004054f0       0xf0 contiki-minimal-net.a(uip6.o)
 .text.uip_udp_new
                0x00000000004055e0      0x112 contiki-minimal-net.a(uip6.o)
                0x00000000004055e0                uip_udp_new
 .text.uip_init
                0x00000000004056f2       0x6a contiki-minimal-net.a(uip6.o)
                0x00000000004056f2                uip_init
 .text.uip_reass_over
                0x000000000040575c       0x7e contiki-minimal-net.a(uip6.o)
                0x000000000040575c                uip_reass_over
 *fill*         0x00000000004057da        0x6 90909090
 .text.uip_process
                0x00000000004057e0     0x180d contiki-minimal-net.a(uip6.o)
                0x00000000004057e0                uip_process
 *fill*         0x0000000000406fed        0x3 90909090
 .text          0x0000000000406ff0        0x0 contiki-minimal-net.a(tcpip.o)
 .text.tcpip_output
                0x0000000000406ff0       0x1c contiki-minimal-net.a(tcpip.o)
                0x0000000000406ff0                tcpip_output
 .text.tcpip_set_outputfunc
                0x000000000040700c        0x8 contiki-minimal-net.a(tcpip.o)
                0x000000000040700c                tcpip_set_outputfunc
 .text.tcp_attach
                0x0000000000407014       0x10 contiki-minimal-net.a(tcpip.o)
                0x0000000000407014                tcp_attach
 .text.udp_attach
                0x0000000000407024       0x10 contiki-minimal-net.a(tcpip.o)
                0x0000000000407024                udp_attach
 .text.tcp_unlisten
                0x0000000000407034       0x58 contiki-minimal-net.a(tcpip.o)
                0x0000000000407034                tcp_unlisten
 .text.start_periodic_tcp_timer
                0x000000000040708c       0x21 contiki-minimal-net.a(tcpip.o)
 .text.tcpip_uipcall
                0x00000000004070ad       0x98 contiki-minimal-net.a(tcpip.o)
                0x00000000004070ad                tcpip_uipcall
 .text.tcpip_input
                0x0000000000407145       0x2d contiki-minimal-net.a(tcpip.o)
                0x0000000000407145                tcpip_input
 .text.tcpip_poll_tcp
                0x0000000000407172       0x1b contiki-minimal-net.a(tcpip.o)
                0x0000000000407172                tcpip_poll_tcp
 .text.tcpip_poll_udp
                0x000000000040718d       0x1b contiki-minimal-net.a(tcpip.o)
                0x000000000040718d                tcpip_poll_udp
 *fill*         0x00000000004071a8        0x8 90909090
 .text.tcpip_ipv6_output
                0x00000000004071b0      0x2d2 contiki-minimal-net.a(tcpip.o)
                0x00000000004071b0                tcpip_ipv6_output
 *fill*         0x0000000000407482        0xe 90909090
 .text.process_thread_tcpip_process
                0x0000000000407490      0x330 contiki-minimal-net.a(tcpip.o)
 .text.udp_new  0x00000000004077c0       0x22 contiki-minimal-net.a(tcpip.o)
                0x00000000004077c0                udp_new
 *fill*         0x00000000004077e2        0xe 90909090
 .text.udp_broadcast_new
                0x00000000004077f0       0x81 contiki-minimal-net.a(tcpip.o)
                0x00000000004077f0                udp_broadcast_new
 *fill*         0x0000000000407871        0xf 90909090
 .text.tcp_listen
                0x0000000000407880       0x6f contiki-minimal-net.a(tcpip.o)
                0x0000000000407880                tcp_listen
 .text.tcp_connect
                0x00000000004078ef       0x4a contiki-minimal-net.a(tcpip.o)
                0x00000000004078ef                tcp_connect
 *fill*         0x0000000000407939        0x3 90909090
 .text          0x000000000040793c        0x0 contiki-minimal-net.a(uip-udp-packet.)
 .text.uip_udp_packet_send
                0x000000000040793c       0x4f contiki-minimal-net.a(uip-udp-packet.)
                0x000000000040793c                uip_udp_packet_send
 .text.uip_udp_packet_sendto
                0x000000000040798b       0x75 contiki-minimal-net.a(uip-udp-packet.)
                0x000000000040798b                uip_udp_packet_sendto
 .text          0x0000000000407a00        0x0 contiki-minimal-net.a(uip-icmp6.o)
 .text.uip_icmp6_error_output
                0x0000000000407a00      0x1d8 contiki-minimal-net.a(uip-icmp6.o)
                0x0000000000407a00                uip_icmp6_error_output
 .text.uip_icmp6_echo_request_input
                0x0000000000407bd8       0xe3 contiki-minimal-net.a(uip-icmp6.o)
                0x0000000000407bd8                uip_icmp6_echo_request_input
 .text.uip_icmp6_send
                0x0000000000407cbb       0xbf contiki-minimal-net.a(uip-icmp6.o)
                0x0000000000407cbb                uip_icmp6_send
 *fill*         0x0000000000407d7a        0x2 90909090
 .text          0x0000000000407d7c        0x0 contiki-minimal-net.a(uip-nd6.o)
 *fill*         0x0000000000407d7c        0x4 90909090
 .text.uip_nd6_ra_input
                0x0000000000407d80      0x5ab contiki-minimal-net.a(uip-nd6.o)
                0x0000000000407d80                uip_nd6_ra_input
 .text.create_llao
                0x000000000040832b       0x1d contiki-minimal-net.a(uip-nd6.o)
 *fill*         0x0000000000408348        0x8 90909090
 .text.uip_nd6_rs_output
                0x0000000000408350      0x117 contiki-minimal-net.a(uip-nd6.o)
                0x0000000000408350                uip_nd6_rs_output
 .text.uip_nd6_ns_output
                0x0000000000408467      0x175 contiki-minimal-net.a(uip-nd6.o)
                0x0000000000408467                uip_nd6_ns_output
 *fill*         0x00000000004085dc        0x4 90909090
 .text.uip_nd6_na_input
                0x00000000004085e0      0x372 contiki-minimal-net.a(uip-nd6.o)
                0x00000000004085e0                uip_nd6_na_input
 *fill*         0x0000000000408952        0xe 90909090
 .text.uip_nd6_ns_input
                0x0000000000408960      0x49d contiki-minimal-net.a(uip-nd6.o)
                0x0000000000408960                uip_nd6_ns_input
 *fill*         0x0000000000408dfd        0x3 90909090
 .text          0x0000000000408e00        0x0 contiki-minimal-net.a(uip-packetqueue)
 .text.uip_packetqueue_new
                0x0000000000408e00        0x8 contiki-minimal-net.a(uip-packetqueue)
                0x0000000000408e00                uip_packetqueue_new
 .text.uip_packetqueue_buf
                0x0000000000408e08       0x14 contiki-minimal-net.a(uip-packetqueue)
                0x0000000000408e08                uip_packetqueue_buf
 .text.uip_packetqueue_buflen
                0x0000000000408e1c       0x16 contiki-minimal-net.a(uip-packetqueue)
                0x0000000000408e1c                uip_packetqueue_buflen
 .text.uip_packetqueue_set_buflen
                0x0000000000408e32       0x11 contiki-minimal-net.a(uip-packetqueue)
                0x0000000000408e32                uip_packetqueue_set_buflen
 .text.uip_packetqueue_free
                0x0000000000408e43       0x2e contiki-minimal-net.a(uip-packetqueue)
                0x0000000000408e43                uip_packetqueue_free
 .text.packet_timedout
                0x0000000000408e71       0x1a contiki-minimal-net.a(uip-packetqueue)
 .text.uip_packetqueue_alloc
                0x0000000000408e8b       0x5a contiki-minimal-net.a(uip-packetqueue)
                0x0000000000408e8b                uip_packetqueue_alloc
 *fill*         0x0000000000408ee5        0x3 90909090
 .text          0x0000000000408ee8        0x0 contiki-minimal-net.a(uip-ds6.o)
 .text.uip_ds6_defrt_rm
                0x0000000000408ee8        0xa contiki-minimal-net.a(uip-ds6.o)
                0x0000000000408ee8                uip_ds6_defrt_rm
 .text.uip_ds6_prefix_rm
                0x0000000000408ef2        0xa contiki-minimal-net.a(uip-ds6.o)
                0x0000000000408ef2                uip_ds6_prefix_rm
 *fill*         0x0000000000408efc        0x4 90909090
 .text.uip_ds6_get_link_local
                0x0000000000408f00       0x53 contiki-minimal-net.a(uip-ds6.o)
                0x0000000000408f00                uip_ds6_get_link_local
 *fill*         0x0000000000408f53        0xd 90909090
 .text.uip_ds6_get_global
                0x0000000000408f60       0x53 contiki-minimal-net.a(uip-ds6.o)
                0x0000000000408f60                uip_ds6_get_global
 .text.uip_ds6_maddr_rm
                0x0000000000408fb3        0xa contiki-minimal-net.a(uip-ds6.o)
                0x0000000000408fb3                uip_ds6_maddr_rm
 .text.uip_ds6_aaddr_rm
                0x0000000000408fbd        0xa contiki-minimal-net.a(uip-ds6.o)
                0x0000000000408fbd                uip_ds6_aaddr_rm
 .text.uip_ds6_route_rm
                0x0000000000408fc7        0x4 contiki-minimal-net.a(uip-ds6.o)
                0x0000000000408fc7                uip_ds6_route_rm
 .text.get_match_length
                0x0000000000408fcb       0x50 contiki-minimal-net.a(uip-ds6.o)
                0x0000000000408fcb                get_match_length
 *fill*         0x000000000040901b        0x5 90909090
 .text.uip_ds6_select_src
                0x0000000000409020       0xe4 contiki-minimal-net.a(uip-ds6.o)
                0x0000000000409020                uip_ds6_select_src
 .text.uip_ds6_compute_reachable_time
                0x0000000000409104       0x2d contiki-minimal-net.a(uip-ds6.o)
                0x0000000000409104                uip_ds6_compute_reachable_time
 .text.uip_ds6_dad
                0x0000000000409131       0x50 contiki-minimal-net.a(uip-ds6.o)
                0x0000000000409131                uip_ds6_dad
 .text.uip_ds6_set_addr_iid
                0x0000000000409181       0x33 contiki-minimal-net.a(uip-ds6.o)
                0x0000000000409181                uip_ds6_set_addr_iid
 .text.uip_ds6_route_rm_by_nexthop
                0x00000000004091b4       0x60 contiki-minimal-net.a(uip-ds6.o)
                0x00000000004091b4                uip_ds6_route_rm_by_nexthop
 .text.uip_ds6_route_lookup
                0x0000000000409214       0x81 contiki-minimal-net.a(uip-ds6.o)
                0x0000000000409214                uip_ds6_route_lookup
 .text.uip_ds6_is_addr_onlink
                0x0000000000409295       0x6b contiki-minimal-net.a(uip-ds6.o)
                0x0000000000409295                uip_ds6_is_addr_onlink
 .text.uip_ds6_list_loop
                0x0000000000409300       0x8a contiki-minimal-net.a(uip-ds6.o)
                0x0000000000409300                uip_ds6_list_loop
 .text.uip_ds6_route_add
                0x000000000040938a       0xb5 contiki-minimal-net.a(uip-ds6.o)
                0x000000000040938a                uip_ds6_route_add
 .text.uip_ds6_aaddr_lookup
                0x000000000040943f       0x33 contiki-minimal-net.a(uip-ds6.o)
                0x000000000040943f                uip_ds6_aaddr_lookup
 .text.uip_ds6_aaddr_add
                0x0000000000409472       0x5c contiki-minimal-net.a(uip-ds6.o)
                0x0000000000409472                uip_ds6_aaddr_add
 .text.uip_ds6_maddr_lookup
                0x00000000004094ce       0x33 contiki-minimal-net.a(uip-ds6.o)
                0x00000000004094ce                uip_ds6_maddr_lookup
 .text.uip_ds6_addr_rm
                0x0000000000409501       0x88 contiki-minimal-net.a(uip-ds6.o)
                0x0000000000409501                uip_ds6_addr_rm
 .text.uip_ds6_dad_failed
                0x0000000000409589       0x19 contiki-minimal-net.a(uip-ds6.o)
                0x0000000000409589                uip_ds6_dad_failed
 .text.uip_ds6_maddr_add
                0x00000000004095a2       0x5c contiki-minimal-net.a(uip-ds6.o)
                0x00000000004095a2                uip_ds6_maddr_add
 .text.uip_ds6_addr_lookup
                0x00000000004095fe       0x33 contiki-minimal-net.a(uip-ds6.o)
                0x00000000004095fe                uip_ds6_addr_lookup
 .text.uip_ds6_prefix_lookup
                0x0000000000409631       0x31 contiki-minimal-net.a(uip-ds6.o)
                0x0000000000409631                uip_ds6_prefix_lookup
 .text.uip_ds6_defrt_lookup
                0x0000000000409662       0x33 contiki-minimal-net.a(uip-ds6.o)
                0x0000000000409662                uip_ds6_defrt_lookup
 .text.uip_ds6_nbr_lookup
                0x0000000000409695       0x33 contiki-minimal-net.a(uip-ds6.o)
                0x0000000000409695                uip_ds6_nbr_lookup
 *fill*         0x00000000004096c8        0x8 90909090
 .text.uip_ds6_defrt_choose
                0x00000000004096d0       0x80 contiki-minimal-net.a(uip-ds6.o)
                0x00000000004096d0                uip_ds6_defrt_choose
 .text.uip_ds6_send_rs
                0x0000000000409750       0x43 contiki-minimal-net.a(uip-ds6.o)
                0x0000000000409750                uip_ds6_send_rs
 .text.uip_ds6_addr_add
                0x0000000000409793      0x176 contiki-minimal-net.a(uip-ds6.o)
                0x0000000000409793                uip_ds6_addr_add
 .text.uip_ds6_prefix_add
                0x0000000000409909       0xb3 contiki-minimal-net.a(uip-ds6.o)
                0x0000000000409909                uip_ds6_prefix_add
 .text.uip_ds6_defrt_add
                0x00000000004099bc       0x99 contiki-minimal-net.a(uip-ds6.o)
                0x00000000004099bc                uip_ds6_defrt_add
 .text.uip_ds6_nbr_rm
                0x0000000000409a55       0x1a contiki-minimal-net.a(uip-ds6.o)
                0x0000000000409a55                uip_ds6_nbr_rm
 *fill*         0x0000000000409a6f        0x1 90909090
 .text.uip_ds6_nbr_add
                0x0000000000409a70      0x1a8 contiki-minimal-net.a(uip-ds6.o)
                0x0000000000409a70                uip_ds6_nbr_add
 *fill*         0x0000000000409c18        0x8 90909090
 .text.uip_ds6_periodic
                0x0000000000409c20      0x34e contiki-minimal-net.a(uip-ds6.o)
                0x0000000000409c20                uip_ds6_periodic
 .text.uip_ds6_init
                0x0000000000409f6e      0x177 contiki-minimal-net.a(uip-ds6.o)
                0x0000000000409f6e                uip_ds6_init
 *fill*         0x000000000040a0e5        0x3 90909090
 .text          0x000000000040a0e8        0x0 contiki-minimal-net.a(dtls.o)
 .text.dtls_get_cookie
                0x000000000040a0e8       0x5e contiki-minimal-net.a(dtls.o)
                0x000000000040a0e8                dtls_get_cookie
 .text.dtls_set_psk
                0x000000000040a146       0x16 contiki-minimal-net.a(dtls.o)
                0x000000000040a146                dtls_set_psk
 .text.dtls_remove_psk
                0x000000000040a15c       0x21 contiki-minimal-net.a(dtls.o)
                0x000000000040a15c                dtls_remove_psk
 .text.dump     0x000000000040a17d       0x39 contiki-minimal-net.a(dtls.o)
                0x000000000040a17d                dump
 .text.hexdump  0x000000000040a1b6       0x8c contiki-minimal-net.a(dtls.o)
                0x000000000040a1b6                hexdump
 .text.is_record
                0x000000000040a242       0x61 contiki-minimal-net.a(dtls.o)
 .text.dtls_set_handshake_header
                0x000000000040a2a3       0x7a contiki-minimal-net.a(dtls.o)
 *fill*         0x000000000040a31d        0x3 90909090
 .text.dtls_update_parameters
                0x000000000040a320      0x1fa contiki-minimal-net.a(dtls.o)
                0x000000000040a320                dtls_update_parameters
 .text.dtls_free_context
                0x000000000040a51a       0x76 contiki-minimal-net.a(dtls.o)
                0x000000000040a51a                dtls_free_context
 .text.update_hs_hash
                0x000000000040a590       0x72 contiki-minimal-net.a(dtls.o)
 .text.dtls_read
                0x000000000040a602       0xd7 contiki-minimal-net.a(dtls.o)
                0x000000000040a602                dtls_read
 *fill*         0x000000000040a6d9        0x7 90909090
 .text.check_finished
                0x000000000040a6e0      0x2bd contiki-minimal-net.a(dtls.o)
 .text.dtls_new_peer
                0x000000000040a99d       0xfb contiki-minimal-net.a(dtls.o)
                0x000000000040a99d                dtls_new_peer
 .text.calculate_key_block
                0x000000000040aa98      0x38c contiki-minimal-net.a(dtls.o)
                0x000000000040aa98                calculate_key_block
 .text.dtls_create_cookie
                0x000000000040ae24      0x14d contiki-minimal-net.a(dtls.o)
                0x000000000040ae24                dtls_create_cookie
 .text.dtls_verify_peer
                0x000000000040af71      0x279 contiki-minimal-net.a(dtls.o)
                0x000000000040af71                dtls_verify_peer
 .text.dtls_init
                0x000000000040b1ea       0x27 contiki-minimal-net.a(dtls.o)
                0x000000000040b1ea                dtls_init
 .text.decrypt_verify
                0x000000000040b211      0x2d1 contiki-minimal-net.a(dtls.o)
                0x000000000040b211                decrypt_verify
 *fill*         0x000000000040b4e2        0xe 90909090
 .text.dtls_get_peer
                0x000000000040b4f0       0x63 contiki-minimal-net.a(dtls.o)
                0x000000000040b4f0                dtls_get_peer
 .text.dtls_prepare_record
                0x000000000040b553      0x347 contiki-minimal-net.a(dtls.o)
                0x000000000040b553                dtls_prepare_record
 .text.dtls_send
                0x000000000040b89a      0x13d contiki-minimal-net.a(dtls.o)
                0x000000000040b89a                dtls_send
 .text.handle_alert
                0x000000000040b9d7       0x9c contiki-minimal-net.a(dtls.o)
                0x000000000040b9d7                handle_alert
 .text.dtls_close
                0x000000000040ba73       0x56 contiki-minimal-net.a(dtls.o)
                0x000000000040ba73                dtls_close
 *fill*         0x000000000040bac9        0x7 90909090
 .text.handle_ccs
                0x000000000040bad0      0x47b contiki-minimal-net.a(dtls.o)
                0x000000000040bad0                handle_ccs
 .text.dtls_write
                0x000000000040bf4b       0x60 contiki-minimal-net.a(dtls.o)
                0x000000000040bf4b                dtls_write
 .text.dtls_new_context
                0x000000000040bfab       0xd5 contiki-minimal-net.a(dtls.o)
                0x000000000040bfab                dtls_new_context
 .text.dtls_send_kx
                0x000000000040c080      0x12c contiki-minimal-net.a(dtls.o)
                0x000000000040c080                dtls_send_kx
 .text.dtls_send_server_finished
                0x000000000040c1ac      0x1b0 contiki-minimal-net.a(dtls.o)
                0x000000000040c1ac                dtls_send_server_finished
 .text.dtls_send_server_hello
                0x000000000040c35c      0x3d2 contiki-minimal-net.a(dtls.o)
                0x000000000040c35c                dtls_send_server_hello
 *fill*         0x000000000040c72e        0x2 90909090
 .text.dtls_connect
                0x000000000040c730      0x2fa contiki-minimal-net.a(dtls.o)
                0x000000000040c730                dtls_connect
 *fill*         0x000000000040ca2a        0x6 90909090
 .text.handle_handshake
                0x000000000040ca30      0xc88 contiki-minimal-net.a(dtls.o)
                0x000000000040ca30                handle_handshake
 *fill*         0x000000000040d6b8        0x8 90909090
 .text.dtls_handle_message
                0x000000000040d6c0      0x45b contiki-minimal-net.a(dtls.o)
                0x000000000040d6c0                dtls_handle_message
 .text.dtls_dispatch
                0x000000000040db1b       0x3f contiki-minimal-net.a(dtls.o)
                0x000000000040db1b                dtls_dispatch
 *fill*         0x000000000040db5a        0x2 90909090
 .text          0x000000000040db5c        0x0 contiki-minimal-net.a(crypto.o)
 .text.dtls_cipher_free
                0x000000000040db5c       0x1b contiki-minimal-net.a(crypto.o)
                0x000000000040db5c                dtls_cipher_free
 .text.dtls_cipher_new
                0x000000000040db77       0xc2 contiki-minimal-net.a(crypto.o)
                0x000000000040db77                dtls_cipher_new
 .text.dtls_cipher_set_iv
                0x000000000040dc39       0x5c contiki-minimal-net.a(crypto.o)
                0x000000000040dc39                dtls_cipher_set_iv
 .text.dtls_pre_master_secret
                0x000000000040dc95       0x7b contiki-minimal-net.a(crypto.o)
                0x000000000040dc95                dtls_pre_master_secret
 .text.dtls_ccm_decrypt
                0x000000000040dd10       0x6b contiki-minimal-net.a(crypto.o)
                0x000000000040dd10                dtls_ccm_decrypt
 .text.dtls_decrypt
                0x000000000040dd7b       0x87 contiki-minimal-net.a(crypto.o)
                0x000000000040dd7b                dtls_decrypt
 .text.dtls_ccm_encrypt
                0x000000000040de02       0x6b contiki-minimal-net.a(crypto.o)
                0x000000000040de02                dtls_ccm_encrypt
 .text.dtls_encrypt
                0x000000000040de6d       0x87 contiki-minimal-net.a(crypto.o)
                0x000000000040de6d                dtls_encrypt
 .text.dtls_mac
                0x000000000040def4       0x9f contiki-minimal-net.a(crypto.o)
                0x000000000040def4                dtls_mac
 .text.dtls_p_hash
                0x000000000040df93      0x2bd contiki-minimal-net.a(crypto.o)
                0x000000000040df93                dtls_p_hash
 .text.dtls_prf
                0x000000000040e250       0xc0 contiki-minimal-net.a(crypto.o)
                0x000000000040e250                dtls_prf
 .text.crypto_init
                0x000000000040e310       0x1d contiki-minimal-net.a(crypto.o)
                0x000000000040e310                crypto_init
 *fill*         0x000000000040e32d        0x3 90909090
 .text          0x000000000040e330        0x0 contiki-minimal-net.a(hmac.o)
 .text.dtls_hmac_update
                0x000000000040e330       0x12 contiki-minimal-net.a(hmac.o)
                0x000000000040e330                dtls_hmac_update
 .text.dtls_hmac_finalize
                0x000000000040e342       0xa3 contiki-minimal-net.a(hmac.o)
                0x000000000040e342                dtls_hmac_finalize
 .text.dtls_hmac_free
                0x000000000040e3e5       0x1b contiki-minimal-net.a(hmac.o)
                0x000000000040e3e5                dtls_hmac_free
 .text.dtls_hmac_init
                0x000000000040e400       0x9e contiki-minimal-net.a(hmac.o)
                0x000000000040e400                dtls_hmac_init
 .text.dtls_hmac_new
                0x000000000040e49e       0x4f contiki-minimal-net.a(hmac.o)
                0x000000000040e49e                dtls_hmac_new
 .text.dtls_hmac_storage_init
                0x000000000040e4ed       0x13 contiki-minimal-net.a(hmac.o)
                0x000000000040e4ed                dtls_hmac_storage_init
 .text          0x000000000040e500        0x0 contiki-minimal-net.a(debug.o)
 .text.get_log_level
                0x000000000040e500        0x7 contiki-minimal-net.a(debug.o)
                0x000000000040e500                get_log_level
 .text.set_log_level
                0x000000000040e507        0x7 contiki-minimal-net.a(debug.o)
                0x000000000040e507                set_log_level
 .text.dsrv_log
                0x000000000040e50e      0x13f contiki-minimal-net.a(debug.o)
                0x000000000040e50e                dsrv_log
 .text.dsrv_print_addr
                0x000000000040e64d       0x81 contiki-minimal-net.a(debug.o)
                0x000000000040e64d                dsrv_print_addr
 *fill*         0x000000000040e6ce        0x2 90909090
 .text          0x000000000040e6d0        0x0 contiki-minimal-net.a(rijndael.o)
 .text.rijndaelKeySetupEnc
                0x000000000040e6d0      0x346 contiki-minimal-net.a(rijndael.o)
                0x000000000040e6d0                rijndaelKeySetupEnc
 .text.rijndaelEncrypt
                0x000000000040ea16      0x431 contiki-minimal-net.a(rijndael.o)
                0x000000000040ea16                rijndaelEncrypt
 .text.rijndael_set_key_enc_only
                0x000000000040ee47       0x21 contiki-minimal-net.a(rijndael.o)
                0x000000000040ee47                rijndael_set_key_enc_only
 .text.rijndael_encrypt
                0x000000000040ee68       0x16 contiki-minimal-net.a(rijndael.o)
                0x000000000040ee68                rijndael_encrypt
 *fill*         0x000000000040ee7e        0x2 90909090
 .text          0x000000000040ee80        0x0 contiki-minimal-net.a(sha2.o)
 .text.SHA256_Transform
                0x000000000040ee80      0x237 contiki-minimal-net.a(sha2.o)
                0x000000000040ee80                SHA256_Transform
 .text.SHA256_Final
                0x000000000040f0b7      0x1a4 contiki-minimal-net.a(sha2.o)
                0x000000000040f0b7                SHA256_Final
 .text.SHA256_Update
                0x000000000040f25b      0x11c contiki-minimal-net.a(sha2.o)
                0x000000000040f25b                SHA256_Update
 .text.SHA256_Init
                0x000000000040f377       0x49 contiki-minimal-net.a(sha2.o)
                0x000000000040f377                SHA256_Init
 .text.SHA256_End
                0x000000000040f3c0       0xb8 contiki-minimal-net.a(sha2.o)
                0x000000000040f3c0                SHA256_End
 .text.SHA256_Data
                0x000000000040f478       0x8f contiki-minimal-net.a(sha2.o)
                0x000000000040f478                SHA256_Data
 *fill*         0x000000000040f507        0x1 90909090
 .text          0x000000000040f508        0x0 contiki-minimal-net.a(ccm.o)
 .text.add_auth_data
                0x000000000040f508      0x197 contiki-minimal-net.a(ccm.o)
                0x000000000040f508                add_auth_data
 .text.dtls_ccm_encrypt_message
                0x000000000040f69f      0x3c6 contiki-minimal-net.a(ccm.o)
                0x000000000040f69f                dtls_ccm_encrypt_message
 .text.dtls_ccm_decrypt_message
                0x000000000040fa65      0x3ee contiki-minimal-net.a(ccm.o)
                0x000000000040fa65                dtls_ccm_decrypt_message
 *fill*         0x000000000040fe53        0x1 90909090
 .text          0x000000000040fe54        0x0 contiki-minimal-net.a(netq.o)
 *fill*         0x000000000040fe54        0xc 90909090
 .text.netq_delete_all
                0x000000000040fe60       0x36 contiki-minimal-net.a(netq.o)
                0x000000000040fe60                netq_delete_all
 .text.netq_node_free
                0x000000000040fe96       0x1b contiki-minimal-net.a(netq.o)
                0x000000000040fe96                netq_node_free
 .text.netq_node_new
                0x000000000040feb1       0x3e contiki-minimal-net.a(netq.o)
                0x000000000040feb1                netq_node_new
 *fill*         0x000000000040feef        0x1 90909090
 .text.netq_insert_node
                0x000000000040fef0       0x60 contiki-minimal-net.a(netq.o)
                0x000000000040fef0                netq_insert_node
 .text.netq_init
                0x000000000040ff50       0x13 contiki-minimal-net.a(netq.o)
                0x000000000040ff50                netq_init
 *fill*         0x000000000040ff63        0x1 90909090
 .text          0x000000000040ff64        0x0 contiki-minimal-net.a(contiki-main.o)
 .text.sensors_light1
                0x000000000040ff64       0x12 contiki-minimal-net.a(contiki-main.o)
                0x000000000040ff64                sensors_light1
 .text.uip_log  0x000000000040ff76       0x20 contiki-minimal-net.a(contiki-main.o)
                0x000000000040ff76                uip_log
 .text.log_message
                0x000000000040ff96       0x23 contiki-minimal-net.a(contiki-main.o)
                0x000000000040ff96                log_message
 .text.main     0x000000000040ffb9      0x351 contiki-minimal-net.a(contiki-main.o)
                0x000000000040ffb9                main
 *fill*         0x000000000041030a        0x2 90909090
 .text          0x000000000041030c        0x0 contiki-minimal-net.a(clock.o)
 .text.clock_delay
                0x000000000041030c        0x2 contiki-minimal-net.a(clock.o)
                0x000000000041030c                clock_delay
 .text.clock_seconds
                0x000000000041030e       0x4f contiki-minimal-net.a(clock.o)
                0x000000000041030e                clock_seconds
 .text.clock_time
                0x000000000041035d       0x42 contiki-minimal-net.a(clock.o)
                0x000000000041035d                clock_time
 .text.clock_init
                0x000000000041039f       0x48 contiki-minimal-net.a(clock.o)
                0x000000000041039f                clock_init
 *fill*         0x00000000004103e7        0x1 90909090
 .text          0x00000000004103e8        0x0 contiki-minimal-net.a(tapdev-drv.o)
 *fill*         0x00000000004103e8        0x8 90909090
 .text.process_thread_tapdev_process
                0x00000000004103f0      0x111 contiki-minimal-net.a(tapdev-drv.o)
 *fill*         0x0000000000410501        0x3 90909090
 .text          0x0000000000410504        0x0 contiki-minimal-net.a(tapdev6.o)
 .text.tapdev_exit
                0x0000000000410504        0x2 contiki-minimal-net.a(tapdev6.o)
                0x0000000000410504                tapdev_exit
 .text.do_send  0x0000000000410506       0x3d contiki-minimal-net.a(tapdev6.o)
 .text.tapdev_do_send
                0x0000000000410543        0xe contiki-minimal-net.a(tapdev6.o)
                0x0000000000410543                tapdev_do_send
 .text.tapdev_poll
                0x0000000000410551       0xac contiki-minimal-net.a(tapdev6.o)
                0x0000000000410551                tapdev_poll
 .text.tapdev_send
                0x00000000004105fd       0x81 contiki-minimal-net.a(tapdev6.o)
                0x00000000004105fd                tapdev_send
 .text.tapdev_init
                0x000000000041067e      0x11d contiki-minimal-net.a(tapdev6.o)
                0x000000000041067e                tapdev_init
 *fill*         0x000000000041079b        0x1 90909090
 .text          0x000000000041079c        0x0 contiki-minimal-net.a(process.o)
 .text.process_alloc_event
                0x000000000041079c       0x11 contiki-minimal-net.a(process.o)
                0x000000000041079c                process_alloc_event
 .text.process_init
                0x00000000004107ad       0x2c contiki-minimal-net.a(process.o)
                0x00000000004107ad                process_init
 .text.process_nevents
                0x00000000004107d9       0x14 contiki-minimal-net.a(process.o)
                0x00000000004107d9                process_nevents
 .text.process_post
                0x00000000004107ed       0x53 contiki-minimal-net.a(process.o)
                0x00000000004107ed                process_post
 .text.process_poll
                0x0000000000410840       0x1d contiki-minimal-net.a(process.o)
                0x0000000000410840                process_poll
 .text.process_is_running
                0x000000000041085d        0xb contiki-minimal-net.a(process.o)
                0x000000000041085d                process_is_running
 *fill*         0x0000000000410868        0x8 90909090
 .text.exit_process
                0x0000000000410870       0xf4 contiki-minimal-net.a(process.o)
 *fill*         0x0000000000410964        0xc 90909090
 .text.call_process
                0x0000000000410970       0x67 contiki-minimal-net.a(process.o)
 .text.process_post_synch
                0x00000000004109d7       0x1a contiki-minimal-net.a(process.o)
                0x00000000004109d7                process_post_synch
 *fill*         0x00000000004109f1        0xf 90909090
 .text.process_start
                0x0000000000410a00       0x58 contiki-minimal-net.a(process.o)
                0x0000000000410a00                process_start
 .text.do_poll  0x0000000000410a58       0x3e contiki-minimal-net.a(process.o)
 *fill*         0x0000000000410a96        0xa 90909090
 .text.process_run
                0x0000000000410aa0       0xfd contiki-minimal-net.a(process.o)
                0x0000000000410aa0                process_run
 .text.process_exit
                0x0000000000410b9d       0x15 contiki-minimal-net.a(process.o)
                0x0000000000410b9d                process_exit
 *fill*         0x0000000000410bb2        0x2 90909090
 .text          0x0000000000410bb4        0x0 contiki-minimal-net.a(procinit.o)
 .text.procinit_init
                0x0000000000410bb4       0x3d contiki-minimal-net.a(procinit.o)
                0x0000000000410bb4                procinit_init
 *fill*         0x0000000000410bf1        0x3 90909090
 .text          0x0000000000410bf4        0x0 contiki-minimal-net.a(autostart.o)
 .text.autostart_exit
                0x0000000000410bf4       0x32 contiki-minimal-net.a(autostart.o)
                0x0000000000410bf4                autostart_exit
 .text.autostart_start
                0x0000000000410c26       0x37 contiki-minimal-net.a(autostart.o)
                0x0000000000410c26                autostart_start
 *fill*         0x0000000000410c5d        0x3 90909090
 .text          0x0000000000410c60        0x0 contiki-minimal-net.a(serial-line.o)
 .text.process_thread_serial_line_process
                0x0000000000410c60      0x102 contiki-minimal-net.a(serial-line.o)
 .text.serial_line_init
                0x0000000000410d62       0x2c contiki-minimal-net.a(serial-line.o)
                0x0000000000410d62                serial_line_init
 *fill*         0x0000000000410d8e        0x2 90909090
 .text.serial_line_input_byte
                0x0000000000410d90       0x67 contiki-minimal-net.a(serial-line.o)
                0x0000000000410d90                serial_line_input_byte
 *fill*         0x0000000000410df7        0x1 90909090
 .text          0x0000000000410df8        0x0 contiki-minimal-net.a(memb.o)
 .text.memb_alloc
                0x0000000000410df8       0x53 contiki-minimal-net.a(memb.o)
                0x0000000000410df8                memb_alloc
 .text.memb_free
                0x0000000000410e4b       0x5f contiki-minimal-net.a(memb.o)
                0x0000000000410e4b                memb_free
 .text.memb_inmemb
                0x0000000000410eaa       0x28 contiki-minimal-net.a(memb.o)
                0x0000000000410eaa                memb_inmemb
 .text.memb_init
                0x0000000000410ed2       0x33 contiki-minimal-net.a(memb.o)
                0x0000000000410ed2                memb_init
 *fill*         0x0000000000410f05        0x3 90909090
 .text          0x0000000000410f08        0x0 contiki-minimal-net.a(timer.o)
 .text.timer_reset
                0x0000000000410f08        0x8 contiki-minimal-net.a(timer.o)
                0x0000000000410f08                timer_reset
 .text.timer_remaining
                0x0000000000410f10       0x15 contiki-minimal-net.a(timer.o)
                0x0000000000410f10                timer_remaining
 .text.timer_expired
                0x0000000000410f25       0x1c contiki-minimal-net.a(timer.o)
                0x0000000000410f25                timer_expired
 .text.timer_restart
                0x0000000000410f41        0xe contiki-minimal-net.a(timer.o)
                0x0000000000410f41                timer_restart
 .text.timer_set
                0x0000000000410f4f       0x12 contiki-minimal-net.a(timer.o)
                0x0000000000410f4f                timer_set
 *fill*         0x0000000000410f61        0x3 90909090
 .text          0x0000000000410f64        0x0 contiki-minimal-net.a(list.o)
 .text.list_init
                0x0000000000410f64        0x8 contiki-minimal-net.a(list.o)
                0x0000000000410f64                list_init
 .text.list_head
                0x0000000000410f6c        0x4 contiki-minimal-net.a(list.o)
                0x0000000000410f6c                list_head
 .text.list_copy
                0x0000000000410f70        0x7 contiki-minimal-net.a(list.o)
                0x0000000000410f70                list_copy
 .text.list_tail
                0x0000000000410f77       0x1f contiki-minimal-net.a(list.o)
                0x0000000000410f77                list_tail
 .text.list_chop
                0x0000000000410f96       0x36 contiki-minimal-net.a(list.o)
                0x0000000000410f96                list_chop
 .text.list_pop
                0x0000000000410fcc       0x10 contiki-minimal-net.a(list.o)
                0x0000000000410fcc                list_pop
 *fill*         0x0000000000410fdc        0x4 90909090
 .text.list_remove
                0x0000000000410fe0       0x45 contiki-minimal-net.a(list.o)
                0x0000000000410fe0                list_remove
 .text.list_push
                0x0000000000411025       0x31 contiki-minimal-net.a(list.o)
                0x0000000000411025                list_push
 .text.list_add
                0x0000000000411056       0x4e contiki-minimal-net.a(list.o)
                0x0000000000411056                list_add
 .text.list_length
                0x00000000004110a4       0x1a contiki-minimal-net.a(list.o)
                0x00000000004110a4                list_length
 .text.list_insert
                0x00000000004110be       0x19 contiki-minimal-net.a(list.o)
                0x00000000004110be                list_insert
 .text.list_item_next
                0x00000000004110d7        0xf contiki-minimal-net.a(list.o)
                0x00000000004110d7                list_item_next
 *fill*         0x00000000004110e6        0x2 90909090
 .text          0x00000000004110e8        0x0 contiki-minimal-net.a(etimer.o)
 .text.etimer_expired
                0x00000000004110e8        0xc contiki-minimal-net.a(etimer.o)
                0x00000000004110e8                etimer_expired
 .text.etimer_expiration_time
                0x00000000004110f4        0x8 contiki-minimal-net.a(etimer.o)
                0x00000000004110f4                etimer_expiration_time
 .text.etimer_start_time
                0x00000000004110fc        0x4 contiki-minimal-net.a(etimer.o)
                0x00000000004110fc                etimer_start_time
 .text.etimer_pending
                0x0000000000411100        0xf contiki-minimal-net.a(etimer.o)
                0x0000000000411100                etimer_pending
 .text.etimer_next_expiration_time
                0x000000000041110f       0x15 contiki-minimal-net.a(etimer.o)
                0x000000000041110f                etimer_next_expiration_time
 .text.update_time
                0x0000000000411124       0x63 contiki-minimal-net.a(etimer.o)
 *fill*         0x0000000000411187        0x9 90909090
 .text.etimer_stop
                0x0000000000411190       0x69 contiki-minimal-net.a(etimer.o)
                0x0000000000411190                etimer_stop
 .text.etimer_adjust
                0x00000000004111f9       0x14 contiki-minimal-net.a(etimer.o)
                0x00000000004111f9                etimer_adjust
 .text.etimer_request_poll
                0x000000000041120d       0x13 contiki-minimal-net.a(etimer.o)
                0x000000000041120d                etimer_request_poll
 .text.process_thread_etimer_process
                0x0000000000411220      0x154 contiki-minimal-net.a(etimer.o)
 *fill*         0x0000000000411374        0xc 90909090
 .text.add_timer
                0x0000000000411380       0x66 contiki-minimal-net.a(etimer.o)
 .text.etimer_restart
                0x00000000004113e6       0x13 contiki-minimal-net.a(etimer.o)
                0x00000000004113e6                etimer_restart
 .text.etimer_reset
                0x00000000004113f9       0x13 contiki-minimal-net.a(etimer.o)
                0x00000000004113f9                etimer_reset
 .text.etimer_set
                0x000000000041140c       0x13 contiki-minimal-net.a(etimer.o)
                0x000000000041140c                etimer_set
 *fill*         0x000000000041141f        0x1 90909090
 .text          0x0000000000411420        0x0 contiki-minimal-net.a(ctimer.o)
 .text.process_thread_ctimer_process
                0x0000000000411420       0xdb contiki-minimal-net.a(ctimer.o)
 *fill*         0x00000000004114fb        0x5 90909090
 .text.ctimer_expired
                0x0000000000411500       0x52 contiki-minimal-net.a(ctimer.o)
                0x0000000000411500                ctimer_expired
 .text.ctimer_stop
                0x0000000000411552       0x37 contiki-minimal-net.a(ctimer.o)
                0x0000000000411552                ctimer_stop
 .text.ctimer_restart
                0x0000000000411589       0x65 contiki-minimal-net.a(ctimer.o)
                0x0000000000411589                ctimer_restart
 .text.ctimer_set
                0x00000000004115ee       0x7e contiki-minimal-net.a(ctimer.o)
                0x00000000004115ee                ctimer_set
 .text.ctimer_reset
                0x000000000041166c       0x65 contiki-minimal-net.a(ctimer.o)
                0x000000000041166c                ctimer_reset
 .text.ctimer_init
                0x00000000004116d1       0x29 contiki-minimal-net.a(ctimer.o)
                0x00000000004116d1                ctimer_init
 *fill*         0x00000000004116fa        0x2 90909090
 .text          0x00000000004116fc        0x0 contiki-minimal-net.a(stimer.o)
 .text.stimer_reset
                0x00000000004116fc        0x8 contiki-minimal-net.a(stimer.o)
                0x00000000004116fc                stimer_reset
 .text.stimer_elapsed
                0x0000000000411704        0xe contiki-minimal-net.a(stimer.o)
                0x0000000000411704                stimer_elapsed
 .text.stimer_remaining
                0x0000000000411712       0x15 contiki-minimal-net.a(stimer.o)
                0x0000000000411712                stimer_remaining
 .text.stimer_expired
                0x0000000000411727       0x25 contiki-minimal-net.a(stimer.o)
                0x0000000000411727                stimer_expired
 .text.stimer_restart
                0x000000000041174c        0xe contiki-minimal-net.a(stimer.o)
                0x000000000041174c                stimer_restart
 .text.stimer_set
                0x000000000041175a       0x12 contiki-minimal-net.a(stimer.o)
                0x000000000041175a                stimer_set
 .text          0x000000000041176c        0x0 contiki-minimal-net.a(random.o)
 .text.random_rand
                0x000000000041176c        0xe contiki-minimal-net.a(random.o)
                0x000000000041176c                random_rand
 .text.random_init
                0x000000000041177a       0x11 contiki-minimal-net.a(random.o)
                0x000000000041177a                random_init
 *fill*         0x000000000041178b        0x1 90909090
 .text          0x000000000041178c        0x0 contiki-minimal-net.a(ringbuf.o)
 .text.ringbuf_init
                0x000000000041178c       0x12 contiki-minimal-net.a(ringbuf.o)
                0x000000000041178c                ringbuf_init
 .text.ringbuf_put
                0x000000000041179e       0x3e contiki-minimal-net.a(ringbuf.o)
                0x000000000041179e                ringbuf_put
 .text.ringbuf_get
                0x00000000004117dc       0x37 contiki-minimal-net.a(ringbuf.o)
                0x00000000004117dc                ringbuf_get
 .text.ringbuf_size
                0x0000000000411813        0x8 contiki-minimal-net.a(ringbuf.o)
                0x0000000000411813                ringbuf_size
 .text.ringbuf_elements
                0x000000000041181b       0x11 contiki-minimal-net.a(ringbuf.o)
                0x000000000041181b                ringbuf_elements
 .text          0x000000000041182c        0x0 contiki-minimal-net.a(uiplib.o)
 *fill*         0x000000000041182c        0x4 90909090
 .text.uiplib_ipaddrconv
                0x0000000000411830      0x106 contiki-minimal-net.a(uiplib.o)
                0x0000000000411830                uiplib_ipaddrconv
 *fill*         0x0000000000411936        0xa 90909090
 .text          0x0000000000411940       0x99 /usr/lib/libc_nonshared.a(elf-init.oS)
                0x0000000000411940                __libc_csu_fini
                0x0000000000411950                __libc_csu_init
 *fill*         0x00000000004119d9        0x7 90909090
 .text          0x00000000004119e0       0x36 /usr/lib/gcc/x86_64-linux-gnu/4.4.3/crtend.o
 *fill*         0x0000000000411a16        0x2 90909090
 .text          0x0000000000411a18        0x0 /usr/lib/gcc/x86_64-linux-gnu/4.4.3/../../../../lib/crtn.o
 *(.gnu.warning)

.fini           0x0000000000411a18        0xe
 *(.fini)
 .fini          0x0000000000411a18        0x4 /usr/lib/gcc/x86_64-linux-gnu/4.4.3/../../../../lib/crti.o
                0x0000000000411a18                _fini
 .fini          0x0000000000411a1c        0x5 /usr/lib/gcc/x86_64-linux-gnu/4.4.3/crtbegin.o
 .fini          0x0000000000411a21        0x5 /usr/lib/gcc/x86_64-linux-gnu/4.4.3/../../../../lib/crtn.o
                0x0000000000411a26                PROVIDE (__etext, .)
                0x0000000000411a26                PROVIDE (_etext, .)
                0x0000000000411a26                PROVIDE (etext, .)

.rodata         0x0000000000411a40     0x242e
 *(.rodata .rodata.* .gnu.linkonce.r.*)
 .rodata.cst4   0x0000000000411a40        0x4 /usr/lib/gcc/x86_64-linux-gnu/4.4.3/../../../../lib/crt1.o
                0x0000000000411a40                _IO_stdin_used
 .rodata.str1.1
                0x0000000000411a44       0x69 dtls-server.co
                                         0x6b (size before relaxing)
 *fill*         0x0000000000411aad        0x3 00
 .rodata        0x0000000000411ab0       0x10 dtls-server.co
                0x0000000000411ab0                autostart_processes
 .rodata.str1.1
                0x0000000000411ac0        0x6 contiki-minimal-net.a(uip-debug.o)
                                          0xd (size before relaxing)
 *fill*         0x0000000000411ac6        0x2 00
 .rodata        0x0000000000411ac8      0x2c0 contiki-minimal-net.a(uip6.o)
 .rodata.str1.1
                0x0000000000411d88        0xd contiki-minimal-net.a(tcpip.o)
 .rodata.str1.1
                0x0000000000411d95      0x45a contiki-minimal-net.a(dtls.o)
                                        0x46b (size before relaxing)
 *fill*         0x00000000004121ef        0x1 00
 .rodata.str1.8
                0x00000000004121f0      0x484 contiki-minimal-net.a(dtls.o)
 *fill*         0x0000000000412674        0x4 00
 .rodata        0x0000000000412678       0x7c contiki-minimal-net.a(dtls.o)
 *fill*         0x00000000004126f4        0x4 00
 .rodata.str1.8
                0x00000000004126f8       0x28 contiki-minimal-net.a(crypto.o)
                                         0x21 (size before relaxing)
 .rodata.str1.1
                0x0000000000412720       0x2e contiki-minimal-net.a(crypto.o)
 .rodata.str1.1
                0x000000000041274e       0x33 contiki-minimal-net.a(debug.o)
 *fill*         0x0000000000412781       0x1f 00
 .rodata        0x00000000004127a0       0x38 contiki-minimal-net.a(debug.o)
 *fill*         0x00000000004127d8        0x8 00
 .rodata        0x00000000004127e0     0x1428 contiki-minimal-net.a(rijndael.o)
 .rodata.str1.1
                0x0000000000413c08       0x11 contiki-minimal-net.a(sha2.o)
 *fill*         0x0000000000413c19        0x7 00
 .rodata        0x0000000000413c20      0x140 contiki-minimal-net.a(sha2.o)
 .rodata.str1.1
                0x0000000000413d60        0x7 contiki-minimal-net.a(ccm.o)
 .rodata.str1.1
                0x0000000000413d67       0x17 contiki-minimal-net.a(netq.o)
 .rodata.str1.1
                0x0000000000413d7e       0x57 contiki-minimal-net.a(contiki-main.o)
                                         0x5c (size before relaxing)
 .rodata.str1.1
                0x0000000000413dd5        0xb contiki-minimal-net.a(tapdev-drv.o)
 .rodata.str1.1
                0x0000000000413de0       0x65 contiki-minimal-net.a(tapdev6.o)
                                         0x69 (size before relaxing)
 .rodata.str1.1
                0x0000000000413e45        0xe contiki-minimal-net.a(serial-line.o)
 .rodata.str1.1
                0x0000000000413e53        0xc contiki-minimal-net.a(etimer.o)
 .rodata.str1.1
                0x0000000000413e5f        0xf contiki-minimal-net.a(ctimer.o)

.rodata1
 *(.rodata1)

.eh_frame_hdr   0x0000000000413e70      0x834
 *(.eh_frame_hdr)
 .eh_frame_hdr  0x0000000000413e70      0x834 dtls-server.co

.eh_frame       0x00000000004146a8     0x1e04
 *(.eh_frame)
 .eh_frame      0x00000000004146a8       0xa0 dtls-server.co
                                         0x98 (size before relaxing)
 .eh_frame      0x0000000000414748       0x58 contiki-minimal-net.a(uip-debug.o)
                                         0x68 (size before relaxing)
 .eh_frame      0x00000000004147a0      0x228 contiki-minimal-net.a(uip6.o)
                                        0x1f8 (size before relaxing)
 .eh_frame      0x00000000004149c8      0x1a8 contiki-minimal-net.a(tcpip.o)
                                        0x188 (size before relaxing)
 .eh_frame      0x0000000000414b70       0x38 contiki-minimal-net.a(uip-udp-packet.)
                                         0x50 (size before relaxing)
 .eh_frame      0x0000000000414ba8       0x58 contiki-minimal-net.a(uip-icmp6.o)
                                         0x70 (size before relaxing)
 .eh_frame      0x0000000000414c00       0xc8 contiki-minimal-net.a(uip-nd6.o)
                                         0xd0 (size before relaxing)
 .eh_frame      0x0000000000414cc8       0xb0 contiki-minimal-net.a(uip-packetqueue)
                                         0xb8 (size before relaxing)
 .eh_frame      0x0000000000414d78      0x3c8 contiki-minimal-net.a(uip-ds6.o)
                                        0x378 (size before relaxing)
 .eh_frame      0x0000000000415140      0x4d0 contiki-minimal-net.a(dtls.o)
                                        0x490 (size before relaxing)
 .eh_frame      0x0000000000415610      0x190 contiki-minimal-net.a(crypto.o)
                                        0x188 (size before relaxing)
 .eh_frame      0x00000000004157a0       0xb8 contiki-minimal-net.a(hmac.o)
                                         0xc0 (size before relaxing)
 .eh_frame      0x0000000000415858       0x70 contiki-minimal-net.a(debug.o)
                                         0x80 (size before relaxing)
 .eh_frame      0x00000000004158c8       0x78 contiki-minimal-net.a(rijndael.o)
                                         0x88 (size before relaxing)
 .eh_frame      0x0000000000415940       0xd8 contiki-minimal-net.a(sha2.o)
                                         0xe8 (size before relaxing)
 .eh_frame      0x0000000000415a18       0x98 contiki-minimal-net.a(ccm.o)
                                         0xa8 (size before relaxing)
 .eh_frame      0x0000000000415ab0       0x88 contiki-minimal-net.a(netq.o)
                                         0x98 (size before relaxing)
 .eh_frame      0x0000000000415b38       0x80 contiki-minimal-net.a(contiki-main.o)
                                         0x88 (size before relaxing)
 .eh_frame      0x0000000000415bb8       0x60 contiki-minimal-net.a(clock.o)
                                         0x68 (size before relaxing)
 .eh_frame      0x0000000000415c18       0x20 contiki-minimal-net.a(tapdev-drv.o)
                                         0x38 (size before relaxing)
 .eh_frame      0x0000000000415c38       0xa0 contiki-minimal-net.a(tapdev6.o)
 .eh_frame      0x0000000000415cd8      0x158 contiki-minimal-net.a(process.o)
                                        0x148 (size before relaxing)
 .eh_frame      0x0000000000415e30       0x20 contiki-minimal-net.a(procinit.o)
                                         0x38 (size before relaxing)
 .eh_frame      0x0000000000415e50       0x40 contiki-minimal-net.a(autostart.o)
                                         0x58 (size before relaxing)
 .eh_frame      0x0000000000415e90       0x50 contiki-minimal-net.a(serial-line.o)
                                         0x60 (size before relaxing)
 .eh_frame      0x0000000000415ee0       0x60 contiki-minimal-net.a(memb.o)
                                         0x70 (size before relaxing)
 .eh_frame      0x0000000000415f40       0x78 contiki-minimal-net.a(timer.o)
                                         0x90 (size before relaxing)
 .eh_frame      0x0000000000415fb8      0x130 contiki-minimal-net.a(list.o)
                                        0x118 (size before relaxing)
 .eh_frame      0x00000000004160e8      0x158 contiki-minimal-net.a(etimer.o)
                                        0x150 (size before relaxing)
 .eh_frame      0x0000000000416240       0xd0 contiki-minimal-net.a(ctimer.o)
                                         0xd8 (size before relaxing)
 .eh_frame      0x0000000000416310       0x90 contiki-minimal-net.a(stimer.o)
                                         0xa8 (size before relaxing)
 .eh_frame      0x00000000004163a0       0x30 contiki-minimal-net.a(random.o)
                                         0x40 (size before relaxing)
 .eh_frame      0x00000000004163d0       0x78 contiki-minimal-net.a(ringbuf.o)
                                         0x80 (size before relaxing)
 .eh_frame      0x0000000000416448       0x20 contiki-minimal-net.a(uiplib.o)
                                         0x38 (size before relaxing)
 .eh_frame      0x0000000000416468       0x40 /usr/lib/libc_nonshared.a(elf-init.oS)
                                         0x50 (size before relaxing)
 .eh_frame      0x00000000004164a8        0x4 /usr/lib/gcc/x86_64-linux-gnu/4.4.3/crtend.o

.gcc_except_table
 *(.gcc_except_table .gcc_except_table.*)
                0x00000000004164ac                . = (ALIGN (0x200000) - ((0x200000 - .) & 0x1fffff))
                0x0000000000616e14                . = (0x200000 DATA_SEGMENT_ALIGN 0x1000)

.eh_frame
 *(.eh_frame)

.gcc_except_table
 *(.gcc_except_table .gcc_except_table.*)

.tdata
 *(.tdata .tdata.* .gnu.linkonce.td.*)

.tbss
 *(.tbss .tbss.* .gnu.linkonce.tb.*)
 *(.tcommon)

.preinit_array  0x0000000000616e14        0x0
                0x0000000000616e14                PROVIDE (__preinit_array_start, .)
 *(.preinit_array)
                0x0000000000616e14                PROVIDE (__preinit_array_end, .)

.init_array     0x0000000000616e14        0x0
                0x0000000000616e14                PROVIDE (__init_array_start, .)
 *(SORT(.init_array.*))
 *(.init_array)
                0x0000000000616e14                PROVIDE (__init_array_end, .)

.fini_array     0x0000000000616e14        0x0
                0x0000000000616e14                PROVIDE (__fini_array_start, .)
 *(.fini_array)
 *(SORT(.fini_array.*))
                0x0000000000616e14                PROVIDE (__fini_array_end, .)

.ctors          0x0000000000616e18       0x10
 *crtbegin.o(.ctors)
 .ctors         0x0000000000616e18        0x8 /usr/lib/gcc/x86_64-linux-gnu/4.4.3/crtbegin.o
 *crtbegin?.o(.ctors)
 *(EXCLUDE_FILE(*crtend?.o *crtend.o) .ctors)
 *(SORT(.ctors.*))
 *(.ctors)
 .ctors         0x0000000000616e20        0x8 /usr/lib/gcc/x86_64-linux-gnu/4.4.3/crtend.o

.dtors          0x0000000000616e28       0x10
 *crtbegin.o(.dtors)
 .dtors         0x0000000000616e28        0x8 /usr/lib/gcc/x86_64-linux-gnu/4.4.3/crtbegin.o
 *crtbegin?.o(.dtors)
 *(EXCLUDE_FILE(*crtend?.o *crtend.o) .dtors)
 *(SORT(.dtors.*))
 *(.dtors)
 .dtors         0x0000000000616e30        0x8 /usr/lib/gcc/x86_64-linux-gnu/4.4.3/crtend.o
                0x0000000000616e30                __DTOR_END__

.jcr            0x0000000000616e38        0x8
 *(.jcr)
 .jcr           0x0000000000616e38        0x0 /usr/lib/gcc/x86_64-linux-gnu/4.4.3/crtbegin.o
 .jcr           0x0000000000616e38        0x8 /usr/lib/gcc/x86_64-linux-gnu/4.4.3/crtend.o

.data.rel.ro
 *(.data.rel.ro.local* .gnu.linkonce.d.rel.ro.local.*)
 *(.data.rel.ro* .gnu.linkonce.d.rel.ro.*)

.dynamic        0x0000000000616e40      0x1a0
 *(.dynamic)
 .dynamic       0x0000000000616e40      0x1a0 /usr/lib/gcc/x86_64-linux-gnu/4.4.3/../../../../lib/crt1.o
                0x0000000000616e40                _DYNAMIC

.got            0x0000000000616fe0        0x8
 *(.got)
 .got           0x0000000000616fe0        0x8 /usr/lib/gcc/x86_64-linux-gnu/4.4.3/../../../../lib/crt1.o
 *(.igot)
                0x0000000000616fe8                . = (. DATA_SEGMENT_RELRO_END 0x18)

.got.plt        0x0000000000616fe8       0xd8
 *(.got.plt)
 .got.plt       0x0000000000616fe8       0xd8 /usr/lib/gcc/x86_64-linux-gnu/4.4.3/../../../../lib/crt1.o
                0x0000000000616fe8                _GLOBAL_OFFSET_TABLE_
 *(.igot.plt)
 .igot.plt      0x0000000000000000        0x0 /usr/lib/gcc/x86_64-linux-gnu/4.4.3/../../../../lib/crt1.o

.data           0x00000000006170c0      0x1e0
 *(.data .data.* .gnu.linkonce.d.*)
 .data          0x00000000006170c0        0x4 /usr/lib/gcc/x86_64-linux-gnu/4.4.3/../../../../lib/crt1.o
                0x00000000006170c0                data_start
                0x00000000006170c0                __data_start
 .data          0x00000000006170c4        0x0 /usr/lib/gcc/x86_64-linux-gnu/4.4.3/../../../../lib/crti.o
 *fill*         0x00000000006170c4        0x4 00
 .data          0x00000000006170c8        0x8 /usr/lib/gcc/x86_64-linux-gnu/4.4.3/crtbegin.o
                0x00000000006170c8                __dso_handle
 *fill*         0x00000000006170d0       0x10 00
 .data          0x00000000006170e0       0x20 dtls-server.co
                0x00000000006170e0                udp_server_process
 .data          0x0000000000617100        0x0 contiki-minimal-net.a(uip-debug.o)
 .data          0x0000000000617100        0x6 contiki-minimal-net.a(uip6.o)
                0x0000000000617100                uip_lladdr
 *fill*         0x0000000000617106       0x1a 00
 .data          0x0000000000617120       0x20 contiki-minimal-net.a(tcpip.o)
                0x0000000000617120                tcpip_process
 .data          0x0000000000617140        0x0 contiki-minimal-net.a(uip-udp-packet.)
 .data          0x0000000000617140        0x0 contiki-minimal-net.a(uip-icmp6.o)
 .data          0x0000000000617140        0x0 contiki-minimal-net.a(uip-nd6.o)
 .data          0x0000000000617140       0x18 contiki-minimal-net.a(uip-packetqueue)
 .data          0x0000000000617158        0x0 contiki-minimal-net.a(uip-ds6.o)
 *fill*         0x0000000000617158        0x8 00
 .data          0x0000000000617160       0x18 contiki-minimal-net.a(dtls.o)
 *fill*         0x0000000000617178        0x8 00
 .data          0x0000000000617180       0x18 contiki-minimal-net.a(crypto.o)
 *fill*         0x0000000000617198        0x8 00
 .data          0x00000000006171a0       0x18 contiki-minimal-net.a(hmac.o)
 .data          0x00000000006171b8        0x4 contiki-minimal-net.a(debug.o)
 .data          0x00000000006171bc        0x0 contiki-minimal-net.a(rijndael.o)
 .data          0x00000000006171bc        0x0 contiki-minimal-net.a(sha2.o)
 .data          0x00000000006171bc        0x0 contiki-minimal-net.a(ccm.o)
 *fill*         0x00000000006171bc        0x4 00
 .data          0x00000000006171c0       0x18 contiki-minimal-net.a(netq.o)
 *fill*         0x00000000006171d8        0x8 00
 .data          0x00000000006171e0       0x28 contiki-minimal-net.a(contiki-main.o)
                0x00000000006171e0                procinit
 .data          0x0000000000617208        0x0 contiki-minimal-net.a(clock.o)
 *fill*         0x0000000000617208       0x18 00
 .data          0x0000000000617220       0x20 contiki-minimal-net.a(tapdev-drv.o)
                0x0000000000617220                tapdev_process
 .data          0x0000000000617240        0x0 contiki-minimal-net.a(tapdev6.o)
 .data          0x0000000000617240        0x0 contiki-minimal-net.a(process.o)
 .data          0x0000000000617240        0x0 contiki-minimal-net.a(procinit.o)
 .data          0x0000000000617240        0x0 contiki-minimal-net.a(autostart.o)
 .data          0x0000000000617240       0x20 contiki-minimal-net.a(serial-line.o)
                0x0000000000617240                serial_line_process
 .data          0x0000000000617260        0x0 contiki-minimal-net.a(memb.o)
 .data          0x0000000000617260        0x0 contiki-minimal-net.a(timer.o)
 .data          0x0000000000617260        0x0 contiki-minimal-net.a(list.o)
 .data          0x0000000000617260       0x20 contiki-minimal-net.a(etimer.o)
                0x0000000000617260                etimer_process
 .data          0x0000000000617280       0x20 contiki-minimal-net.a(ctimer.o)
                0x0000000000617280                ctimer_process
 .data          0x00000000006172a0        0x0 contiki-minimal-net.a(stimer.o)
 .data          0x00000000006172a0        0x0 contiki-minimal-net.a(random.o)
 .data          0x00000000006172a0        0x0 contiki-minimal-net.a(ringbuf.o)
 .data          0x00000000006172a0        0x0 contiki-minimal-net.a(uiplib.o)
 .data          0x00000000006172a0        0x0 /usr/lib/libc_nonshared.a(elf-init.oS)
 .data          0x00000000006172a0        0x0 /usr/lib/gcc/x86_64-linux-gnu/4.4.3/crtend.o
 .data          0x00000000006172a0        0x0 /usr/lib/gcc/x86_64-linux-gnu/4.4.3/../../../../lib/crtn.o

.data1
 *(.data1)
                0x00000000006172a0                _edata = .
                0x00000000006172a0                PROVIDE (edata, .)
                0x00000000006172a0                __bss_start = .

.bss            0x00000000006172a0     0x7f68
 *(.dynbss)
 .dynbss        0x00000000006172a0        0x8 /usr/lib/gcc/x86_64-linux-gnu/4.4.3/../../../../lib/crt1.o
                0x00000000006172a0                stdout@@GLIBC_2.2.5
 *(.bss .bss.* .gnu.linkonce.b.*)
 .bss           0x00000000006172a8        0x0 /usr/lib/gcc/x86_64-linux-gnu/4.4.3/../../../../lib/crt1.o
 .bss           0x00000000006172a8        0x0 /usr/lib/gcc/x86_64-linux-gnu/4.4.3/../../../../lib/crti.o
 .bss           0x00000000006172a8       0x10 /usr/lib/gcc/x86_64-linux-gnu/4.4.3/crtbegin.o
 .bss           0x00000000006172b8       0x10 dtls-server.co
 .bss           0x00000000006172c8        0x0 contiki-minimal-net.a(uip-debug.o)
 *fill*         0x00000000006172c8       0x18 00
 .bss           0x00000000006172e0      0x53c contiki-minimal-net.a(uip6.o)
                0x00000000006172e0                uip_ext_bitmap
                0x00000000006172e1                uip_ext_len
                0x00000000006172e2                uip_ext_opt_offset
 *fill*         0x000000000061781c        0x4 00
 .bss           0x0000000000617820      0x2d0 contiki-minimal-net.a(tcpip.o)
 .bss           0x0000000000617af0        0x0 contiki-minimal-net.a(uip-udp-packet.)
 .bss           0x0000000000617af0       0x10 contiki-minimal-net.a(uip-icmp6.o)
 .bss           0x0000000000617b00       0x50 contiki-minimal-net.a(uip-nd6.o)
 *fill*         0x0000000000617b50       0x10 00
 .bss           0x0000000000617b60      0xad0 contiki-minimal-net.a(uip-packetqueue)
 .bss           0x0000000000618630       0x60 contiki-minimal-net.a(uip-ds6.o)
 *fill*         0x0000000000618690       0x10 00
 .bss           0x00000000006186a0      0x800 contiki-minimal-net.a(dtls.o)
                0x00000000006186a0                compression_methods
 .bss           0x0000000000618ea0      0x860 contiki-minimal-net.a(crypto.o)
 .bss           0x0000000000619700      0x2c0 contiki-minimal-net.a(hmac.o)
 .bss           0x00000000006199c0       0x20 contiki-minimal-net.a(debug.o)
 .bss           0x00000000006199e0        0x0 contiki-minimal-net.a(rijndael.o)
 .bss           0x00000000006199e0        0x0 contiki-minimal-net.a(sha2.o)
 .bss           0x00000000006199e0        0x8 contiki-minimal-net.a(ccm.o)
 *fill*         0x00000000006199e8       0x18 00
 .bss           0x0000000000619a00      0x2a0 contiki-minimal-net.a(netq.o)
 .bss           0x0000000000619ca0        0x2 contiki-minimal-net.a(contiki-main.o)
 *fill*         0x0000000000619ca2        0x6 00
 .bss           0x0000000000619ca8       0x10 contiki-minimal-net.a(clock.o)