Archive member included because of file (symbol)

contiki-avr-raven.a(hmac_sha2.o)
                              tcp-server.co (hmac_sha256)
contiki-avr-raven.a(etimer.o)
                              tcp-server.co (etimer_set)
contiki-avr-raven.a(contiki-raven-m)
                              /usr/lib/gcc/avr/4.3.2/../../../avr/lib/avr51/crtm1284p.o (main)
contiki-avr-raven.a(clock.o)  contiki-avr-raven.a(contiki-raven-m) (clock_init)
contiki-avr-raven.a(rs232.o)  contiki-avr-raven.a(contiki-raven-m) (rs232_init)
contiki-avr-raven.a(watchdog.o)
                              contiki-avr-raven.a(contiki-raven-m) (watchdog_init)
contiki-avr-raven.a(rf230bb.o)
                              contiki-avr-raven.a(contiki-raven-m) (rf230_get_channel)
contiki-avr-raven.a(halbb.o)  contiki-avr-raven.a(rf230bb.o) (hal_init)
contiki-avr-raven.a(sha2.o)   contiki-avr-raven.a(hmac_sha2.o) (sha256_init)
contiki-avr-raven.a(rimeaddr.o)
                              contiki-avr-raven.a(contiki-raven-m) (rimeaddr_set_node_addr)
contiki-avr-raven.a(rimestats.o)
                              contiki-avr-raven.a(rf230bb.o) (rimestats)
contiki-avr-raven.a(nullmac.o)
                              contiki-avr-raven.a(contiki-raven-m) (nullmac_driver)
contiki-avr-raven.a(sicslowmac.o)
                              contiki-avr-raven.a(contiki-raven-m) (sicslowmac_driver)
contiki-avr-raven.a(process.o)
                              contiki-avr-raven.a(etimer.o) (process_current)
contiki-avr-raven.a(autostart.o)
                              contiki-avr-raven.a(contiki-raven-m) (autostart_start)
contiki-avr-raven.a(mmem.o)   contiki-avr-raven.a(contiki-raven-m) (mmem_init)
contiki-avr-raven.a(timer.o)  contiki-avr-raven.a(etimer.o) (timer_reset)
contiki-avr-raven.a(list.o)   contiki-avr-raven.a(mmem.o) (list_init)
contiki-avr-raven.a(ctimer.o)
                              contiki-avr-raven.a(contiki-raven-m) (ctimer_init)
contiki-avr-raven.a(rtimer.o)
                              contiki-avr-raven.a(contiki-raven-m) (rtimer_init)
contiki-avr-raven.a(random.o)
                              contiki-avr-raven.a(sicslowmac.o) (random_rand)
contiki-avr-raven.a(packetbuf.o)
                              contiki-avr-raven.a(sicslowmac.o) (packetbuf_hdralloc)
contiki-avr-raven.a(queuebuf.o)
                              contiki-avr-raven.a(contiki-raven-m) (queuebuf_init)
contiki-avr-raven.a(uip6.o)   contiki-avr-raven.a(contiki-raven-m) (uip_lladdr)
contiki-avr-raven.a(tcpip.o)  contiki-avr-raven.a(uip6.o) (tcpip_uipcall)
contiki-avr-raven.a(uip-split.o)
                              contiki-avr-raven.a(tcpip.o) (uip_split_output)
contiki-avr-raven.a(uip-icmp6.o)
                              contiki-avr-raven.a(uip6.o) (uip_icmp6_echo_request_input)
contiki-avr-raven.a(uip-nd6.o)
                              contiki-avr-raven.a(uip6.o) (uip_nd6_ra_input)
contiki-avr-raven.a(uip-packetqueue)
                              contiki-avr-raven.a(tcpip.o) (uip_packetqueue_buf)
contiki-avr-raven.a(sicslowpan.o)
                              contiki-avr-raven.a(contiki-raven-m) (sicslowpan_driver)
contiki-avr-raven.a(uip-ds6.o)
                              contiki-avr-raven.a(uip-nd6.o) (uip_ds6_defrt_rm)
contiki-avr-raven.a(rtimer-arch.o)
                              contiki-avr-raven.a(rtimer.o) (rtimer_arch_init)
contiki-avr-raven.a(frame802154.o)
                              contiki-avr-raven.a(sicslowmac.o) (frame802154_parse)
contiki-avr-raven.a(memb.o)   contiki-avr-raven.a(queuebuf.o) (memb_alloc)
contiki-avr-raven.a(stimer.o)
                              contiki-avr-raven.a(uip-nd6.o) (stimer_remaining)
/usr/lib/gcc/avr/4.3.2/avr51/libgcc.a(_mulsi3.o)
                              contiki-avr-raven.a(uip-ds6.o) (__mulsi3)
/usr/lib/gcc/avr/4.3.2/avr51/libgcc.a(_udivmodhi4.o)
                              contiki-avr-raven.a(contiki-raven-m) (__udivmodhi4)
/usr/lib/gcc/avr/4.3.2/avr51/libgcc.a(_udivmodsi4.o)
                              contiki-avr-raven.a(tcpip.o) (__udivmodsi4)
/usr/lib/gcc/avr/4.3.2/avr51/libgcc.a(_exit.o)
                              /usr/lib/gcc/avr/4.3.2/../../../avr/lib/avr51/crtm1284p.o (exit)
/usr/lib/gcc/avr/4.3.2/avr51/libgcc.a(_clear_bss.o)
                              tcp-server.co (__do_clear_bss)
/usr/lib/gcc/avr/4.3.2/../../../avr/lib/avr51/libc.a(rand.o)
                              contiki-avr-raven.a(random.o) (rand)
/usr/lib/gcc/avr/4.3.2/../../../avr/lib/avr51/libc.a(memcmp.o)
                              contiki-avr-raven.a(uip6.o) (memcmp)
/usr/lib/gcc/avr/4.3.2/../../../avr/lib/avr51/libc.a(memcpy.o)
                              contiki-avr-raven.a(hmac_sha2.o) (memcpy)
/usr/lib/gcc/avr/4.3.2/../../../avr/lib/avr51/libc.a(memmove.o)
                              contiki-avr-raven.a(mmem.o) (memmove)
/usr/lib/gcc/avr/4.3.2/../../../avr/lib/avr51/libc.a(memset.o)
                              contiki-avr-raven.a(hmac_sha2.o) (memset)
/usr/lib/gcc/avr/4.3.2/../../../avr/lib/avr51/libc.a(eerd_block.o)
                              contiki-avr-raven.a(contiki-raven-m) (__eerd_block)
/usr/lib/gcc/avr/4.3.2/../../../avr/lib/avr51/libc.a(iob.o)
                              contiki-avr-raven.a(rs232.o) (__iob)
/usr/lib/gcc/avr/4.3.2/../../../avr/lib/avr51/libc.a(printf_p.o)
                              contiki-avr-raven.a(contiki-raven-m) (printf_P)
/usr/lib/gcc/avr/4.3.2/../../../avr/lib/avr51/libc.a(vsnprintf.o)
                              contiki-avr-raven.a(rs232.o) (vsnprintf)
/usr/lib/gcc/avr/4.3.2/../../../avr/lib/avr51/libc.a(vfprintf_std.o)
                              /usr/lib/gcc/avr/4.3.2/../../../avr/lib/avr51/libc.a(printf_p.o) (vfprintf)
/usr/lib/gcc/avr/4.3.2/../../../avr/lib/avr51/libc.a(strnlen_P.o)
                              /usr/lib/gcc/avr/4.3.2/../../../avr/lib/avr51/libc.a(vfprintf_std.o) (strnlen_P)
/usr/lib/gcc/avr/4.3.2/../../../avr/lib/avr51/libc.a(strnlen.o)
                              /usr/lib/gcc/avr/4.3.2/../../../avr/lib/avr51/libc.a(vfprintf_std.o) (strnlen)
/usr/lib/gcc/avr/4.3.2/../../../avr/lib/avr51/libc.a(fputc.o)
                              /usr/lib/gcc/avr/4.3.2/../../../avr/lib/avr51/libc.a(vfprintf_std.o) (fputc)
/usr/lib/gcc/avr/4.3.2/../../../avr/lib/avr51/libc.a(ultoa_invert.o)
                              /usr/lib/gcc/avr/4.3.2/../../../avr/lib/avr51/libc.a(vfprintf_std.o) (__ultoa_invert)
/usr/lib/gcc/avr/4.3.2/avr51/libgcc.a(_divmodsi4.o)
                              /usr/lib/gcc/avr/4.3.2/../../../avr/lib/avr51/libc.a(rand.o) (__divmodsi4)
/usr/lib/gcc/avr/4.3.2/avr51/libgcc.a(_prologue.o)
                              /usr/lib/gcc/avr/4.3.2/../../../avr/lib/avr51/libc.a(rand.o) (__prologue_saves__)
/usr/lib/gcc/avr/4.3.2/avr51/libgcc.a(_epilogue.o)
                              /usr/lib/gcc/avr/4.3.2/../../../avr/lib/avr51/libc.a(rand.o) (__epilogue_restores__)

Allocating common symbols
Common symbol       size              file

rf230_last_correlation
                    0x1               contiki-avr-raven.a(rf230bb.o)
rf230_last_rssi     0x1               contiki-avr-raven.a(rf230bb.o)
rf230_time_of_departure
                    0x2               contiki-avr-raven.a(rf230bb.o)
uip_ds6_if          0xeb              contiki-avr-raven.a(uip-ds6.o)
sicslowpan_mac      0x2               contiki-avr-raven.a(sicslowpan.o)
uip_len             0x2               contiki-avr-raven.a(uip6.o)
rimestats           0x48              contiki-avr-raven.a(rimestats.o)
uip_sappdata        0x2               contiki-avr-raven.a(uip6.o)
packetbuf_addrs     0x20              contiki-avr-raven.a(packetbuf.o)
uip_acc32           0x4               contiki-avr-raven.a(uip6.o)
uip_ds6_prefix_list
                    0x6c              contiki-avr-raven.a(uip-ds6.o)
rimeaddr_node_addr  0x8               contiki-avr-raven.a(rimeaddr.o)
frag_sender         0x8               contiki-avr-raven.a(sicslowpan.o)
rf230_calibrate     0x1               contiki-avr-raven.a(rf230bb.o)
uip_lladdr          0x8               contiki-avr-raven.a(uip6.o)
uip_aligned_buf     0x500             contiki-avr-raven.a(uip6.o)
uip_flags           0x1               contiki-avr-raven.a(uip6.o)
eeprom_channel      0x1               contiki-avr-raven.a(contiki-raven-m)
uip_ds6_timer_periodic
                    0x8               contiki-avr-raven.a(uip-ds6.o)
uip_next_hdr        0x2               contiki-avr-raven.a(uip6.o)
uip_ds6_defrt_list  0x34              contiki-avr-raven.a(uip-ds6.o)
uip_udp_conn        0x2               contiki-avr-raven.a(uip6.o)
rf230_calibrated    0x1               contiki-avr-raven.a(rf230bb.o)
packetbuf_attrs     0x30              contiki-avr-raven.a(packetbuf.o)
uip_ds6_nbr_cache   0x3c0             contiki-avr-raven.a(uip-ds6.o)
rf230_authority_level_of_sender
                    0x2               contiki-avr-raven.a(rf230bb.o)
uip_appdata         0x2               contiki-avr-raven.a(uip6.o)
rf230_time_of_arrival
                    0x2               contiki-avr-raven.a(rf230bb.o)
uip_conn            0x2               contiki-avr-raven.a(uip6.o)
rxframe_tail        0x1               contiki-avr-raven.a(rf230bb.o)
tcpip_event         0x1               contiki-avr-raven.a(tcpip.o)
uip_conns           0x2c              contiki-avr-raven.a(uip6.o)
uip_icmp6_conns     0x4               contiki-avr-raven.a(uip6.o)
rxframe_head        0x1               contiki-avr-raven.a(rf230bb.o)
rxframe             0x82              contiki-avr-raven.a(rf230bb.o)
sleepseconds        0x4               contiki-avr-raven.a(clock.o)
seconds             0x4               contiki-avr-raven.a(clock.o)
osccal_original     0x1               contiki-avr-raven.a(rf230bb.o)
uip_listenports     0x2               contiki-avr-raven.a(uip6.o)
RF230_sleeping      0x1               contiki-avr-raven.a(rf230bb.o)
uip_ds6_timer_rs    0x8               contiki-avr-raven.a(uip-ds6.o)
avail_memory        0x2               contiki-avr-raven.a(mmem.o)
RF230_receive_on    0x1               contiki-avr-raven.a(rf230bb.o)
osccal_calibrated   0x1               contiki-avr-raven.a(rf230bb.o)
uip_ds6_routing_table
                    0x398             contiki-avr-raven.a(uip-ds6.o)
__iob               0x6               /usr/lib/gcc/avr/4.3.2/../../../avr/lib/avr51/libc.a(iob.o)
tcpip_icmp6_event   0x1               contiki-avr-raven.a(tcpip.o)
uip_slen            0x2               contiki-avr-raven.a(uip6.o)
uip_udp_conns       0xfa              contiki-avr-raven.a(uip6.o)

Memory Configuration

Name             Origin             Length             Attributes
text             0x0000000000000000 0x0000000000020000 xr
data             0x0000000000800060 0x000000000000ffa0 rw !x
eeprom           0x0000000000810000 0x0000000000010000 rw !x
fuse             0x0000000000820000 0x0000000000000400 rw !x
lock             0x0000000000830000 0x0000000000000400 rw !x
signature        0x0000000000840000 0x0000000000000400 rw !x
*default*        0x0000000000000000 0xffffffffffffffff

Linker script and memory map

Address of section .data set to 0x800100
LOAD /usr/lib/gcc/avr/4.3.2/../../../avr/lib/avr51/crtm1284p.o
Address of section .bootloader set to 0x1f800
LOAD tcp-server.co
LOAD contiki-avr-raven.a
LOAD /usr/lib/gcc/avr/4.3.2/avr51/libgcc.a
LOAD /usr/lib/gcc/avr/4.3.2/../../../avr/lib/avr51/libc.a
LOAD /usr/lib/gcc/avr/4.3.2/avr51/libgcc.a

.hash
 *(.hash)

.dynsym
 *(.dynsym)

.dynstr
 *(.dynstr)

.gnu.version
 *(.gnu.version)

.gnu.version_d
 *(.gnu.version_d)

.gnu.version_r
 *(.gnu.version_r)

.rel.init
 *(.rel.init)

.rela.init
 *(.rela.init)

.rel.text
 *(.rel.text)
 *(.rel.text.*)
 *(.rel.gnu.linkonce.t*)

.rela.text
 *(.rela.text)
 *(.rela.text.*)
 *(.rela.gnu.linkonce.t*)

.rel.fini
 *(.rel.fini)

.rela.fini
 *(.rela.fini)

.rel.rodata
 *(.rel.rodata)
 *(.rel.rodata.*)
 *(.rel.gnu.linkonce.r*)

.rela.rodata
 *(.rela.rodata)
 *(.rela.rodata.*)
 *(.rela.gnu.linkonce.r*)

.rel.data
 *(.rel.data)
 *(.rel.data.*)
 *(.rel.gnu.linkonce.d*)

.rela.data
 *(.rela.data)
 *(.rela.data.*)
 *(.rela.gnu.linkonce.d*)

.rel.ctors
 *(.rel.ctors)

.rela.ctors
 *(.rela.ctors)

.rel.dtors
 *(.rel.dtors)

.rela.dtors
 *(.rela.dtors)

.rel.got
 *(.rel.got)

.rela.got
 *(.rela.got)

.rel.bss
 *(.rel.bss)

.rela.bss
 *(.rela.bss)

.rel.plt
 *(.rel.plt)

.rela.plt
 *(.rela.plt)

.text           0x0000000000000000     0x9e60
 *(.vectors)
 .vectors       0x0000000000000000       0x8c /usr/lib/gcc/avr/4.3.2/../../../avr/lib/avr51/crtm1284p.o
                0x0000000000000000                __vectors
                0x0000000000000000                __vector_default
 *(.vectors)
 *(.progmem.gcc*)
 *(.progmem*)
 .progmem.data  0x000000000000008c       0x50 contiki-avr-raven.a(contiki-raven-m)
                0x00000000000000dc                . = ALIGN (0x2)
                0x00000000000000dc                __trampolines_start = .
 *(.trampolines)
 .trampolines   0x00000000000000dc        0x0 linker stubs
 *(.trampolines*)
                0x00000000000000dc                __trampolines_end = .
 *(.jumptables)
 *(.jumptables*)
 *(.lowtext)
 *(.lowtext*)
                0x00000000000000dc                __ctors_start = .
 *(.ctors)
                0x00000000000000dc                __ctors_end = .
                0x00000000000000dc                __dtors_start = .
 *(.dtors)
                0x00000000000000dc                __dtors_end = .
 SORT(*)(.ctors)
 SORT(*)(.dtors)
 *(.init0)
 .init0         0x00000000000000dc        0x0 /usr/lib/gcc/avr/4.3.2/../../../avr/lib/avr51/crtm1284p.o
                0x00000000000000dc                __init
 *(.init0)
 *(.init1)
 *(.init1)
 *(.init2)
 .init2         0x00000000000000dc        0xc /usr/lib/gcc/avr/4.3.2/../../../avr/lib/avr51/crtm1284p.o
 *(.init2)
 *(.init3)
 *(.init3)
 *(.init4)
 .init4         0x00000000000000e8       0x1a /usr/lib/gcc/avr/4.3.2/../../../avr/lib/avr51/crtm1284p.o
                0x00000000000000e8                __do_copy_data
 .init4         0x0000000000000102       0x10 /usr/lib/gcc/avr/4.3.2/avr51/libgcc.a(_clear_bss.o)
                0x0000000000000102                __do_clear_bss
 *(.init4)
 *(.init5)
 *(.init5)
 *(.init6)
 *(.init6)
 *(.init7)
 *(.init7)
 *(.init8)
 *(.init8)
 *(.init9)
 .init9         0x0000000000000112        0x8 /usr/lib/gcc/avr/4.3.2/../../../avr/lib/avr51/crtm1284p.o
 *(.init9)
 *(.text)
 .text          0x000000000000011a        0x4 /usr/lib/gcc/avr/4.3.2/../../../avr/lib/avr51/crtm1284p.o
                0x000000000000011a                __vector_1
                0x000000000000011a                __vector_34
                0x000000000000011a                __vector_24
                0x000000000000011a                __bad_interrupt
                0x000000000000011a                __vector_6
                0x000000000000011a                __vector_31
                0x000000000000011a                __vector_3
                0x000000000000011a                __vector_23
                0x000000000000011a                __vector_25
                0x000000000000011a                __vector_11
                0x000000000000011a                __vector_13
                0x000000000000011a                __vector_17
                0x000000000000011a                __vector_19
                0x000000000000011a                __vector_7
                0x000000000000011a                __vector_27
                0x000000000000011a                __vector_5
                0x000000000000011a                __vector_33
                0x000000000000011a                __vector_4
                0x000000000000011a                __vector_9
                0x000000000000011a                __vector_2
                0x000000000000011a                __vector_21
                0x000000000000011a                __vector_29
                0x000000000000011a                __vector_8
                0x000000000000011a                __vector_26
                0x000000000000011a                __vector_14
                0x000000000000011a                __vector_10
                0x000000000000011a                __vector_18
 .text          0x000000000000011e       0x66 tcp-server.co
 .text          0x0000000000000184      0x282 contiki-avr-raven.a(hmac_sha2.o)
                0x0000000000000184                hmac_sha256_update
                0x000000000000018a                hmac_sha256_final
                0x000000000000021a                hmac_sha256_reinit
                0x0000000000000244                hmac_sha256_init
                0x0000000000000386                hmac_sha256
 .text          0x0000000000000406      0x2e4 contiki-avr-raven.a(etimer.o)
                0x0000000000000406                etimer_expired
                0x000000000000041c                etimer_expiration_time
                0x000000000000042e                etimer_start_time
                0x0000000000000436                etimer_pending
                0x000000000000044c                etimer_next_expiration_time
                0x00000000000004d0                etimer_stop
                0x0000000000000520                etimer_adjust
                0x0000000000000534                etimer_request_poll
                0x00000000000006a8                etimer_restart
                0x00000000000006be                etimer_reset
                0x00000000000006d4                etimer_set
 .text          0x00000000000006ea      0x296 contiki-avr-raven.a(contiki-raven-m)
                0x00000000000006fa                log_message
                0x0000000000000734                initialize
                0x0000000000000972                main
 .text          0x0000000000000980      0x1c0 contiki-avr-raven.a(clock.o)
                0x0000000000000980                clock_adjust_seconds
                0x0000000000000a00                clock_init
                0x0000000000000a20                clock_time
                0x0000000000000a3a                clock_delay
                0x0000000000000a50                clock_wait
                0x0000000000000a8a                clock_set_seconds
                0x0000000000000a8c                clock_seconds
                0x0000000000000abc                __vector_16
 .text          0x0000000000000b40      0x300 contiki-avr-raven.a(rs232.o)
                0x0000000000000b40                __vector_22
                0x0000000000000b58                __vector_20
                0x0000000000000bbc                __vector_30
                0x0000000000000bd4                __vector_28
                0x0000000000000c38                rs232_init
                0x0000000000000c72                rs232_print_p
                0x0000000000000cba                rs232_print
                0x0000000000000d24                rs232_send
                0x0000000000000d50                rs232_set_input
                0x0000000000000d6e                slip_arch_writeb
                0x0000000000000d88                rs232_stdout_putchar
                0x0000000000000df8                rs232_redirect_stdout
                0x0000000000000e0a                rs232_printf
 .text          0x0000000000000e40       0x7a contiki-avr-raven.a(watchdog.o)
                0x0000000000000e40                watchdog_init
                0x0000000000000e60                watchdog_start
                0x0000000000000e8a                watchdog_periodic
                0x0000000000000e8e                watchdog_stop
                0x0000000000000ea0                watchdog_reboot
 .text          0x0000000000000eba      0x95c contiki-avr-raven.a(rf230bb.o)
                0x0000000000000eba                rf230_set_promiscuous_mode
                0x0000000000000ec0                calibrate_rc_osc_32k
                0x0000000000000fb8                rf230_get_channel
                0x0000000000000fe8                rf230_is_ready_to_send
                0x0000000000001022                rf230_get_txpower
                0x0000000000001126                rf230_on
                0x00000000000011fc                rf230_off
                0x000000000000125a                rf230_get_raw_rssi
                0x00000000000012c6                rf230_set_txpower
                0x00000000000012d6                rf230_set_channel
                0x00000000000012f2                rf230_listen_channel
                0x0000000000001432                rf230_interrupt
                0x00000000000016a4                rf230_set_pan_addr
                0x0000000000001770                rf230_init
 .text          0x0000000000001816      0x32e contiki-avr-raven.a(halbb.o)
                0x0000000000001816                hal_init
                0x0000000000001850                hal_register_read
                0x0000000000001886                hal_register_write
                0x00000000000018bc                hal_subregister_read
                0x00000000000018e2                hal_subregister_write
                0x0000000000001956                hal_frame_read
                0x00000000000019b8                hal_frame_write
                0x0000000000001a10                __vector_15
                0x0000000000001a3e                __vector_12
 .text          0x0000000000001b44      0xa40 contiki-avr-raven.a(sha2.o)
                0x0000000000001b44                sha256_transf
                0x0000000000002200                sha256_init
                0x0000000000002242                sha256_final
                0x0000000000002398                sha256_update
                0x00000000000024e6                sha256
 .text          0x0000000000002584       0x76 contiki-avr-raven.a(rimeaddr.o)
                0x0000000000002584                rimeaddr_copy
                0x00000000000025a6                rimeaddr_cmp
                0x00000000000025d8                rimeaddr_set_node_addr
 .text          0x00000000000025fa        0x0 contiki-avr-raven.a(rimestats.o)
 .text          0x00000000000025fa       0x38 contiki-avr-raven.a(nullmac.o)
 .text          0x0000000000002632      0x250 contiki-avr-raven.a(sicslowmac.o)
 .text          0x0000000000002882      0x3a2 contiki-avr-raven.a(process.o)
                0x0000000000002882                process_alloc_event
                0x00000000000029b8                process_exit
                0x00000000000029c6                process_init
                0x00000000000029e6                process_run
                0x0000000000002b26                process_nevents
                0x0000000000002b38                process_post
                0x0000000000002b80                process_post_synch
                0x0000000000002b9e                process_start
                0x0000000000002bf8                process_poll
                0x0000000000002c10                process_is_running
 .text          0x0000000000002c24       0x38 contiki-avr-raven.a(autostart.o)
                0x0000000000002c24                autostart_exit
                0x0000000000002c3e                autostart_start
 .text          0x0000000000002c5c       0xf4 contiki-avr-raven.a(mmem.o)
                0x0000000000002c5c                get_avail_memory
                0x0000000000002c66                mmem_init
                0x0000000000002c7c                mmem_free
                0x0000000000002cf2                mmem_alloc
 .text          0x0000000000002d50       0xa0 contiki-avr-raven.a(timer.o)
                0x0000000000002d50                timer_reset
                0x0000000000002d64                timer_remaining
                0x0000000000002d8e                timer_expired
                0x0000000000002dbe                timer_restart
                0x0000000000002dd4                timer_set
 .text          0x0000000000002df0      0x25e contiki-avr-raven.a(list.o)
                0x0000000000002df0                list_init
                0x0000000000002df8                list_head
                0x0000000000002e00                list_copy
                0x0000000000002e0e                list_tail
                0x0000000000002e30                list_add
                0x0000000000002ea8                list_push
                0x0000000000002f02                list_chop
                0x0000000000002f50                list_pop
                0x0000000000002f68                list_remove
                0x0000000000002fb2                list_length
                0x0000000000002fd2                list_insert
                0x000000000000303a                list_item_next
 .text          0x000000000000304e      0x26e contiki-avr-raven.a(ctimer.o)
                0x000000000000311c                ctimer_expired
                0x0000000000003164                ctimer_stop
                0x0000000000003194                ctimer_restart
                0x00000000000031e8                ctimer_set
                0x000000000000324e                ctimer_reset
                0x00000000000032a2                ctimer_init
 .text          0x00000000000032bc       0x7a contiki-avr-raven.a(rtimer.o)
                0x00000000000032bc                rtimer_run_next
                0x00000000000032fa                rtimer_set
                0x0000000000003330                rtimer_init
 .text          0x0000000000003336        0xc contiki-avr-raven.a(random.o)
                0x0000000000003336                random_rand
                0x000000000000333c                random_init
 .text          0x0000000000003342      0x3ea contiki-avr-raven.a(packetbuf.o)
                0x0000000000003342                packetbuf_clear_hdr
                0x000000000000334a                packetbuf_hdralloc
                0x0000000000003388                packetbuf_hdr_remove
                0x0000000000003394                packetbuf_hdrreduce
                0x00000000000033d2                packetbuf_set_datalen
                0x00000000000033dc                packetbuf_dataptr
                0x00000000000033f6                packetbuf_hdrptr
                0x000000000000340a                packetbuf_is_reference
                0x000000000000342e                packetbuf_reference_ptr
                0x0000000000003438                packetbuf_datalen
                0x0000000000003442                packetbuf_hdrlen
                0x000000000000344c                packetbuf_totlen
                0x0000000000003464                packetbuf_set_attr
                0x000000000000347a                packetbuf_attr
                0x000000000000348c                packetbuf_addr
                0x00000000000034a2                packetbuf_set_addr
                0x00000000000034bc                packetbuf_attr_clear
                0x00000000000034fe                packetbuf_clear
                0x000000000000352c                packetbuf_reference
                0x0000000000003556                packetbuf_attr_copyfrom
                0x0000000000003578                packetbuf_attr_copyto
                0x000000000000359a                packetbuf_copyto
                0x0000000000003636                packetbuf_copyto_hdr
                0x000000000000366e                packetbuf_compact
                0x00000000000036e0                packetbuf_copyfrom
 .text          0x000000000000372c      0x1a2 contiki-avr-raven.a(queuebuf.o)
                0x000000000000372c                queuebuf_datalen
                0x0000000000003734                queuebuf_addr
                0x000000000000374c                queuebuf_attr
                0x0000000000003762                queuebuf_debug_print
                0x0000000000003764                queuebuf_dataptr
                0x00000000000037a0                queuebuf_to_packetbuf
                0x0000000000003812                queuebuf_free
                0x000000000000384a                queuebuf_new_from_packetbuf
                0x00000000000038bc                queuebuf_init
 .text          0x00000000000038ce     0x169c contiki-avr-raven.a(uip6.o)
                0x00000000000038ce                uip_add32
                0x000000000000393e                uip_chksum
                0x000000000000398e                uip_ipchksum
                0x0000000000003ab4                uip_icmp6chksum
                0x0000000000003abc                uip_tcpchksum
                0x0000000000003ac4                uip_udpchksum
                0x0000000000003acc                uip_connect
                0x0000000000003b98                uip_unlisten
                0x0000000000003bbc                uip_listen
                0x0000000000003c12                uip_htons
                0x0000000000003c1a                uip_htonl
                0x0000000000003c54                uip_send
                0x0000000000003d4a                uip_process
                0x0000000000004e28                uip_udp_new
                0x0000000000004f20                uip_init
 .text          0x0000000000004f6a      0x742 contiki-avr-raven.a(tcpip.o)
                0x0000000000004f6a                tcpip_output
                0x0000000000004f7e                tcpip_set_outputfunc
                0x0000000000004f88                tcp_attach
                0x0000000000004f9c                udp_attach
                0x0000000000004fb0                icmp6_new
                0x0000000000004fde                tcp_unlisten
                0x0000000000005034                tcpip_uipcall
                0x00000000000050ac                tcpip_input
                0x00000000000050c8                tcpip_icmp6_call
                0x00000000000050f6                tcpip_poll_tcp
                0x0000000000005104                tcpip_poll_udp
                0x0000000000005112                tcpip_ipv6_output
                0x000000000000559e                udp_new
                0x00000000000055c6                udp_broadcast_new
                0x0000000000005636                tcp_listen
                0x0000000000005670                tcp_connect
 .text          0x00000000000056ac       0xda contiki-avr-raven.a(uip-split.o)
                0x00000000000056ac                uip_split_output
 .text          0x0000000000005786      0x336 contiki-avr-raven.a(uip-icmp6.o)
                0x0000000000005786                uip_icmp6_send
                0x000000000000582e                uip_icmp6_echo_request_input
                0x0000000000005908                uip_icmp6_error_output
 .text          0x0000000000005abc      0xf50 contiki-avr-raven.a(uip-nd6.o)
                0x0000000000005abc                uip_nd6_ra_input
                0x000000000000606a                uip_nd6_rs_output
                0x0000000000006198                uip_nd6_ns_output
                0x00000000000062fc                uip_nd6_na_input
                0x00000000000065b2                uip_nd6_ns_input
 .text          0x0000000000006a0c       0xec contiki-avr-raven.a(uip-packetqueue)
                0x0000000000006a0c                uip_packetqueue_new
                0x0000000000006a14                uip_packetqueue_buf
                0x0000000000006a2c                uip_packetqueue_buflen
                0x0000000000006a4c                uip_packetqueue_set_buflen
                0x0000000000006a62                uip_packetqueue_free
                0x0000000000006aae                uip_packetqueue_alloc
 .text          0x0000000000006af8     0x12ba contiki-avr-raven.a(sicslowpan.o)
                0x000000000000742e                sicslowpan_init
 .text          0x0000000000007db2     0x10e0 contiki-avr-raven.a(uip-ds6.o)
                0x0000000000007db2                uip_ds6_defrt_rm
                0x0000000000007dbc                uip_ds6_prefix_rm
                0x0000000000007dc6                uip_ds6_get_link_local
                0x0000000000007e26                uip_ds6_get_global
                0x0000000000007e86                uip_ds6_maddr_rm
                0x0000000000007e90                uip_ds6_aaddr_rm
                0x0000000000007e9a                uip_ds6_route_rm
                0x0000000000007ea0                uip_ds6_select_src
                0x0000000000007f92                get_match_length
                0x0000000000007fd0                uip_ds6_compute_reachable_time
                0x0000000000008030                uip_ds6_dad
                0x000000000000809e                uip_ds6_set_addr_iid
                0x00000000000080c8                uip_ds6_route_rm_by_nexthop
                0x000000000000811e                uip_ds6_route_lookup
                0x00000000000081a0                uip_ds6_is_addr_onlink
                0x0000000000008200                uip_ds6_list_loop
                0x000000000000829a                uip_ds6_route_add
                0x0000000000008334                uip_ds6_aaddr_lookup
                0x0000000000008370                uip_ds6_aaddr_add
                0x00000000000083d0                uip_ds6_maddr_lookup
                0x000000000000840c                uip_ds6_addr_rm
                0x0000000000008482                uip_ds6_dad_failed
                0x00000000000084a4                uip_ds6_maddr_add
                0x0000000000008504                uip_ds6_addr_lookup
                0x0000000000008540                uip_ds6_prefix_lookup
                0x000000000000857c                uip_ds6_defrt_lookup
                0x00000000000085b8                uip_ds6_nbr_lookup
                0x00000000000085f4                uip_ds6_defrt_choose
                0x000000000000866a                uip_ds6_send_rs
                0x00000000000086a0                uip_ds6_addr_add
                0x00000000000087d0                uip_ds6_prefix_add
                0x000000000000887c                uip_ds6_defrt_add
                0x0000000000008926                uip_ds6_nbr_rm
                0x0000000000008936                uip_ds6_init
                0x0000000000008aca                uip_ds6_nbr_add
                0x0000000000008c12                uip_ds6_periodic
 .text          0x0000000000008e92       0xae contiki-avr-raven.a(rtimer-arch.o)
                0x0000000000008e92                rtimer_arch_init
                0x0000000000008ec6                rtimer_arch_schedule
                0x0000000000008ee6                __vector_32
 .text          0x0000000000008f40      0x468 contiki-avr-raven.a(frame802154.o)
                0x0000000000008f40                frame802154_parse
                0x00000000000091c0                frame802154_create
                0x000000000000936c                frame802154_hdrlen
 .text          0x00000000000093a8      0x144 contiki-avr-raven.a(memb.o)
                0x00000000000093a8                memb_alloc
                0x0000000000009404                memb_free
                0x0000000000009460                memb_inmemb
                0x00000000000094a6                memb_init
 .text          0x00000000000094ec      0x12a contiki-avr-raven.a(stimer.o)
                0x00000000000094ec                stimer_reset
                0x0000000000009510                stimer_elapsed
                0x000000000000953a                stimer_remaining
                0x0000000000009586                stimer_expired
                0x00000000000095d8                stimer_restart
                0x00000000000095f2                stimer_set
 .text          0x0000000000009616        0x0 /usr/lib/gcc/avr/4.3.2/avr51/libgcc.a(_mulsi3.o)
 .text          0x0000000000009616        0x0 /usr/lib/gcc/avr/4.3.2/avr51/libgcc.a(_udivmodhi4.o)
 .text          0x0000000000009616        0x0 /usr/lib/gcc/avr/4.3.2/avr51/libgcc.a(_udivmodsi4.o)
 .text          0x0000000000009616        0x0 /usr/lib/gcc/avr/4.3.2/avr51/libgcc.a(_exit.o)
 .text          0x0000000000009616        0x0 /usr/lib/gcc/avr/4.3.2/avr51/libgcc.a(_clear_bss.o)
 .text          0x0000000000009616       0xc2 /usr/lib/gcc/avr/4.3.2/../../../avr/lib/avr51/libc.a(rand.o)
                0x00000000000096b2                rand_r
                0x00000000000096b8                rand
                0x00000000000096c2                srand
 .text          0x00000000000096d8       0x1a /usr/lib/gcc/avr/4.3.2/../../../avr/lib/avr51/libc.a(memcmp.o)
                0x00000000000096d8                memcmp
 .text          0x00000000000096f2       0x12 /usr/lib/gcc/avr/4.3.2/../../../avr/lib/avr51/libc.a(memcpy.o)
                0x00000000000096f2                memcpy
 .text          0x0000000000009704       0x24 /usr/lib/gcc/avr/4.3.2/../../../avr/lib/avr51/libc.a(memmove.o)
                0x0000000000009704                memmove
 .text          0x0000000000009728        0xe /usr/lib/gcc/avr/4.3.2/../../../avr/lib/avr51/libc.a(memset.o)
                0x0000000000009728                memset
 .text          0x0000000000009736       0x38 /usr/lib/gcc/avr/4.3.2/../../../avr/lib/avr51/libc.a(eerd_block.o)
                0x0000000000009736                __eerd_block
 .text          0x000000000000976e        0x0 /usr/lib/gcc/avr/4.3.2/../../../avr/lib/avr51/libc.a(iob.o)
 .text          0x000000000000976e       0x4c /usr/lib/gcc/avr/4.3.2/../../../avr/lib/avr51/libc.a(printf_p.o)
                0x000000000000976e                printf_P
 .text          0x00000000000097ba       0x56 /usr/lib/gcc/avr/4.3.2/../../../avr/lib/avr51/libc.a(vsnprintf.o)
                0x00000000000097ba                vsnprintf
 .text          0x0000000000009810      0x3be /usr/lib/gcc/avr/4.3.2/../../../avr/lib/avr51/libc.a(vfprintf_std.o)
                0x0000000000009810                vfprintf
 .text          0x0000000000009bce       0x16 /usr/lib/gcc/avr/4.3.2/../../../avr/lib/avr51/libc.a(strnlen_P.o)
                0x0000000000009bce                strnlen_P
 .text          0x0000000000009be4       0x16 /usr/lib/gcc/avr/4.3.2/../../../avr/lib/avr51/libc.a(strnlen.o)
                0x0000000000009be4                strnlen
 .text          0x0000000000009bfa       0x58 /usr/lib/gcc/avr/4.3.2/../../../avr/lib/avr51/libc.a(fputc.o)
                0x0000000000009bfa                fputc
 .text          0x0000000000009c52       0xbc /usr/lib/gcc/avr/4.3.2/../../../avr/lib/avr51/libc.a(ultoa_invert.o)
                0x0000000000009c52                __ultoa_invert
 .text          0x0000000000009d0e        0x0 /usr/lib/gcc/avr/4.3.2/avr51/libgcc.a(_divmodsi4.o)
 .text          0x0000000000009d0e        0x0 /usr/lib/gcc/avr/4.3.2/avr51/libgcc.a(_prologue.o)
 .text          0x0000000000009d0e        0x0 /usr/lib/gcc/avr/4.3.2/avr51/libgcc.a(_epilogue.o)
                0x0000000000009d0e                . = ALIGN (0x2)
 *(.text.*)
 .text.libgcc   0x0000000000009d0e       0x3e /usr/lib/gcc/avr/4.3.2/avr51/libgcc.a(_mulsi3.o)
                0x0000000000009d0e                __mulsi3
 .text.libgcc   0x0000000000009d4c       0x28 /usr/lib/gcc/avr/4.3.2/avr51/libgcc.a(_udivmodhi4.o)
                0x0000000000009d4c                __udivmodhi4
 .text.libgcc   0x0000000000009d74       0x44 /usr/lib/gcc/avr/4.3.2/avr51/libgcc.a(_udivmodsi4.o)
                0x0000000000009d74                __udivmodsi4
 .text.libgcc   0x0000000000009db8        0x0 /usr/lib/gcc/avr/4.3.2/avr51/libgcc.a(_exit.o)
 .text.libgcc   0x0000000000009db8        0x0 /usr/lib/gcc/avr/4.3.2/avr51/libgcc.a(_clear_bss.o)
 .text.libgcc   0x0000000000009db8       0x36 /usr/lib/gcc/avr/4.3.2/avr51/libgcc.a(_divmodsi4.o)
                0x0000000000009db8                __divmodsi4
 .text.libgcc   0x0000000000009dee       0x38 /usr/lib/gcc/avr/4.3.2/avr51/libgcc.a(_prologue.o)
                0x0000000000009dee                __prologue_saves__
 .text.libgcc   0x0000000000009e26       0x36 /usr/lib/gcc/avr/4.3.2/avr51/libgcc.a(_epilogue.o)
                0x0000000000009e26                __epilogue_restores__
                0x0000000000009e5c                . = ALIGN (0x2)
 *(.fini9)
 .fini9         0x0000000000009e5c        0x0 /usr/lib/gcc/avr/4.3.2/avr51/libgcc.a(_exit.o)
                0x0000000000009e5c                exit
                0x0000000000009e5c                _exit
 *(.fini9)
 *(.fini8)
 *(.fini8)
 *(.fini7)
 *(.fini7)
 *(.fini6)
 *(.fini6)
 *(.fini5)
 *(.fini5)
 *(.fini4)
 *(.fini4)
 *(.fini3)
 *(.fini3)
 *(.fini2)
 *(.fini2)
 *(.fini1)
 *(.fini1)
 *(.fini0)
 .fini0         0x0000000000009e5c        0x4 /usr/lib/gcc/avr/4.3.2/avr51/libgcc.a(_exit.o)
 *(.fini0)
                0x0000000000009e60                _etext = .

.data           0x0000000000800100      0x24e load address 0x0000000000009e60
                0x0000000000800100                PROVIDE (__data_start, .)
 *(.data)
 .data          0x0000000000800100        0x0 /usr/lib/gcc/avr/4.3.2/../../../avr/lib/avr51/crtm1284p.o
 .data          0x0000000000800100       0x11 tcp-server.co
                0x0000000000800103                udp_server_process
                0x000000000080010d                autostart_processes
 .data          0x0000000000800111        0x0 contiki-avr-raven.a(hmac_sha2.o)
 .data          0x0000000000800111       0x16 contiki-avr-raven.a(etimer.o)
                0x000000000080011d                etimer_process
 .data          0x0000000000800127        0xc contiki-avr-raven.a(contiki-raven-m)
 .data          0x0000000000800133        0x0 contiki-avr-raven.a(clock.o)
 .data          0x0000000000800133       0x28 contiki-avr-raven.a(rs232.o)
 .data          0x000000000080015b        0x0 contiki-avr-raven.a(watchdog.o)
 .data          0x000000000080015b       0x2b contiki-avr-raven.a(rf230bb.o)
                0x0000000000800168                rf230_process
                0x0000000000800172                rf230_driver
 .data          0x0000000000800186        0x0 contiki-avr-raven.a(halbb.o)
 .data          0x0000000000800186      0x120 contiki-avr-raven.a(sha2.o)
                0x0000000000800186                sha256_h0
                0x00000000008001a6                sha256_k
 .data          0x00000000008002a6        0x8 contiki-avr-raven.a(rimeaddr.o)
                0x00000000008002a6                rimeaddr_null
 .data          0x00000000008002ae        0x0 contiki-avr-raven.a(rimestats.o)
 .data          0x00000000008002ae       0x16 contiki-avr-raven.a(nullmac.o)
                0x00000000008002b6                nullmac_driver
 .data          0x00000000008002c4       0x19 contiki-avr-raven.a(sicslowmac.o)
                0x00000000008002cf                sicslowmac_driver
 .data          0x00000000008002dd        0x0 contiki-avr-raven.a(process.o)
 .data          0x00000000008002dd        0x0 contiki-avr-raven.a(autostart.o)
 .data          0x00000000008002dd        0x0 contiki-avr-raven.a(mmem.o)
 .data          0x00000000008002dd        0x0 contiki-avr-raven.a(timer.o)
 .data          0x00000000008002dd        0x0 contiki-avr-raven.a(list.o)
 .data          0x00000000008002dd       0x19 contiki-avr-raven.a(ctimer.o)
                0x00000000008002ec                ctimer_process
 .data          0x00000000008002f6        0x0 contiki-avr-raven.a(rtimer.o)
 .data          0x00000000008002f6        0x0 contiki-avr-raven.a(random.o)
 .data          0x00000000008002f6        0x2 contiki-avr-raven.a(packetbuf.o)
 .data          0x00000000008002f8       0x10 contiki-avr-raven.a(queuebuf.o)
 .data          0x0000000000800308        0x0 contiki-avr-raven.a(uip6.o)
 .data          0x0000000000800308       0x17 contiki-avr-raven.a(tcpip.o)
                0x0000000000800315                tcpip_process
 .data          0x000000000080031f        0x0 contiki-avr-raven.a(uip-split.o)
 .data          0x000000000080031f        0x0 contiki-avr-raven.a(uip-icmp6.o)
 .data          0x000000000080031f        0x0 contiki-avr-raven.a(uip-nd6.o)
 .data          0x000000000080031f        0x8 contiki-avr-raven.a(uip-packetqueue)
 .data          0x0000000000800327       0x23 contiki-avr-raven.a(sicslowpan.o)
                0x0000000000800327                unc_llconf
                0x000000000080032b                unc_ctxconf
                0x000000000080032f                unc_mxconf
                0x0000000000800333                llprefix
                0x0000000000800340                sicslowpan_driver
 .data          0x000000000080034a        0x0 contiki-avr-raven.a(uip-ds6.o)
 .data          0x000000000080034a        0x0 contiki-avr-raven.a(rtimer-arch.o)
 .data          0x000000000080034a        0x0 contiki-avr-raven.a(frame802154.o)
 .data          0x000000000080034a        0x0 contiki-avr-raven.a(memb.o)
 .data          0x000000000080034a        0x0 contiki-avr-raven.a(stimer.o)
 .data          0x000000000080034a        0x0 /usr/lib/gcc/avr/4.3.2/avr51/libgcc.a(_mulsi3.o)
 .data          0x000000000080034a        0x0 /usr/lib/gcc/avr/4.3.2/avr51/libgcc.a(_udivmodhi4.o)
 .data          0x000000000080034a        0x0 /usr/lib/gcc/avr/4.3.2/avr51/libgcc.a(_udivmodsi4.o)
 .data          0x000000000080034a        0x0 /usr/lib/gcc/avr/4.3.2/avr51/libgcc.a(_exit.o)
 .data          0x000000000080034a        0x0 /usr/lib/gcc/avr/4.3.2/avr51/libgcc.a(_clear_bss.o)
 .data          0x000000000080034a        0x4 /usr/lib/gcc/avr/4.3.2/../../../avr/lib/avr51/libc.a(rand.o)
 .data          0x000000000080034e        0x0 /usr/lib/gcc/avr/4.3.2/../../../avr/lib/avr51/libc.a(memcmp.o)
 .data          0x000000000080034e        0x0 /usr/lib/gcc/avr/4.3.2/../../../avr/lib/avr51/libc.a(memcpy.o)
 .data          0x000000000080034e        0x0 /usr/lib/gcc/avr/4.3.2/../../../avr/lib/avr51/libc.a(memmove.o)
 .data          0x000000000080034e        0x0 /usr/lib/gcc/avr/4.3.2/../../../avr/lib/avr51/libc.a(memset.o)
 .data          0x000000000080034e        0x0 /usr/lib/gcc/avr/4.3.2/../../../avr/lib/avr51/libc.a(eerd_block.o)
 .data          0x000000000080034e        0x0 /usr/lib/gcc/avr/4.3.2/../../../avr/lib/avr51/libc.a(iob.o)
 .data          0x000000000080034e        0x0 /usr/lib/gcc/avr/4.3.2/../../../avr/lib/avr51/libc.a(printf_p.o)
 .data          0x000000000080034e        0x0 /usr/lib/gcc/avr/4.3.2/../../../avr/lib/avr51/libc.a(vsnprintf.o)
 .data          0x000000000080034e        0x0 /usr/lib/gcc/avr/4.3.2/../../../avr/lib/avr51/libc.a(vfprintf_std.o)
 .data          0x000000000080034e        0x0 /usr/lib/gcc/avr/4.3.2/../../../avr/lib/avr51/libc.a(strnlen_P.o)
 .data          0x000000000080034e        0x0 /usr/lib/gcc/avr/4.3.2/../../../avr/lib/avr51/libc.a(strnlen.o)
 .data          0x000000000080034e        0x0 /usr/lib/gcc/avr/4.3.2/../../../avr/lib/avr51/libc.a(fputc.o)
 .data          0x000000000080034e        0x0 /usr/lib/gcc/avr/4.3.2/../../../avr/lib/avr51/libc.a(ultoa_invert.o)
 .data          0x000000000080034e        0x0 /usr/lib/gcc/avr/4.3.2/avr51/libgcc.a(_divmodsi4.o)
 .data          0x000000000080034e        0x0 /usr/lib/gcc/avr/4.3.2/avr51/libgcc.a(_prologue.o)
 .data          0x000000000080034e        0x0 /usr/lib/gcc/avr/4.3.2/avr51/libgcc.a(_epilogue.o)
 *(.data*)
 *(.rodata)
 *(.rodata*)
 *(.gnu.linkonce.d*)
                0x000000000080034e                . = ALIGN (0x2)
                0x000000000080034e                _edata = .
                0x000000000080034e                PROVIDE (__data_end, .)

.bss            0x000000000080034e     0x2b96
                0x000000000080034e                PROVIDE (__bss_start, .)
 *(.bss)
 .bss           0x000000000080034e        0x0 /usr/lib/gcc/avr/4.3.2/../../../avr/lib/avr51/crtm1284p.o
 .bss           0x000000000080034e        0x8 tcp-server.co
 .bss           0x0000000000800356        0x0 contiki-avr-raven.a(hmac_sha2.o)
 .bss           0x0000000000800356        0x4 contiki-avr-raven.a(etimer.o)
 .bss           0x000000000080035a        0x0 contiki-avr-raven.a(contiki-raven-m)
 .bss           0x000000000080035a        0x3 contiki-avr-raven.a(clock.o)
 .bss           0x000000000080035d       0x41 contiki-avr-raven.a(rs232.o)
 .bss           0x000000000080039e        0x2 contiki-avr-raven.a(watchdog.o)
 .bss           0x00000000008003a0       0x87 contiki-avr-raven.a(rf230bb.o)
 .bss           0x0000000000800427        0x2 contiki-avr-raven.a(halbb.o)
 .bss           0x0000000000800429        0x0 contiki-avr-raven.a(sha2.o)
 .bss           0x0000000000800429        0x0 contiki-avr-raven.a(rimeaddr.o)
 .bss           0x0000000000800429        0x0 contiki-avr-raven.a(rimestats.o)
 .bss           0x0000000000800429        0x0 contiki-avr-raven.a(nullmac.o)
 .bss           0x0000000000800429        0x1 contiki-avr-raven.a(sicslowmac.o)
 .bss           0x000000000080042a       0xb0 contiki-avr-raven.a(process.o)
                0x000000000080042a                process_list
                0x000000000080042c                process_current
 .bss           0x00000000008004da        0x0 contiki-avr-raven.a(autostart.o)
 .bss           0x00000000008004da      0x202 contiki-avr-raven.a(mmem.o)
 .bss           0x00000000008006dc        0x0 contiki-avr-raven.a(timer.o)
 .bss           0x00000000008006dc        0x0 contiki-avr-raven.a(list.o)
 .bss           0x00000000008006dc        0x3 contiki-avr-raven.a(ctimer.o)
 .bss           0x00000000008006df        0x2 contiki-avr-raven.a(rtimer.o)
 .bss           0x00000000008006e1        0x0 contiki-avr-raven.a(random.o)
 .bss           0x00000000008006e1       0xb9 contiki-avr-raven.a(packetbuf.o)
 .bss           0x000000000080079a      0x704 contiki-avr-raven.a(queuebuf.o)
 .bss           0x0000000000800e9e        0xd contiki-avr-raven.a(uip6.o)
                0x0000000000800e9e                uip_ext_bitmap
                0x0000000000800e9f                uip_ext_len
                0x0000000000800ea0                uip_ext_opt_offset
 .bss           0x0000000000800eab       0x15 contiki-avr-raven.a(tcpip.o)
 .bss           0x0000000000800ec0        0x0 contiki-avr-raven.a(uip-split.o)
 .bss           0x0000000000800ec0       0x10 contiki-avr-raven.a(uip-icmp6.o)
 .bss           0x0000000000800ed0       0x1d contiki-avr-raven.a(uip-nd6.o)
 .bss           0x0000000000800eed      0xa2e contiki-avr-raven.a(uip-packetqueue)
 .bss           0x000000000080191b      0x51f contiki-avr-raven.a(sicslowpan.o)
 .bss           0x0000000000801e3a       0x21 contiki-avr-raven.a(uip-ds6.o)
 .bss           0x0000000000801e5b        0x0 contiki-avr-raven.a(rtimer-arch.o)
 .bss           0x0000000000801e5b        0x0 contiki-avr-raven.a(frame802154.o)
 .bss           0x0000000000801e5b        0x0 contiki-avr-raven.a(memb.o)
 .bss           0x0000000000801e5b        0x0 contiki-avr-raven.a(stimer.o)
 .bss           0x0000000000801e5b        0x0 /usr/lib/gcc/avr/4.3.2/avr51/libgcc.a(_mulsi3.o)
 .bss           0x0000000000801e5b        0x0 /usr/lib/gcc/avr/4.3.2/avr51/libgcc.a(_udivmodhi4.o)
 .bss           0x0000000000801e5b        0x0 /usr/lib/gcc/avr/4.3.2/avr51/libgcc.a(_udivmodsi4.o)
 .bss           0x0000000000801e5b        0x0 /usr/lib/gcc/avr/4.3.2/avr51/libgcc.a(_exit.o)
 .bss           0x0000000000801e5b        0x0 /usr/lib/gcc/avr/4.3.2/avr51/libgcc.a(_clear_bss.o)
 .bss           0x0000000000801e5b        0x0 /usr/lib/gcc/avr/4.3.2/../../../avr/lib/avr51/libc.a(rand.o)
 .bss           0x0000000000801e5b        0x0 /usr/lib/gcc/avr/4.3.2/../../../avr/lib/avr51/libc.a(memcmp.o)
 .bss           0x0000000000801e5b        0x0 /usr/lib/gcc/avr/4.3.2/../../../avr/lib/avr51/libc.a(memcpy.o)
 .bss           0x0000000000801e5b        0x0 /usr/lib/gcc/avr/4.3.2/../../../avr/lib/avr51/libc.a(memmove.o)
 .bss           0x0000000000801e5b        0x0 /usr/lib/gcc/avr/4.3.2/../../../avr/lib/avr51/libc.a(memset.o)
 .bss           0x0000000000801e5b        0x0 /usr/lib/gcc/avr/4.3.2/../../../avr/lib/avr51/libc.a(eerd_block.o)
 .bss           0x0000000000801e5b        0x0 /usr/lib/gcc/avr/4.3.2/../../../avr/lib/avr51/libc.a(iob.o)
 .bss           0x0000000000801e5b        0x0 /usr/lib/gcc/avr/4.3.2/../../../avr/lib/avr51/libc.a(printf_p.o)
 .bss           0x0000000000801e5b        0x0 /usr/lib/gcc/avr/4.3.2/../../../avr/lib/avr51/libc.a(vsnprintf.o)
 .bss           0x0000000000801e5b        0x0 /usr/lib/gcc/avr/4.3.2/../../../avr/lib/avr51/libc.a(vfprintf_std.o)
 .bss           0x0000000000801e5b        0x0 /usr/lib/gcc/avr/4.3.2/../../../avr/lib/avr51/libc.a(strnlen_P.o)
 .bss           0x0000000000801e5b        0x0 /usr/lib/gcc/avr/4.3.2/../../../avr/lib/avr51/libc.a(strnlen.o)
 .bss           0x0000000000801e5b        0x0 /usr/lib/gcc/avr/4.3.2/../../../avr/lib/avr51/libc.a(fputc.o)
 .bss           0x0000000000801e5b        0x0 /usr/lib/gcc/avr/4.3.2/../../../avr/lib/avr51/libc.a(ultoa_invert.o)
 .bss           0x0000000000801e5b        0x0 /usr/lib/gcc/avr/4.3.2/avr51/libgcc.a(_divmodsi4.o)
 .bss           0x0000000000801e5b        0x0 /usr/lib/gcc/avr/4.3.2/avr51/libgcc.a(_prologue.o)
 .bss           0x0000000000801e5b        0x0 /usr/lib/gcc/avr/4.3.2/avr51/libgcc.a(_epilogue.o)
 *(.bss*)
 *(COMMON)
 COMMON         0x0000000000801e5b        0x1 contiki-avr-raven.a(contiki-raven-m)
                0x0000000000801e5b                eeprom_channel
 COMMON         0x0000000000801e5c        0x8 contiki-avr-raven.a(clock.o)
                0x0000000000801e5c                sleepseconds
                0x0000000000801e60                seconds
 COMMON         0x0000000000801e64       0x92 contiki-avr-raven.a(rf230bb.o)
                0x0000000000801e64                rf230_last_correlation
                0x0000000000801e65                rf230_last_rssi
                0x0000000000801e66                rf230_time_of_departure
                0x0000000000801e68                rf230_calibrate
                0x0000000000801e69                rf230_calibrated
                0x0000000000801e6a                rf230_authority_level_of_sender
                0x0000000000801e6c                rf230_time_of_arrival
                0x0000000000801e6e                rxframe_tail
                0x0000000000801e6f                rxframe_head
                0x0000000000801e70                rxframe
                0x0000000000801ef2                osccal_original
                0x0000000000801ef3                RF230_sleeping
                0x0000000000801ef4                RF230_receive_on
                0x0000000000801ef5                osccal_calibrated
 COMMON         0x0000000000801ef6        0x8 contiki-avr-raven.a(rimeaddr.o)
                0x0000000000801ef6                rimeaddr_node_addr
 COMMON         0x0000000000801efe       0x48 contiki-avr-raven.a(rimestats.o)
                0x0000000000801efe                rimestats
 COMMON         0x0000000000801f46        0x2 contiki-avr-raven.a(mmem.o)
                0x0000000000801f46                avail_memory
 COMMON         0x0000000000801f48       0x50 contiki-avr-raven.a(packetbuf.o)
                0x0000000000801f48                packetbuf_addrs
                0x0000000000801f68                packetbuf_attrs
 COMMON         0x0000000000801f98      0x647 contiki-avr-raven.a(uip6.o)
                0x0000000000801f98                uip_len
                0x0000000000801f9a                uip_sappdata
                0x0000000000801f9c                uip_acc32
                0x0000000000801fa0                uip_lladdr
                0x0000000000801fa8                uip_aligned_buf
                0x00000000008024a8                uip_flags
                0x00000000008024a9                uip_next_hdr
                0x00000000008024ab                uip_udp_conn
                0x00000000008024ad                uip_appdata
                0x00000000008024af                uip_conn
                0x00000000008024b1                uip_conns
                0x00000000008024dd                uip_icmp6_conns
                0x00000000008024e1                uip_listenports
                0x00000000008024e3                uip_slen
                0x00000000008024e5                uip_udp_conns
 COMMON         0x00000000008025df        0x2 contiki-avr-raven.a(tcpip.o)
                0x00000000008025df                tcpip_event
                0x00000000008025e0                tcpip_icmp6_event
 COMMON         0x00000000008025e1        0xa contiki-avr-raven.a(sicslowpan.o)
                0x00000000008025e1                sicslowpan_mac
                0x00000000008025e3                frag_sender
 COMMON         0x00000000008025eb      0x8f3 contiki-avr-raven.a(uip-ds6.o)
                0x00000000008025eb                uip_ds6_if
                0x00000000008026d6                uip_ds6_prefix_list
                0x0000000000802742                uip_ds6_timer_periodic
                0x000000000080274a                uip_ds6_defrt_list
                0x000000000080277e                uip_ds6_nbr_cache
                0x0000000000802b3e                uip_ds6_timer_rs
                0x0000000000802b46                uip_ds6_routing_table
 COMMON         0x0000000000802ede        0x6 /usr/lib/gcc/avr/4.3.2/../../../avr/lib/avr51/libc.a(iob.o)
                0x0000000000802ede                __iob
                0x0000000000802ee4                PROVIDE (__bss_end, .)
                0x0000000000009e60                __data_load_start = LOADADDR (.data)
                0x000000000000a0ae                __data_load_end = (__data_load_start + SIZEOF (.data))

.noinit         0x0000000000802ee4        0x0
                0x0000000000802ee4                PROVIDE (__noinit_start, .)
 *(.noinit*)
                0x0000000000802ee4                PROVIDE (__noinit_end, .)
                0x0000000000802ee4                _end = .
                0x0000000000802ee4                PROVIDE (__heap_start, .)

.eeprom         0x0000000000810000        0xa
 *(.eeprom*)
 .eeprom        0x0000000000810000        0xa contiki-avr-raven.a(contiki-raven-m)
                0x0000000000810000                mac_address
                0x0000000000810008                rf_channel
                0x000000000081000a                __eeprom_end = .

.fuse           0x0000000000820000        0x3
 *(.fuse)
 .fuse          0x0000000000820000        0x3 contiki-avr-raven.a(contiki-raven-m)
                0x0000000000820000                __fuse
 *(.lfuse)
 *(.hfuse)
 *(.efuse)

.lock
 *(.lock*)

.signature      0x0000000000840000        0x3
 *(.signature*)
 .signature     0x0000000000840000        0x3 contiki-avr-raven.a(contiki-raven-m)
                0x0000000000840000                __signature

.stab           0x0000000000000000     0x26d0
 *(.stab)
 .stab          0x0000000000000000      0x750 /usr/lib/gcc/avr/4.3.2/../../../avr/lib/avr51/crtm1284p.o
 .stab          0x0000000000000750      0x330 /usr/lib/gcc/avr/4.3.2/../../../avr/lib/avr51/libc.a(rand.o)
                                        0x33c (size before relaxing)
 .stab          0x0000000000000a80       0xb4 /usr/lib/gcc/avr/4.3.2/../../../avr/lib/avr51/libc.a(memcmp.o)
                                         0xc0 (size before relaxing)
 .stab          0x0000000000000b34       0x84 /usr/lib/gcc/avr/4.3.2/../../../avr/lib/avr51/libc.a(memcpy.o)
                                         0x90 (size before relaxing)
 .stab          0x0000000000000bb8       0xe4 /usr/lib/gcc/avr/4.3.2/../../../avr/lib/avr51/libc.a(memmove.o)
                                         0xf0 (size before relaxing)
 .stab          0x0000000000000c9c       0x6c /usr/lib/gcc/avr/4.3.2/../../../avr/lib/avr51/libc.a(memset.o)
                                         0x78 (size before relaxing)
 .stab          0x0000000000000d08      0x39c /usr/lib/gcc/avr/4.3.2/../../../avr/lib/avr51/libc.a(eerd_block.o)
                                        0x3a8 (size before relaxing)
 .stab          0x00000000000010a4      0x180 /usr/lib/gcc/avr/4.3.2/../../../avr/lib/avr51/libc.a(iob.o)
                                        0x30c (size before relaxing)
 .stab          0x0000000000001224      0x1a4 /usr/lib/gcc/avr/4.3.2/../../../avr/lib/avr51/libc.a(printf_p.o)
                                        0x384 (size before relaxing)
 .stab          0x00000000000013c8      0x210 /usr/lib/gcc/avr/4.3.2/../../../avr/lib/avr51/libc.a(vsnprintf.o)
                                        0x3f0 (size before relaxing)
 .stab          0x00000000000015d8      0x96c /usr/lib/gcc/avr/4.3.2/../../../avr/lib/avr51/libc.a(vfprintf_std.o)
                                        0xb7c (size before relaxing)
 .stab          0x0000000000001f44       0x9c /usr/lib/gcc/avr/4.3.2/../../../avr/lib/avr51/libc.a(strnlen_P.o)
                                         0xa8 (size before relaxing)
 .stab          0x0000000000001fe0       0x9c /usr/lib/gcc/avr/4.3.2/../../../avr/lib/avr51/libc.a(strnlen.o)
                                         0xa8 (size before relaxing)
 .stab          0x000000000000207c      0x1d4 /usr/lib/gcc/avr/4.3.2/../../../avr/lib/avr51/libc.a(fputc.o)
                                        0x3b4 (size before relaxing)
 .stab          0x0000000000002250      0x480 /usr/lib/gcc/avr/4.3.2/../../../avr/lib/avr51/libc.a(ultoa_invert.o)
                                        0x48c (size before relaxing)

.stabstr        0x0000000000000000      0xff6
 *(.stabstr)
 .stabstr       0x0000000000000000      0xff6 /usr/lib/gcc/avr/4.3.2/../../../avr/lib/avr51/crtm1284p.o

.stab.excl
 *(.stab.excl)

.stab.exclstr
 *(.stab.exclstr)

.stab.index
 *(.stab.index)

.stab.indexstr
 *(.stab.indexstr)

.comment
 *(.comment)

.debug
 *(.debug)

.line
 *(.line)

.debug_srcinfo
 *(.debug_srcinfo)

.debug_sfnames
 *(.debug_sfnames)

.debug_aranges  0x0000000000000000      0x460
 *(.debug_aranges)
 .debug_aranges
                0x0000000000000000       0x20 tcp-server.co
 .debug_aranges
                0x0000000000000020       0x20 contiki-avr-raven.a(hmac_sha2.o)
 .debug_aranges
                0x0000000000000040       0x20 contiki-avr-raven.a(etimer.o)
 .debug_aranges
                0x0000000000000060       0x20 contiki-avr-raven.a(contiki-raven-m)
 .debug_aranges
                0x0000000000000080       0x20 contiki-avr-raven.a(clock.o)
 .debug_aranges
                0x00000000000000a0       0x20 contiki-avr-raven.a(rs232.o)
 .debug_aranges
                0x00000000000000c0       0x20 contiki-avr-raven.a(watchdog.o)
 .debug_aranges
                0x00000000000000e0       0x20 contiki-avr-raven.a(rf230bb.o)
 .debug_aranges
                0x0000000000000100       0x20 contiki-avr-raven.a(halbb.o)
 .debug_aranges
                0x0000000000000120       0x20 contiki-avr-raven.a(sha2.o)
 .debug_aranges
                0x0000000000000140       0x20 contiki-avr-raven.a(rimeaddr.o)
 .debug_aranges
                0x0000000000000160       0x20 contiki-avr-raven.a(nullmac.o)
 .debug_aranges
                0x0000000000000180       0x20 contiki-avr-raven.a(sicslowmac.o)
 .debug_aranges
                0x00000000000001a0       0x20 contiki-avr-raven.a(process.o)
 .debug_aranges
                0x00000000000001c0       0x20 contiki-avr-raven.a(autostart.o)
 .debug_aranges
                0x00000000000001e0       0x20 contiki-avr-raven.a(mmem.o)
 .debug_aranges
                0x0000000000000200       0x20 contiki-avr-raven.a(timer.o)
 .debug_aranges
                0x0000000000000220       0x20 contiki-avr-raven.a(list.o)
 .debug_aranges
                0x0000000000000240       0x20 contiki-avr-raven.a(ctimer.o)
 .debug_aranges
                0x0000000000000260       0x20 contiki-avr-raven.a(rtimer.o)
 .debug_aranges
                0x0000000000000280       0x20 contiki-avr-raven.a(random.o)
 .debug_aranges
                0x00000000000002a0       0x20 contiki-avr-raven.a(packetbuf.o)
 .debug_aranges
                0x00000000000002c0       0x20 contiki-avr-raven.a(queuebuf.o)
 .debug_aranges
                0x00000000000002e0       0x20 contiki-avr-raven.a(uip6.o)
 .debug_aranges
                0x0000000000000300       0x20 contiki-avr-raven.a(tcpip.o)
 .debug_aranges
                0x0000000000000320       0x20 contiki-avr-raven.a(uip-split.o)
 .debug_aranges
                0x0000000000000340       0x20 contiki-avr-raven.a(uip-icmp6.o)
 .debug_aranges
                0x0000000000000360       0x20 contiki-avr-raven.a(uip-nd6.o)
 .debug_aranges
                0x0000000000000380       0x20 contiki-avr-raven.a(uip-packetqueue)
 .debug_aranges
                0x00000000000003a0       0x20 contiki-avr-raven.a(sicslowpan.o)
 .debug_aranges
                0x00000000000003c0       0x20 contiki-avr-raven.a(uip-ds6.o)
 .debug_aranges
                0x00000000000003e0       0x20 contiki-avr-raven.a(rtimer-arch.o)
 .debug_aranges
                0x0000000000000400       0x20 contiki-avr-raven.a(frame802154.o)
 .debug_aranges
                0x0000000000000420       0x20 contiki-avr-raven.a(memb.o)
 .debug_aranges
                0x0000000000000440       0x20 contiki-avr-raven.a(stimer.o)

.debug_pubnames
                0x0000000000000000     0x1b9c
 *(.debug_pubnames)
 .debug_pubnames
                0x0000000000000000       0x41 tcp-server.co
 .debug_pubnames
                0x0000000000000041       0x7b contiki-avr-raven.a(hmac_sha2.o)
 .debug_pubnames
                0x00000000000000bc      0x109 contiki-avr-raven.a(etimer.o)
 .debug_pubnames
                0x00000000000001c5       0x98 contiki-avr-raven.a(contiki-raven-m)
 .debug_pubnames
                0x000000000000025d       0xbd contiki-avr-raven.a(clock.o)
 .debug_pubnames
                0x000000000000031a       0xff contiki-avr-raven.a(rs232.o)
 .debug_pubnames
                0x0000000000000419       0x73 contiki-avr-raven.a(watchdog.o)
 .debug_pubnames
                0x000000000000048c      0x297 contiki-avr-raven.a(rf230bb.o)
 .debug_pubnames
                0x0000000000000723       0xc6 contiki-avr-raven.a(halbb.o)
 .debug_pubnames
                0x00000000000007e9       0x7d contiki-avr-raven.a(sha2.o)
 .debug_pubnames
                0x0000000000000866       0x79 contiki-avr-raven.a(rimeaddr.o)
 .debug_pubnames
                0x00000000000008df       0x20 contiki-avr-raven.a(rimestats.o)
 .debug_pubnames
                0x00000000000008ff       0x25 contiki-avr-raven.a(nullmac.o)
 .debug_pubnames
                0x0000000000000924       0x28 contiki-avr-raven.a(sicslowmac.o)
 .debug_pubnames
                0x000000000000094c       0xf7 contiki-avr-raven.a(process.o)
 .debug_pubnames
                0x0000000000000a43       0x39 contiki-avr-raven.a(autostart.o)
 .debug_pubnames
                0x0000000000000a7c       0x63 contiki-avr-raven.a(mmem.o)
 .debug_pubnames
                0x0000000000000adf       0x68 contiki-avr-raven.a(timer.o)
 .debug_pubnames
                0x0000000000000b47       0xc3 contiki-avr-raven.a(list.o)
 .debug_pubnames
                0x0000000000000c0a       0x8b contiki-avr-raven.a(ctimer.o)
 .debug_pubnames
                0x0000000000000c95       0x45 contiki-avr-raven.a(rtimer.o)
 .debug_pubnames
                0x0000000000000cda       0x32 contiki-avr-raven.a(random.o)
 .debug_pubnames
                0x0000000000000d0c      0x280 contiki-avr-raven.a(packetbuf.o)
 .debug_pubnames
                0x0000000000000f8c       0xd7 contiki-avr-raven.a(queuebuf.o)
 .debug_pubnames
                0x0000000000001063      0x228 contiki-avr-raven.a(uip6.o)
 .debug_pubnames
                0x000000000000128b      0x165 contiki-avr-raven.a(tcpip.o)
 .debug_pubnames
                0x00000000000013f0       0x27 contiki-avr-raven.a(uip-split.o)
 .debug_pubnames
                0x0000000000001417       0x61 contiki-avr-raven.a(uip-icmp6.o)
 .debug_pubnames
                0x0000000000001478       0x7d contiki-avr-raven.a(uip-nd6.o)
 .debug_pubnames
                0x00000000000014f5       0xaf contiki-avr-raven.a(uip-packetqueue)
 .debug_pubnames
                0x00000000000015a4       0x9a contiki-avr-raven.a(sicslowpan.o)
 .debug_pubnames
                0x000000000000163e      0x3eb contiki-avr-raven.a(uip-ds6.o)
 .debug_pubnames
                0x0000000000001a29       0x50 contiki-avr-raven.a(rtimer-arch.o)
 .debug_pubnames
                0x0000000000001a79       0x56 contiki-avr-raven.a(frame802154.o)
 .debug_pubnames
                0x0000000000001acf       0x4d contiki-avr-raven.a(memb.o)
 .debug_pubnames
                0x0000000000001b1c       0x80 contiki-avr-raven.a(stimer.o)

.debug_info     0x0000000000000000     0xca04
 *(.debug_info)
 .debug_info    0x0000000000000000      0x25e tcp-server.co
 .debug_info    0x000000000000025e      0x37e contiki-avr-raven.a(hmac_sha2.o)
 .debug_info    0x00000000000005dc      0x4ed contiki-avr-raven.a(etimer.o)
 .debug_info    0x0000000000000ac9      0x903 contiki-avr-raven.a(contiki-raven-m)
 .debug_info    0x00000000000013cc      0x297 contiki-avr-raven.a(clock.o)
 .debug_info    0x0000000000001663      0x5d6 contiki-avr-raven.a(rs232.o)
 .debug_info    0x0000000000001c39       0xed contiki-avr-raven.a(watchdog.o)
 .debug_info    0x0000000000001d26     0x1150 contiki-avr-raven.a(rf230bb.o)
 .debug_info    0x0000000000002e76      0x4b5 contiki-avr-raven.a(halbb.o)
 .debug_info    0x000000000000332b      0x36f contiki-avr-raven.a(sha2.o)
 .debug_info    0x000000000000369a      0x1bf contiki-avr-raven.a(rimeaddr.o)
 .debug_info    0x0000000000003859      0x146 contiki-avr-raven.a(rimestats.o)
 .debug_info    0x000000000000399f      0x2f9 contiki-avr-raven.a(nullmac.o)
 .debug_info    0x0000000000003c98      0x7c2 contiki-avr-raven.a(sicslowmac.o)
 .debug_info    0x000000000000445a      0x55f contiki-avr-raven.a(process.o)
 .debug_info    0x00000000000049b9      0x1af contiki-avr-raven.a(autostart.o)
 .debug_info    0x0000000000004b68      0x1af contiki-avr-raven.a(mmem.o)
 .debug_info    0x0000000000004d17      0x17b contiki-avr-raven.a(timer.o)
 .debug_info    0x0000000000004e92      0x479 contiki-avr-raven.a(list.o)
 .debug_info    0x000000000000530b      0x459 contiki-avr-raven.a(ctimer.o)
 .debug_info    0x0000000000005764      0x1b3 contiki-avr-raven.a(rtimer.o)
 .debug_info    0x0000000000005917       0xa1 contiki-avr-raven.a(random.o)
 .debug_info    0x00000000000059b8      0x6dd contiki-avr-raven.a(packetbuf.o)
 .debug_info    0x0000000000006095      0x50f contiki-avr-raven.a(queuebuf.o)
 .debug_info    0x00000000000065a4     0x117a contiki-avr-raven.a(uip6.o)
 .debug_info    0x000000000000771e     0x1241 contiki-avr-raven.a(tcpip.o)
 .debug_info    0x000000000000895f      0x2e8 contiki-avr-raven.a(uip-split.o)
 .debug_info    0x0000000000008c47      0x557 contiki-avr-raven.a(uip-icmp6.o)
 .debug_info    0x000000000000919e      0xc02 contiki-avr-raven.a(uip-nd6.o)
 .debug_info    0x0000000000009da0      0x4c5 contiki-avr-raven.a(uip-packetqueue)
 .debug_info    0x000000000000a265      0xc3f contiki-avr-raven.a(sicslowpan.o)
 .debug_info    0x000000000000aea4     0x12a9 contiki-avr-raven.a(uip-ds6.o)
 .debug_info    0x000000000000c14d       0xef contiki-avr-raven.a(rtimer-arch.o)
 .debug_info    0x000000000000c23c      0x48a contiki-avr-raven.a(frame802154.o)
 .debug_info    0x000000000000c6c6      0x1af contiki-avr-raven.a(memb.o)
 .debug_info    0x000000000000c875      0x18f contiki-avr-raven.a(stimer.o)
 *(.gnu.linkonce.wi.*)

.debug_abbrev   0x0000000000000000     0x400e
 *(.debug_abbrev)
 .debug_abbrev  0x0000000000000000      0x14f tcp-server.co
 .debug_abbrev  0x000000000000014f      0x17b contiki-avr-raven.a(hmac_sha2.o)
 .debug_abbrev  0x00000000000002ca      0x215 contiki-avr-raven.a(etimer.o)
 .debug_abbrev  0x00000000000004df      0x2e7 contiki-avr-raven.a(contiki-raven-m)
 .debug_abbrev  0x00000000000007c6      0x174 contiki-avr-raven.a(clock.o)
 .debug_abbrev  0x000000000000093a      0x2aa contiki-avr-raven.a(rs232.o)
 .debug_abbrev  0x0000000000000be4       0x92 contiki-avr-raven.a(watchdog.o)
 .debug_abbrev  0x0000000000000c76      0x391 contiki-avr-raven.a(rf230bb.o)
 .debug_abbrev  0x0000000000001007      0x202 contiki-avr-raven.a(halbb.o)
 .debug_abbrev  0x0000000000001209      0x178 contiki-avr-raven.a(sha2.o)
 .debug_abbrev  0x0000000000001381      0x164 contiki-avr-raven.a(rimeaddr.o)
 .debug_abbrev  0x00000000000014e5       0x5d contiki-avr-raven.a(rimestats.o)
 .debug_abbrev  0x0000000000001542      0x15a contiki-avr-raven.a(nullmac.o)
 .debug_abbrev  0x000000000000169c      0x244 contiki-avr-raven.a(sicslowmac.o)
 .debug_abbrev  0x00000000000018e0      0x300 contiki-avr-raven.a(process.o)
 .debug_abbrev  0x0000000000001be0       0xf3 contiki-avr-raven.a(autostart.o)
 .debug_abbrev  0x0000000000001cd3      0x14c contiki-avr-raven.a(mmem.o)
 .debug_abbrev  0x0000000000001e1f       0xce contiki-avr-raven.a(timer.o)
 .debug_abbrev  0x0000000000001eed      0x209 contiki-avr-raven.a(list.o)
 .debug_abbrev  0x00000000000020f6      0x1c0 contiki-avr-raven.a(ctimer.o)
 .debug_abbrev  0x00000000000022b6      0x126 contiki-avr-raven.a(rtimer.o)
 .debug_abbrev  0x00000000000023dc       0x65 contiki-avr-raven.a(random.o)
 .debug_abbrev  0x0000000000002441      0x263 contiki-avr-raven.a(packetbuf.o)
 .debug_abbrev  0x00000000000026a4      0x1a5 contiki-avr-raven.a(queuebuf.o)
 .debug_abbrev  0x0000000000002849      0x346 contiki-avr-raven.a(uip6.o)
 .debug_abbrev  0x0000000000002b8f      0x403 contiki-avr-raven.a(tcpip.o)
 .debug_abbrev  0x0000000000002f92      0x107 contiki-avr-raven.a(uip-split.o)
 .debug_abbrev  0x0000000000003099      0x154 contiki-avr-raven.a(uip-icmp6.o)
 .debug_abbrev  0x00000000000031ed      0x253 contiki-avr-raven.a(uip-nd6.o)
 .debug_abbrev  0x0000000000003440      0x1ad contiki-avr-raven.a(uip-packetqueue)
 .debug_abbrev  0x00000000000035ed      0x332 contiki-avr-raven.a(sicslowpan.o)
 .debug_abbrev  0x000000000000391f      0x339 contiki-avr-raven.a(uip-ds6.o)
 .debug_abbrev  0x0000000000003c58       0x81 contiki-avr-raven.a(rtimer-arch.o)
 .debug_abbrev  0x0000000000003cd9      0x1a1 contiki-avr-raven.a(frame802154.o)
 .debug_abbrev  0x0000000000003e7a       0xe0 contiki-avr-raven.a(memb.o)
 .debug_abbrev  0x0000000000003f5a       0xb4 contiki-avr-raven.a(stimer.o)

.debug_line     0x0000000000000000     0x8357
 *(.debug_line)
 .debug_line    0x0000000000000000       0xfb tcp-server.co
 .debug_line    0x00000000000000fb      0x19e contiki-avr-raven.a(hmac_sha2.o)
 .debug_line    0x0000000000000299      0x383 contiki-avr-raven.a(etimer.o)
 .debug_line    0x000000000000061c      0x451 contiki-avr-raven.a(contiki-raven-m)
 .debug_line    0x0000000000000a6d      0x21b contiki-avr-raven.a(clock.o)
 .debug_line    0x0000000000000c88      0x383 contiki-avr-raven.a(rs232.o)
 .debug_line    0x000000000000100b       0xee contiki-avr-raven.a(watchdog.o)
 .debug_line    0x00000000000010f9      0xb60 contiki-avr-raven.a(rf230bb.o)
 .debug_line    0x0000000000001c59      0x3c2 contiki-avr-raven.a(halbb.o)
 .debug_line    0x000000000000201b      0x28c contiki-avr-raven.a(sha2.o)
 .debug_line    0x00000000000022a7      0x113 contiki-avr-raven.a(rimeaddr.o)
 .debug_line    0x00000000000023ba       0x70 contiki-avr-raven.a(rimestats.o)
 .debug_line    0x000000000000242a      0x119 contiki-avr-raven.a(nullmac.o)
 .debug_line    0x0000000000002543      0x31a contiki-avr-raven.a(sicslowmac.o)
 .debug_line    0x000000000000285d      0x3de contiki-avr-raven.a(process.o)
 .debug_line    0x0000000000002c3b       0xd2 contiki-avr-raven.a(autostart.o)
 .debug_line    0x0000000000002d0d      0x11f contiki-avr-raven.a(mmem.o)
 .debug_line    0x0000000000002e2c      0x114 contiki-avr-raven.a(timer.o)
 .debug_line    0x0000000000002f40      0x31e contiki-avr-raven.a(list.o)
 .debug_line    0x000000000000325e      0x2ec contiki-avr-raven.a(ctimer.o)
 .debug_line    0x000000000000354a       0xf9 contiki-avr-raven.a(rtimer.o)
 .debug_line    0x0000000000003643       0x8b contiki-avr-raven.a(random.o)
 .debug_line    0x00000000000036ce      0x3f5 contiki-avr-raven.a(packetbuf.o)
 .debug_line    0x0000000000003ac3      0x282 contiki-avr-raven.a(queuebuf.o)
 .debug_line    0x0000000000003d45     0x121a contiki-avr-raven.a(uip6.o)
 .debug_line    0x0000000000004f5f      0x719 contiki-avr-raven.a(tcpip.o)
 .debug_line    0x0000000000005678      0x170 contiki-avr-raven.a(uip-split.o)
 .debug_line    0x00000000000057e8      0x315 contiki-avr-raven.a(uip-icmp6.o)
 .debug_line    0x0000000000005afd      0x883 contiki-avr-raven.a(uip-nd6.o)
 .debug_line    0x0000000000006380      0x23d contiki-avr-raven.a(uip-packetqueue)
 .debug_line    0x00000000000065bd      0xb3a contiki-avr-raven.a(sicslowpan.o)
 .debug_line    0x00000000000070f7      0xb37 contiki-avr-raven.a(uip-ds6.o)
 .debug_line    0x0000000000007c2e      0x175 contiki-avr-raven.a(rtimer-arch.o)
 .debug_line    0x0000000000007da3      0x38a contiki-avr-raven.a(frame802154.o)
 .debug_line    0x000000000000812d      0x125 contiki-avr-raven.a(memb.o)
 .debug_line    0x0000000000008252      0x105 contiki-avr-raven.a(stimer.o)

.debug_frame    0x0000000000000000     0x1520
 *(.debug_frame)
 .debug_frame   0x0000000000000000       0x20 tcp-server.co
 .debug_frame   0x0000000000000020       0x60 contiki-avr-raven.a(hmac_sha2.o)
 .debug_frame   0x0000000000000080       0xf0 contiki-avr-raven.a(etimer.o)
 .debug_frame   0x0000000000000170       0x50 contiki-avr-raven.a(contiki-raven-m)
 .debug_frame   0x00000000000001c0       0xa0 contiki-avr-raven.a(clock.o)
 .debug_frame   0x0000000000000260       0xe0 contiki-avr-raven.a(rs232.o)
 .debug_frame   0x0000000000000340       0x60 contiki-avr-raven.a(watchdog.o)
 .debug_frame   0x00000000000003a0      0x1d0 contiki-avr-raven.a(rf230bb.o)
 .debug_frame   0x0000000000000570       0xa0 contiki-avr-raven.a(halbb.o)
 .debug_frame   0x0000000000000610       0x60 contiki-avr-raven.a(sha2.o)
 .debug_frame   0x0000000000000670       0x40 contiki-avr-raven.a(rimeaddr.o)
 .debug_frame   0x00000000000006b0       0x70 contiki-avr-raven.a(nullmac.o)
 .debug_frame   0x0000000000000720       0x70 contiki-avr-raven.a(sicslowmac.o)
 .debug_frame   0x0000000000000790       0xd0 contiki-avr-raven.a(process.o)
 .debug_frame   0x0000000000000860       0x30 contiki-avr-raven.a(autostart.o)
 .debug_frame   0x0000000000000890       0x50 contiki-avr-raven.a(mmem.o)
 .debug_frame   0x00000000000008e0       0x60 contiki-avr-raven.a(timer.o)
 .debug_frame   0x0000000000000940       0xd0 contiki-avr-raven.a(list.o)
 .debug_frame   0x0000000000000a10       0x80 contiki-avr-raven.a(ctimer.o)
 .debug_frame   0x0000000000000a90       0x40 contiki-avr-raven.a(rtimer.o)
 .debug_frame   0x0000000000000ad0       0x30 contiki-avr-raven.a(random.o)
 .debug_frame   0x0000000000000b00      0x1a0 contiki-avr-raven.a(packetbuf.o)
 .debug_frame   0x0000000000000ca0       0xa0 contiki-avr-raven.a(queuebuf.o)
 .debug_frame   0x0000000000000d40      0x130 contiki-avr-raven.a(uip6.o)
 .debug_frame   0x0000000000000e70      0x130 contiki-avr-raven.a(tcpip.o)
 .debug_frame   0x0000000000000fa0       0x20 contiki-avr-raven.a(uip-split.o)
 .debug_frame   0x0000000000000fc0       0x40 contiki-avr-raven.a(uip-icmp6.o)
 .debug_frame   0x0000000000001000       0x70 contiki-avr-raven.a(uip-nd6.o)
 .debug_frame   0x0000000000001070       0x80 contiki-avr-raven.a(uip-packetqueue)
 .debug_frame   0x00000000000010f0       0x90 contiki-avr-raven.a(sicslowpan.o)
 .debug_frame   0x0000000000001180      0x250 contiki-avr-raven.a(uip-ds6.o)
 .debug_frame   0x00000000000013d0       0x40 contiki-avr-raven.a(rtimer-arch.o)
 .debug_frame   0x0000000000001410       0x50 contiki-avr-raven.a(frame802154.o)
 .debug_frame   0x0000000000001460       0x50 contiki-avr-raven.a(memb.o)
 .debug_frame   0x00000000000014b0       0x70 contiki-avr-raven.a(stimer.o)

.debug_str      0x0000000000000000     0x32b4
 *(.debug_str)
 .debug_str     0x0000000000000000      0x12c tcp-server.co
                                        0x1ac (size before relaxing)
 .debug_str     0x000000000000012c      0x11e contiki-avr-raven.a(hmac_sha2.o)
                                        0x1be (size before relaxing)
 .debug_str     0x000000000000024a      0x143 contiki-avr-raven.a(etimer.o)
                                        0x2a8 (size before relaxing)
 .debug_str     0x000000000000038d      0x24b contiki-avr-raven.a(contiki-raven-m)
                                        0x3d2 (size before relaxing)
 .debug_str     0x00000000000005d8       0xaf contiki-avr-raven.a(clock.o)
                                        0x1a1 (size before relaxing)
 .debug_str     0x0000000000000687      0x195 contiki-avr-raven.a(rs232.o)
                                        0x280 (size before relaxing)
 .debug_str     0x000000000000081c       0x70 contiki-avr-raven.a(watchdog.o)
                                        0x11a (size before relaxing)
 .debug_str     0x000000000000088c      0x96f contiki-avr-raven.a(rf230bb.o)
                                        0xbfa (size before relaxing)
 .debug_str     0x00000000000011fb      0x125 contiki-avr-raven.a(halbb.o)
                                        0x24d (size before relaxing)
 .debug_str     0x0000000000001320       0x70 contiki-avr-raven.a(sha2.o)
                                        0x154 (size before relaxing)
 .debug_str     0x0000000000001390       0x7e contiki-avr-raven.a(rimeaddr.o)
                                        0x150 (size before relaxing)
 .debug_str     0x000000000000140e       0x20 contiki-avr-raven.a(rimestats.o)
                                        0x108 (size before relaxing)
 .debug_str     0x000000000000142e       0x44 contiki-avr-raven.a(nullmac.o)
                                        0x19e (size before relaxing)
 .debug_str     0x0000000000001472      0x226 contiki-avr-raven.a(sicslowmac.o)
                                        0x70d (size before relaxing)
 .debug_str     0x0000000000001698      0x156 contiki-avr-raven.a(process.o)
                                        0x289 (size before relaxing)
 .debug_str     0x00000000000017ee       0x3a contiki-avr-raven.a(autostart.o)
                                        0x153 (size before relaxing)
 .debug_str     0x0000000000001828       0x69 contiki-avr-raven.a(mmem.o)
                                        0x149 (size before relaxing)
 .debug_str     0x0000000000001891       0x17 contiki-avr-raven.a(timer.o)
                                        0x13d (size before relaxing)
 .debug_str     0x00000000000018a8       0xa8 contiki-avr-raven.a(list.o)
                                        0x106 (size before relaxing)
 .debug_str     0x0000000000001950       0xc0 contiki-avr-raven.a(ctimer.o)
                                        0x23c (size before relaxing)
 .debug_str     0x0000000000001a10       0xb3 contiki-avr-raven.a(rtimer.o)
                                        0x195 (size before relaxing)
 .debug_str     0x0000000000001ac3       0x35 contiki-avr-raven.a(random.o)
                                         0xf2 (size before relaxing)
 .debug_str     0x0000000000001af8      0x24d contiki-avr-raven.a(packetbuf.o)
                                        0x644 (size before relaxing)
 .debug_str     0x0000000000001d45      0x108 contiki-avr-raven.a(queuebuf.o)
                                        0x53c (size before relaxing)
 .debug_str     0x0000000000001e4d      0x5e6 contiki-avr-raven.a(uip6.o)
                                        0x7e4 (size before relaxing)
 .debug_str     0x0000000000002433      0x2de contiki-avr-raven.a(tcpip.o)
                                        0x807 (size before relaxing)
 .debug_str     0x0000000000002711       0x3d contiki-avr-raven.a(uip-split.o)
                                        0x1da (size before relaxing)
 .debug_str     0x000000000000274e       0x7f contiki-avr-raven.a(uip-icmp6.o)
                                        0x36f (size before relaxing)
 .debug_str     0x00000000000027cd      0x1e4 contiki-avr-raven.a(uip-nd6.o)
                                        0x661 (size before relaxing)
 .debug_str     0x00000000000029b1       0xf1 contiki-avr-raven.a(uip-packetqueue)
                                        0x2ce (size before relaxing)
 .debug_str     0x0000000000002aa2      0x25e contiki-avr-raven.a(sicslowpan.o)
                                        0x839 (size before relaxing)
 .debug_str     0x0000000000002d00      0x3ee contiki-avr-raven.a(uip-ds6.o)
                                        0x8cd (size before relaxing)
 .debug_str     0x00000000000030ee       0x50 contiki-avr-raven.a(rtimer-arch.o)
                                        0x12e (size before relaxing)
 .debug_str     0x000000000000313e       0xc2 contiki-avr-raven.a(frame802154.o)
                                        0x311 (size before relaxing)
 .debug_str     0x0000000000003200       0x46 contiki-avr-raven.a(memb.o)
                                        0x118 (size before relaxing)
 .debug_str     0x0000000000003246       0x6e contiki-avr-raven.a(stimer.o)
                                        0x141 (size before relaxing)

.debug_loc      0x0000000000000000     0x530f
 *(.debug_loc)
 .debug_loc     0x0000000000000000       0x89 tcp-server.co
 .debug_loc     0x0000000000000089      0x338 contiki-avr-raven.a(hmac_sha2.o)
 .debug_loc     0x00000000000003c1      0x3ce contiki-avr-raven.a(etimer.o)
 .debug_loc     0x000000000000078f       0xa3 contiki-avr-raven.a(contiki-raven-m)
 .debug_loc     0x0000000000000832       0x97 contiki-avr-raven.a(clock.o)
 .debug_loc     0x00000000000008c9      0x163 contiki-avr-raven.a(rs232.o)
 .debug_loc     0x0000000000000a2c      0x706 contiki-avr-raven.a(rf230bb.o)
 .debug_loc     0x0000000000001132      0x2ac contiki-avr-raven.a(halbb.o)
 .debug_loc     0x00000000000013de      0x334 contiki-avr-raven.a(sha2.o)
 .debug_loc     0x0000000000001712       0x78 contiki-avr-raven.a(rimeaddr.o)
 .debug_loc     0x000000000000178a       0x48 contiki-avr-raven.a(nullmac.o)
 .debug_loc     0x00000000000017d2      0x106 contiki-avr-raven.a(sicslowmac.o)
 .debug_loc     0x00000000000018d8      0x34c contiki-avr-raven.a(process.o)
 .debug_loc     0x0000000000001c24       0x30 contiki-avr-raven.a(autostart.o)
 .debug_loc     0x0000000000001c54       0xa0 contiki-avr-raven.a(mmem.o)
 .debug_loc     0x0000000000001cf4       0xd0 contiki-avr-raven.a(timer.o)
 .debug_loc     0x0000000000001dc4      0x4d0 contiki-avr-raven.a(list.o)
 .debug_loc     0x0000000000002294      0x2e1 contiki-avr-raven.a(ctimer.o)
 .debug_loc     0x0000000000002575       0xd8 contiki-avr-raven.a(rtimer.o)
 .debug_loc     0x000000000000264d       0x18 contiki-avr-raven.a(random.o)
 .debug_loc     0x0000000000002665      0x2bc contiki-avr-raven.a(packetbuf.o)
 .debug_loc     0x0000000000002921      0x173 contiki-avr-raven.a(queuebuf.o)
 .debug_loc     0x0000000000002a94      0x649 contiki-avr-raven.a(uip6.o)
 .debug_loc     0x00000000000030dd      0x63d contiki-avr-raven.a(tcpip.o)
 .debug_loc     0x000000000000371a      0x121 contiki-avr-raven.a(uip-icmp6.o)
 .debug_loc     0x000000000000383b      0x189 contiki-avr-raven.a(uip-nd6.o)
 .debug_loc     0x00000000000039c4      0x118 contiki-avr-raven.a(uip-packetqueue)
 .debug_loc     0x0000000000003adc      0x6ce contiki-avr-raven.a(sicslowpan.o)
 .debug_loc     0x00000000000041aa      0xd14 contiki-avr-raven.a(uip-ds6.o)
 .debug_loc     0x0000000000004ebe       0x18 contiki-avr-raven.a(rtimer-arch.o)
 .debug_loc     0x0000000000004ed6      0x24b contiki-avr-raven.a(frame802154.o)
 .debug_loc     0x0000000000005121       0xf0 contiki-avr-raven.a(memb.o)
 .debug_loc     0x0000000000005211       0xfe contiki-avr-raven.a(stimer.o)

.debug_macinfo
 *(.debug_macinfo)
OUTPUT(tcp-server.avr-raven elf32-avr)
LOAD linker stubs

.bootloader     0x000000000001f800        0x0

.debug_ranges   0x0000000000000000      0x1b0
 .debug_ranges  0x0000000000000000       0x18 contiki-avr-raven.a(rs232.o)
 .debug_ranges  0x0000000000000018       0x60 contiki-avr-raven.a(halbb.o)
 .debug_ranges  0x0000000000000078       0x30 contiki-avr-raven.a(process.o)
 .debug_ranges  0x00000000000000a8       0x28 contiki-avr-raven.a(tcpip.o)
 .debug_ranges  0x00000000000000d0       0xe0 contiki-avr-raven.a(sicslowpan.o)
