Archive member included because of file (symbol)

contiki-avr-raven.a(etimer.o)
                              udp-server.co (etimer_set)
contiki-avr-raven.a(uip6.o)   udp-server.co (uip_send)
contiki-avr-raven.a(tcpip.o)  contiki-avr-raven.a(uip6.o) (tcpip_uipcall)
contiki-avr-raven.a(uip-split.o)
                              contiki-avr-raven.a(tcpip.o) (uip_split_output)
contiki-avr-raven.a(uip-icmp6.o)
                              contiki-avr-raven.a(uip6.o) (uip_icmp6_echo_request_input)
contiki-avr-raven.a(uip-nd6.o)
                              contiki-avr-raven.a(uip6.o) (uip_nd6_ra_input)
contiki-avr-raven.a(uip-packetqueue)
                              contiki-avr-raven.a(tcpip.o) (uip_packetqueue_buf)
contiki-avr-raven.a(uip-ds6.o)
                              contiki-avr-raven.a(uip-nd6.o) (uip_ds6_defrt_rm)
contiki-avr-raven.a(contiki-raven-m)
                              /usr/lib/gcc/avr/4.3.2/../../../avr/lib/avr51/crtm1284p.o (main)
contiki-avr-raven.a(cfs-coffee.o)
                              contiki-avr-raven.a(contiki-raven-m) (cfs_close)
contiki-avr-raven.a(cfs-coffee-arch)
                              contiki-avr-raven.a(cfs-coffee.o) (avr_flash_read)
contiki-avr-raven.a(clock.o)  contiki-avr-raven.a(contiki-raven-m) (clock_init)
contiki-avr-raven.a(rs232.o)  contiki-avr-raven.a(contiki-raven-m) (rs232_init)
contiki-avr-raven.a(watchdog.o)
                              contiki-avr-raven.a(contiki-raven-m) (watchdog_init)
contiki-avr-raven.a(rf230bb.o)
                              contiki-avr-raven.a(contiki-raven-m) (rf230_get_channel)
contiki-avr-raven.a(halbb.o)  contiki-avr-raven.a(rf230bb.o) (hal_init)
contiki-avr-raven.a(rimeaddr.o)
                              contiki-avr-raven.a(contiki-raven-m) (rimeaddr_set_node_addr)
contiki-avr-raven.a(rimestats.o)
                              contiki-avr-raven.a(rf230bb.o) (rimestats)
contiki-avr-raven.a(nullmac.o)
                              contiki-avr-raven.a(contiki-raven-m) (nullmac_driver)
contiki-avr-raven.a(sicslowmac.o)
                              contiki-avr-raven.a(contiki-raven-m) (sicslowmac_driver)
contiki-avr-raven.a(process.o)
                              contiki-avr-raven.a(tcpip.o) (process_alloc_event)
contiki-avr-raven.a(autostart.o)
                              contiki-avr-raven.a(contiki-raven-m) (autostart_start)
contiki-avr-raven.a(memb.o)   contiki-avr-raven.a(uip-packetqueue) (memb_alloc)
contiki-avr-raven.a(timer.o)  contiki-avr-raven.a(etimer.o) (timer_reset)
contiki-avr-raven.a(ctimer.o)
                              contiki-avr-raven.a(uip-packetqueue) (ctimer_stop)
contiki-avr-raven.a(rtimer.o)
                              contiki-avr-raven.a(contiki-raven-m) (rtimer_init)
contiki-avr-raven.a(stimer.o)
                              contiki-avr-raven.a(uip-nd6.o) (stimer_remaining)
contiki-avr-raven.a(random.o)
                              contiki-avr-raven.a(uip-ds6.o) (random_rand)
contiki-avr-raven.a(packetbuf.o)
                              contiki-avr-raven.a(sicslowmac.o) (packetbuf_hdralloc)
contiki-avr-raven.a(queuebuf.o)
                              contiki-avr-raven.a(contiki-raven-m) (queuebuf_init)
contiki-avr-raven.a(sicslowpan.o)
                              contiki-avr-raven.a(contiki-raven-m) (sicslowpan_driver)
contiki-avr-raven.a(rtimer-arch.o)
                              contiki-avr-raven.a(rtimer.o) (rtimer_arch_init)
contiki-avr-raven.a(frame802154.o)
                              contiki-avr-raven.a(sicslowmac.o) (frame802154_parse)
contiki-avr-raven.a(list.o)   contiki-avr-raven.a(ctimer.o) (list_init)
/usr/lib/gcc/avr/4.3.2/avr51/libgcc.a(_mulsi3.o)
                              contiki-avr-raven.a(uip-ds6.o) (__mulsi3)
/usr/lib/gcc/avr/4.3.2/avr51/libgcc.a(_udivmodhi4.o)
                              contiki-avr-raven.a(uip-ds6.o) (__udivmodhi4)
/usr/lib/gcc/avr/4.3.2/avr51/libgcc.a(_udivmodsi4.o)
                              contiki-avr-raven.a(tcpip.o) (__udivmodsi4)
/usr/lib/gcc/avr/4.3.2/avr51/libgcc.a(_exit.o)
                              /usr/lib/gcc/avr/4.3.2/../../../avr/lib/avr51/crtm1284p.o (exit)
/usr/lib/gcc/avr/4.3.2/avr51/libgcc.a(_clear_bss.o)
                              udp-server.co (__do_clear_bss)
/usr/lib/gcc/avr/4.3.2/../../../avr/lib/avr51/libc.a(rand.o)
                              contiki-avr-raven.a(random.o) (rand)
/usr/lib/gcc/avr/4.3.2/../../../avr/lib/avr51/libc.a(memcmp.o)
                              contiki-avr-raven.a(uip6.o) (memcmp)
/usr/lib/gcc/avr/4.3.2/../../../avr/lib/avr51/libc.a(memcpy.o)
                              contiki-avr-raven.a(uip6.o) (memcpy)
/usr/lib/gcc/avr/4.3.2/../../../avr/lib/avr51/libc.a(memmove.o)
                              contiki-avr-raven.a(uip-icmp6.o) (memmove)
/usr/lib/gcc/avr/4.3.2/../../../avr/lib/avr51/libc.a(memset.o)
                              contiki-avr-raven.a(memb.o) (memset)
/usr/lib/gcc/avr/4.3.2/../../../avr/lib/avr51/libc.a(strchr.o)
                              contiki-avr-raven.a(cfs-coffee-arch) (strchr)
/usr/lib/gcc/avr/4.3.2/../../../avr/lib/avr51/libc.a(strcmp.o)
                              contiki-avr-raven.a(cfs-coffee.o) (strcmp)
/usr/lib/gcc/avr/4.3.2/../../../avr/lib/avr51/libc.a(eerd_block.o)
                              contiki-avr-raven.a(contiki-raven-m) (__eerd_block)
/usr/lib/gcc/avr/4.3.2/../../../avr/lib/avr51/libc.a(iob.o)
                              contiki-avr-raven.a(rs232.o) (__iob)
/usr/lib/gcc/avr/4.3.2/../../../avr/lib/avr51/libc.a(printf_p.o)
                              contiki-avr-raven.a(contiki-raven-m) (printf_P)
/usr/lib/gcc/avr/4.3.2/../../../avr/lib/avr51/libc.a(puts.o)
                              udp-server.co (puts)
/usr/lib/gcc/avr/4.3.2/../../../avr/lib/avr51/libc.a(vsnprintf.o)
                              contiki-avr-raven.a(rs232.o) (vsnprintf)
/usr/lib/gcc/avr/4.3.2/../../../avr/lib/avr51/libc.a(vfprintf_std.o)
                              /usr/lib/gcc/avr/4.3.2/../../../avr/lib/avr51/libc.a(printf_p.o) (vfprintf)
/usr/lib/gcc/avr/4.3.2/../../../avr/lib/avr51/libc.a(strnlen_P.o)
                              /usr/lib/gcc/avr/4.3.2/../../../avr/lib/avr51/libc.a(vfprintf_std.o) (strnlen_P)
/usr/lib/gcc/avr/4.3.2/../../../avr/lib/avr51/libc.a(strnlen.o)
                              /usr/lib/gcc/avr/4.3.2/../../../avr/lib/avr51/libc.a(vfprintf_std.o) (strnlen)
/usr/lib/gcc/avr/4.3.2/../../../avr/lib/avr51/libc.a(fputc.o)
                              /usr/lib/gcc/avr/4.3.2/../../../avr/lib/avr51/libc.a(vfprintf_std.o) (fputc)
/usr/lib/gcc/avr/4.3.2/../../../avr/lib/avr51/libc.a(ultoa_invert.o)
                              /usr/lib/gcc/avr/4.3.2/../../../avr/lib/avr51/libc.a(vfprintf_std.o) (__ultoa_invert)
/usr/lib/gcc/avr/4.3.2/avr51/libgcc.a(_divmodsi4.o)
                              /usr/lib/gcc/avr/4.3.2/../../../avr/lib/avr51/libc.a(rand.o) (__divmodsi4)
/usr/lib/gcc/avr/4.3.2/avr51/libgcc.a(_prologue.o)
                              /usr/lib/gcc/avr/4.3.2/../../../avr/lib/avr51/libc.a(rand.o) (__prologue_saves__)
/usr/lib/gcc/avr/4.3.2/avr51/libgcc.a(_epilogue.o)
                              /usr/lib/gcc/avr/4.3.2/../../../avr/lib/avr51/libc.a(rand.o) (__epilogue_restores__)

Allocating common symbols
Common symbol       size              file

rf230_last_correlation
                    0x1               contiki-avr-raven.a(rf230bb.o)
rf230_last_rssi     0x1               contiki-avr-raven.a(rf230bb.o)
rf230_time_of_departure
                    0x2               contiki-avr-raven.a(rf230bb.o)
uip_ds6_if          0xeb              contiki-avr-raven.a(uip-ds6.o)
sicslowpan_mac      0x2               contiki-avr-raven.a(sicslowpan.o)
uip_len             0x2               contiki-avr-raven.a(uip6.o)
rimestats           0x48              contiki-avr-raven.a(rimestats.o)
uip_sappdata        0x2               contiki-avr-raven.a(uip6.o)
packetbuf_addrs     0x20              contiki-avr-raven.a(packetbuf.o)
uip_acc32           0x4               contiki-avr-raven.a(uip6.o)
uip_ds6_prefix_list
                    0x6c              contiki-avr-raven.a(uip-ds6.o)
rimeaddr_node_addr  0x8               contiki-avr-raven.a(rimeaddr.o)
frag_sender         0x8               contiki-avr-raven.a(sicslowpan.o)
rf230_calibrate     0x1               contiki-avr-raven.a(rf230bb.o)
uip_lladdr          0x8               contiki-avr-raven.a(uip6.o)
uip_aligned_buf     0x500             contiki-avr-raven.a(uip6.o)
uip_flags           0x1               contiki-avr-raven.a(uip6.o)
eeprom_channel      0x1               contiki-avr-raven.a(contiki-raven-m)
uip_ds6_timer_periodic
                    0x8               contiki-avr-raven.a(uip-ds6.o)
uip_next_hdr        0x2               contiki-avr-raven.a(uip6.o)
uip_ds6_defrt_list  0x34              contiki-avr-raven.a(uip-ds6.o)
uip_udp_conn        0x2               contiki-avr-raven.a(uip6.o)
rf230_calibrated    0x1               contiki-avr-raven.a(rf230bb.o)
packetbuf_attrs     0x30              contiki-avr-raven.a(packetbuf.o)
uip_ds6_nbr_cache   0x3c0             contiki-avr-raven.a(uip-ds6.o)
rf230_authority_level_of_sender
                    0x2               contiki-avr-raven.a(rf230bb.o)
uip_appdata         0x2               contiki-avr-raven.a(uip6.o)
rf230_time_of_arrival
                    0x2               contiki-avr-raven.a(rf230bb.o)
uip_conn            0x2               contiki-avr-raven.a(uip6.o)
rxframe_tail        0x1               contiki-avr-raven.a(rf230bb.o)
tcpip_event         0x1               contiki-avr-raven.a(tcpip.o)
uip_conns           0x2c              contiki-avr-raven.a(uip6.o)
uip_icmp6_conns     0x4               contiki-avr-raven.a(uip6.o)
rxframe_head        0x1               contiki-avr-raven.a(rf230bb.o)
rxframe             0x82              contiki-avr-raven.a(rf230bb.o)
sleepseconds        0x4               contiki-avr-raven.a(clock.o)
seconds             0x4               contiki-avr-raven.a(clock.o)
osccal_original     0x1               contiki-avr-raven.a(rf230bb.o)
uip_listenports     0x2               contiki-avr-raven.a(uip6.o)
RF230_sleeping      0x1               contiki-avr-raven.a(rf230bb.o)
uip_ds6_timer_rs    0x8               contiki-avr-raven.a(uip-ds6.o)
RF230_receive_on    0x1               contiki-avr-raven.a(rf230bb.o)
osccal_calibrated   0x1               contiki-avr-raven.a(rf230bb.o)
uip_ds6_routing_table
                    0x398             contiki-avr-raven.a(uip-ds6.o)
__iob               0x6               /usr/lib/gcc/avr/4.3.2/../../../avr/lib/avr51/libc.a(iob.o)
tcpip_icmp6_event   0x1               contiki-avr-raven.a(tcpip.o)
uip_slen            0x2               contiki-avr-raven.a(uip6.o)
uip_udp_conns       0xfa              contiki-avr-raven.a(uip6.o)

Memory Configuration

Name             Origin             Length             Attributes
text             0x00000000         0x00020000         xr
data             0x00800060         0x0000ffa0         rw !x
eeprom           0x00810000         0x00010000         rw !x
fuse             0x00820000         0x00000400         rw !x
lock             0x00830000         0x00000400         rw !x
signature        0x00840000         0x00000400         rw !x
*default*        0x00000000         0xffffffff

Linker script and memory map

Address of section .data set to 0x800100
LOAD /usr/lib/gcc/avr/4.3.2/../../../avr/lib/avr51/crtm1284p.o
Address of section .coffeefiles set to 0x14000
Address of section .bootloader set to 0x1f800
LOAD udp-server.co
LOAD contiki-avr-raven.a
LOAD /usr/lib/gcc/avr/4.3.2/avr51/libgcc.a
LOAD /usr/lib/gcc/avr/4.3.2/../../../avr/lib/avr51/libc.a
LOAD /usr/lib/gcc/avr/4.3.2/avr51/libgcc.a

.hash
 *(.hash)

.dynsym
 *(.dynsym)

.dynstr
 *(.dynstr)

.gnu.version
 *(.gnu.version)

.gnu.version_d
 *(.gnu.version_d)

.gnu.version_r
 *(.gnu.version_r)

.rel.init
 *(.rel.init)

.rela.init
 *(.rela.init)

.rel.text
 *(.rel.text)
 *(.rel.text.*)
 *(.rel.gnu.linkonce.t*)

.rela.text
 *(.rela.text)
 *(.rela.text.*)
 *(.rela.gnu.linkonce.t*)

.rel.fini
 *(.rel.fini)

.rela.fini
 *(.rela.fini)

.rel.rodata
 *(.rel.rodata)
 *(.rel.rodata.*)
 *(.rel.gnu.linkonce.r*)

.rela.rodata
 *(.rela.rodata)
 *(.rela.rodata.*)
 *(.rela.gnu.linkonce.r*)

.rel.data
 *(.rel.data)
 *(.rel.data.*)
 *(.rel.gnu.linkonce.d*)

.rela.data
 *(.rela.data)
 *(.rela.data.*)
 *(.rela.gnu.linkonce.d*)

.rel.ctors
 *(.rel.ctors)

.rela.ctors
 *(.rela.ctors)

.rel.dtors
 *(.rel.dtors)

.rela.dtors
 *(.rela.dtors)

.rel.got
 *(.rel.got)

.rela.got
 *(.rela.got)

.rel.bss
 *(.rel.bss)

.rela.bss
 *(.rela.bss)

.rel.plt
 *(.rel.plt)

.rela.plt
 *(.rela.plt)

.text           0x00000000     0xac9c
 *(.vectors)
 .vectors       0x00000000       0x8c /usr/lib/gcc/avr/4.3.2/../../../avr/lib/avr51/crtm1284p.o
                0x00000000                __vectors
                0x00000000                __vector_default
 *(.vectors)
 *(.progmem.gcc*)
 *(.progmem*)
 .progmem.data  0x0000008c       0xcf contiki-avr-raven.a(contiki-raven-m)
 .progmem.data  0x0000015b      0x10f contiki-avr-raven.a(cfs-coffee-arch)
                0x0000026a                . = ALIGN (0x2)
                0x0000026a                __trampolines_start = .
 *(.trampolines)
 .trampolines   0x0000026a        0x0 linker stubs
 *(.trampolines*)
                0x0000026a                __trampolines_end = .
 *(.jumptables)
 *(.jumptables*)
 *(.lowtext)
 *(.lowtext*)
                0x0000026a                __ctors_start = .
 *(.ctors)
                0x0000026a                __ctors_end = .
                0x0000026a                __dtors_start = .
 *(.dtors)
                0x0000026a                __dtors_end = .
 SORT(*)(.ctors)
 SORT(*)(.dtors)
 *(.init0)
 .init0         0x0000026a        0x0 /usr/lib/gcc/avr/4.3.2/../../../avr/lib/avr51/crtm1284p.o
                0x0000026a                __init
 *(.init0)
 *(.init1)
 *(.init1)
 *(.init2)
 .init2         0x0000026a        0xc /usr/lib/gcc/avr/4.3.2/../../../avr/lib/avr51/crtm1284p.o
 *(.init2)
 *(.init3)
 *(.init3)
 *(.init4)
 .init4         0x00000276       0x1a /usr/lib/gcc/avr/4.3.2/../../../avr/lib/avr51/crtm1284p.o
                0x00000276                __do_copy_data
 .init4         0x00000290       0x10 /usr/lib/gcc/avr/4.3.2/avr51/libgcc.a(_clear_bss.o)
                0x00000290                __do_clear_bss
 *(.init4)
 *(.init5)
 *(.init5)
 *(.init6)
 *(.init6)
 *(.init7)
 *(.init7)
 *(.init8)
 *(.init8)
 *(.init9)
 .init9         0x000002a0        0x8 /usr/lib/gcc/avr/4.3.2/../../../avr/lib/avr51/crtm1284p.o
 *(.init9)
 *(.text)
 .text          0x000002a8        0x4 /usr/lib/gcc/avr/4.3.2/../../../avr/lib/avr51/crtm1284p.o
                0x000002a8                __vector_1
                0x000002a8                __vector_34
                0x000002a8                __vector_24
                0x000002a8                __bad_interrupt
                0x000002a8                __vector_6
                0x000002a8                __vector_31
                0x000002a8                __vector_3
                0x000002a8                __vector_23
                0x000002a8                __vector_25
                0x000002a8                __vector_11
                0x000002a8                __vector_13
                0x000002a8                __vector_17
                0x000002a8                __vector_19
                0x000002a8                __vector_7
                0x000002a8                __vector_27
                0x000002a8                __vector_5
                0x000002a8                __vector_33
                0x000002a8                __vector_4
                0x000002a8                __vector_9
                0x000002a8                __vector_2
                0x000002a8                __vector_21
                0x000002a8                __vector_29
                0x000002a8                __vector_8
                0x000002a8                __vector_26
                0x000002a8                __vector_14
                0x000002a8                __vector_10
                0x000002a8                __vector_18
 .text          0x000002ac       0x9a udp-server.co
 .text          0x00000346      0x2e4 contiki-avr-raven.a(etimer.o)
                0x00000346                etimer_expired
                0x0000035c                etimer_expiration_time
                0x0000036e                etimer_start_time
                0x00000376                etimer_pending
                0x0000038c                etimer_next_expiration_time
                0x00000410                etimer_stop
                0x00000460                etimer_adjust
                0x00000474                etimer_request_poll
                0x000005e8                etimer_restart
                0x000005fe                etimer_reset
                0x00000614                etimer_set
 .text          0x0000062a     0x169c contiki-avr-raven.a(uip6.o)
                0x0000062a                uip_add32
                0x0000069a                uip_chksum
                0x000006ea                uip_ipchksum
                0x00000810                uip_icmp6chksum
                0x00000818                uip_tcpchksum
                0x00000820                uip_udpchksum
                0x00000828                uip_connect
                0x000008f4                uip_unlisten
                0x00000918                uip_listen
                0x0000096e                uip_htons
                0x00000976                uip_htonl
                0x000009b0                uip_send
                0x00000aa6                uip_process
                0x00001b84                uip_udp_new
                0x00001c7c                uip_init
 .text          0x00001cc6      0x742 contiki-avr-raven.a(tcpip.o)
                0x00001cc6                tcpip_output
                0x00001cda                tcpip_set_outputfunc
                0x00001ce4                tcp_attach
                0x00001cf8                udp_attach
                0x00001d0c                icmp6_new
                0x00001d3a                tcp_unlisten
                0x00001d90                tcpip_uipcall
                0x00001e08                tcpip_input
                0x00001e24                tcpip_icmp6_call
                0x00001e52                tcpip_poll_tcp
                0x00001e60                tcpip_poll_udp
                0x00001e6e                tcpip_ipv6_output
                0x000022fa                udp_new
                0x00002322                udp_broadcast_new
                0x00002392                tcp_listen
                0x000023cc                tcp_connect
 .text          0x00002408       0xda contiki-avr-raven.a(uip-split.o)
                0x00002408                uip_split_output
 .text          0x000024e2      0x336 contiki-avr-raven.a(uip-icmp6.o)
                0x000024e2                uip_icmp6_send
                0x0000258a                uip_icmp6_echo_request_input
                0x00002664                uip_icmp6_error_output
 .text          0x00002818      0xf50 contiki-avr-raven.a(uip-nd6.o)
                0x00002818                uip_nd6_ra_input
                0x00002dc6                uip_nd6_rs_output
                0x00002ef4                uip_nd6_ns_output
                0x00003058                uip_nd6_na_input
                0x0000330e                uip_nd6_ns_input
 .text          0x00003768       0xec contiki-avr-raven.a(uip-packetqueue)
                0x00003768                uip_packetqueue_new
                0x00003770                uip_packetqueue_buf
                0x00003788                uip_packetqueue_buflen
                0x000037a8                uip_packetqueue_set_buflen
                0x000037be                uip_packetqueue_free
                0x0000380a                uip_packetqueue_alloc
 .text          0x00003854     0x10e0 contiki-avr-raven.a(uip-ds6.o)
                0x00003854                uip_ds6_defrt_rm
                0x0000385e                uip_ds6_prefix_rm
                0x00003868                uip_ds6_get_link_local
                0x000038c8                uip_ds6_get_global
                0x00003928                uip_ds6_maddr_rm
                0x00003932                uip_ds6_aaddr_rm
                0x0000393c                uip_ds6_route_rm
                0x00003942                uip_ds6_select_src
                0x00003a34                get_match_length
                0x00003a72                uip_ds6_compute_reachable_time
                0x00003ad2                uip_ds6_dad
                0x00003b40                uip_ds6_set_addr_iid
                0x00003b6a                uip_ds6_route_rm_by_nexthop
                0x00003bc0                uip_ds6_route_lookup
                0x00003c42                uip_ds6_is_addr_onlink
                0x00003ca2                uip_ds6_list_loop
                0x00003d3c                uip_ds6_route_add
                0x00003dd6                uip_ds6_aaddr_lookup
                0x00003e12                uip_ds6_aaddr_add
                0x00003e72                uip_ds6_maddr_lookup
                0x00003eae                uip_ds6_addr_rm
                0x00003f24                uip_ds6_dad_failed
                0x00003f46                uip_ds6_maddr_add
                0x00003fa6                uip_ds6_addr_lookup
                0x00003fe2                uip_ds6_prefix_lookup
                0x0000401e                uip_ds6_defrt_lookup
                0x0000405a                uip_ds6_nbr_lookup
                0x00004096                uip_ds6_defrt_choose
                0x0000410c                uip_ds6_send_rs
                0x00004142                uip_ds6_addr_add
                0x00004272                uip_ds6_prefix_add
                0x0000431e                uip_ds6_defrt_add
                0x000043c8                uip_ds6_nbr_rm
                0x000043d8                uip_ds6_init
                0x0000456c                uip_ds6_nbr_add
                0x000046b4                uip_ds6_periodic
 .text          0x00004934      0x324 contiki-avr-raven.a(contiki-raven-m)
                0x00004944                log_message
                0x0000497e                initialize
                0x00004c4a                main
 .text          0x00004c58      0xdac contiki-avr-raven.a(cfs-coffee.o)
                0x00004c58                cfs_close
                0x00004c9a                cfs_seek
                0x00004d28                cfs_closedir
                0x00004d2a                cfs_coffee_get_protected_mem
                0x00004d3a                cfs_coffee_format
                0x00004d64                cfs_opendir
                0x00005062                cfs_read
                0x000050e4                cfs_coffee_configure_log
                0x0000528e                cfs_remove
                0x00005522                cfs_coffee_reserve
                0x00005546                cfs_open
                0x00005644                cfs_readdir
                0x00005944                cfs_write
 .text          0x00005a04      0xb6a contiki-avr-raven.a(cfs-coffee-arch)
                0x00005a04                avr_flash_read
                0x00005aba                avr_httpd_fs_getchar
                0x00005adc                avr_httpd_fs_strcmp
                0x00005b5e                avr_httpd_fs_strchr
                0x00005bf8                coffee_file_test
 .text          0x0000656e      0x1c0 contiki-avr-raven.a(clock.o)
                0x0000656e                clock_adjust_seconds
                0x000065ee                clock_init
                0x0000660e                clock_time
                0x00006628                clock_delay
                0x0000663e                clock_wait
                0x00006678                clock_set_seconds
                0x0000667a                clock_seconds
                0x000066aa                __vector_16
 .text          0x0000672e      0x300 contiki-avr-raven.a(rs232.o)
                0x0000672e                __vector_22
                0x00006746                __vector_20
                0x000067aa                __vector_30
                0x000067c2                __vector_28
                0x00006826                rs232_init
                0x00006860                rs232_print_p
                0x000068a8                rs232_print
                0x00006912                rs232_send
                0x0000693e                rs232_set_input
                0x0000695c                slip_arch_writeb
                0x00006976                rs232_stdout_putchar
                0x000069e6                rs232_redirect_stdout
                0x000069f8                rs232_printf
 .text          0x00006a2e       0x7a contiki-avr-raven.a(watchdog.o)
                0x00006a2e                watchdog_init
                0x00006a4e                watchdog_start
                0x00006a78                watchdog_periodic
                0x00006a7c                watchdog_stop
                0x00006a8e                watchdog_reboot
 .text          0x00006aa8      0x95c contiki-avr-raven.a(rf230bb.o)
                0x00006aa8                rf230_set_promiscuous_mode
                0x00006aae                calibrate_rc_osc_32k
                0x00006ba6                rf230_get_channel
                0x00006bd6                rf230_is_ready_to_send
                0x00006c10                rf230_get_txpower
                0x00006d14                rf230_on
                0x00006dea                rf230_off
                0x00006e48                rf230_get_raw_rssi
                0x00006eb4                rf230_set_txpower
                0x00006ec4                rf230_set_channel
                0x00006ee0                rf230_listen_channel
                0x00007020                rf230_interrupt
                0x00007292                rf230_set_pan_addr
                0x0000735e                rf230_init
 .text          0x00007404      0x32e contiki-avr-raven.a(halbb.o)
                0x00007404                hal_init
                0x0000743e                hal_register_read
                0x00007474                hal_register_write
                0x000074aa                hal_subregister_read
                0x000074d0                hal_subregister_write
                0x00007544                hal_frame_read
                0x000075a6                hal_frame_write
                0x000075fe                __vector_15
                0x0000762c                __vector_12
 .text          0x00007732       0x76 contiki-avr-raven.a(rimeaddr.o)
                0x00007732                rimeaddr_copy
                0x00007754                rimeaddr_cmp
                0x00007786                rimeaddr_set_node_addr
 .text          0x000077a8        0x0 contiki-avr-raven.a(rimestats.o)
 .text          0x000077a8       0x38 contiki-avr-raven.a(nullmac.o)
 .text          0x000077e0      0x250 contiki-avr-raven.a(sicslowmac.o)
 .text          0x00007a30      0x3a2 contiki-avr-raven.a(process.o)
                0x00007a30                process_alloc_event
                0x00007b66                process_exit
                0x00007b74                process_init
                0x00007b94                process_run
                0x00007cd4                process_nevents
                0x00007ce6                process_post
                0x00007d2e                process_post_synch
                0x00007d4c                process_start
                0x00007da6                process_poll
                0x00007dbe                process_is_running
 .text          0x00007dd2       0x38 contiki-avr-raven.a(autostart.o)
                0x00007dd2                autostart_exit
                0x00007dec                autostart_start
 .text          0x00007e0a      0x144 contiki-avr-raven.a(memb.o)
                0x00007e0a                memb_alloc
                0x00007e66                memb_free
                0x00007ec2                memb_inmemb
                0x00007f08                memb_init
 .text          0x00007f4e       0xa0 contiki-avr-raven.a(timer.o)
                0x00007f4e                timer_reset
                0x00007f62                timer_remaining
                0x00007f8c                timer_expired
                0x00007fbc                timer_restart
                0x00007fd2                timer_set
 .text          0x00007fee      0x26e contiki-avr-raven.a(ctimer.o)
                0x000080bc                ctimer_expired
                0x00008104                ctimer_stop
                0x00008134                ctimer_restart
                0x00008188                ctimer_set
                0x000081ee                ctimer_reset
                0x00008242                ctimer_init
 .text          0x0000825c       0x7a contiki-avr-raven.a(rtimer.o)
                0x0000825c                rtimer_run_next
                0x0000829a                rtimer_set
                0x000082d0                rtimer_init
 .text          0x000082d6      0x12a contiki-avr-raven.a(stimer.o)
                0x000082d6                stimer_reset
                0x000082fa                stimer_elapsed
                0x00008324                stimer_remaining
                0x00008370                stimer_expired
                0x000083c2                stimer_restart
                0x000083dc                stimer_set
 .text          0x00008400        0xc contiki-avr-raven.a(random.o)
                0x00008400                random_rand
                0x00008406                random_init
 .text          0x0000840c      0x3ea contiki-avr-raven.a(packetbuf.o)
                0x0000840c                packetbuf_clear_hdr
                0x00008414                packetbuf_hdralloc
                0x00008452                packetbuf_hdr_remove
                0x0000845e                packetbuf_hdrreduce
                0x0000849c                packetbuf_set_datalen
                0x000084a6                packetbuf_dataptr
                0x000084c0                packetbuf_hdrptr
                0x000084d4                packetbuf_is_reference
                0x000084f8                packetbuf_reference_ptr
                0x00008502                packetbuf_datalen
                0x0000850c                packetbuf_hdrlen
                0x00008516                packetbuf_totlen
                0x0000852e                packetbuf_set_attr
                0x00008544                packetbuf_attr
                0x00008556                packetbuf_addr
                0x0000856c                packetbuf_set_addr
                0x00008586                packetbuf_attr_clear
                0x000085c8                packetbuf_clear
                0x000085f6                packetbuf_reference
                0x00008620                packetbuf_attr_copyfrom
                0x00008642                packetbuf_attr_copyto
                0x00008664                packetbuf_copyto
                0x00008700                packetbuf_copyto_hdr
                0x00008738                packetbuf_compact
                0x000087aa                packetbuf_copyfrom
 .text          0x000087f6      0x1a2 contiki-avr-raven.a(queuebuf.o)
                0x000087f6                queuebuf_datalen
                0x000087fe                queuebuf_addr
                0x00008816                queuebuf_attr
                0x0000882c                queuebuf_debug_print
                0x0000882e                queuebuf_dataptr
                0x0000886a                queuebuf_to_packetbuf
                0x000088dc                queuebuf_free
                0x00008914                queuebuf_new_from_packetbuf
                0x00008986                queuebuf_init
 .text          0x00008998     0x12ba contiki-avr-raven.a(sicslowpan.o)
                0x000092ce                sicslowpan_init
 .text          0x00009c52       0xae contiki-avr-raven.a(rtimer-arch.o)
                0x00009c52                rtimer_arch_init
                0x00009c86                rtimer_arch_schedule
                0x00009ca6                __vector_32
 .text          0x00009d00      0x468 contiki-avr-raven.a(frame802154.o)
                0x00009d00                frame802154_parse
                0x00009f80                frame802154_create
                0x0000a12c                frame802154_hdrlen
 .text          0x0000a168      0x25e contiki-avr-raven.a(list.o)
                0x0000a168                list_init
                0x0000a170                list_head
                0x0000a178                list_copy
                0x0000a186                list_tail
                0x0000a1a8                list_add
                0x0000a220                list_push
                0x0000a27a                list_chop
                0x0000a2c8                list_pop
                0x0000a2e0                list_remove
                0x0000a32a                list_length
                0x0000a34a                list_insert
                0x0000a3b2                list_item_next
 .text          0x0000a3c6        0x0 /usr/lib/gcc/avr/4.3.2/avr51/libgcc.a(_mulsi3.o)
 .text          0x0000a3c6        0x0 /usr/lib/gcc/avr/4.3.2/avr51/libgcc.a(_udivmodhi4.o)
 .text          0x0000a3c6        0x0 /usr/lib/gcc/avr/4.3.2/avr51/libgcc.a(_udivmodsi4.o)
 .text          0x0000a3c6        0x0 /usr/lib/gcc/avr/4.3.2/avr51/libgcc.a(_exit.o)
 .text          0x0000a3c6        0x0 /usr/lib/gcc/avr/4.3.2/avr51/libgcc.a(_clear_bss.o)
 .text          0x0000a3c6       0xc2 /usr/lib/gcc/avr/4.3.2/../../../avr/lib/avr51/libc.a(rand.o)
                0x0000a462                rand_r
                0x0000a468                rand
                0x0000a472                srand
 .text          0x0000a488       0x1a /usr/lib/gcc/avr/4.3.2/../../../avr/lib/avr51/libc.a(memcmp.o)
                0x0000a488                memcmp
 .text          0x0000a4a2       0x12 /usr/lib/gcc/avr/4.3.2/../../../avr/lib/avr51/libc.a(memcpy.o)
                0x0000a4a2                memcpy
 .text          0x0000a4b4       0x24 /usr/lib/gcc/avr/4.3.2/../../../avr/lib/avr51/libc.a(memmove.o)
                0x0000a4b4                memmove
 .text          0x0000a4d8        0xe /usr/lib/gcc/avr/4.3.2/../../../avr/lib/avr51/libc.a(memset.o)
                0x0000a4d8                memset
 .text          0x0000a4e6       0x16 /usr/lib/gcc/avr/4.3.2/../../../avr/lib/avr51/libc.a(strchr.o)
                0x0000a4e6                strchr
 .text          0x0000a4fc       0x12 /usr/lib/gcc/avr/4.3.2/../../../avr/lib/avr51/libc.a(strcmp.o)
                0x0000a4fc                strcmp
 .text          0x0000a50e       0x38 /usr/lib/gcc/avr/4.3.2/../../../avr/lib/avr51/libc.a(eerd_block.o)
                0x0000a50e                __eerd_block
 .text          0x0000a546        0x0 /usr/lib/gcc/avr/4.3.2/../../../avr/lib/avr51/libc.a(iob.o)
 .text          0x0000a546       0x4c /usr/lib/gcc/avr/4.3.2/../../../avr/lib/avr51/libc.a(printf_p.o)
                0x0000a546                printf_P
 .text          0x0000a592       0x6a /usr/lib/gcc/avr/4.3.2/../../../avr/lib/avr51/libc.a(puts.o)
                0x0000a592                puts
 .text          0x0000a5fc       0x54 /usr/lib/gcc/avr/4.3.2/../../../avr/lib/avr51/libc.a(vsnprintf.o)
                0x0000a5fc                vsnprintf
 .text          0x0000a650      0x3ba /usr/lib/gcc/avr/4.3.2/../../../avr/lib/avr51/libc.a(vfprintf_std.o)
                0x0000a650                vfprintf
 .text          0x0000aa0a       0x16 /usr/lib/gcc/avr/4.3.2/../../../avr/lib/avr51/libc.a(strnlen_P.o)
                0x0000aa0a                strnlen_P
 .text          0x0000aa20       0x16 /usr/lib/gcc/avr/4.3.2/../../../avr/lib/avr51/libc.a(strnlen.o)
                0x0000aa20                strnlen
 .text          0x0000aa36       0x58 /usr/lib/gcc/avr/4.3.2/../../../avr/lib/avr51/libc.a(fputc.o)
                0x0000aa36                fputc
 .text          0x0000aa8e       0xbc /usr/lib/gcc/avr/4.3.2/../../../avr/lib/avr51/libc.a(ultoa_invert.o)
                0x0000aa8e                __ultoa_invert
 .text          0x0000ab4a        0x0 /usr/lib/gcc/avr/4.3.2/avr51/libgcc.a(_divmodsi4.o)
 .text          0x0000ab4a        0x0 /usr/lib/gcc/avr/4.3.2/avr51/libgcc.a(_prologue.o)
 .text          0x0000ab4a        0x0 /usr/lib/gcc/avr/4.3.2/avr51/libgcc.a(_epilogue.o)
                0x0000ab4a                . = ALIGN (0x2)
 *(.text.*)
 .text.libgcc   0x0000ab4a       0x3e /usr/lib/gcc/avr/4.3.2/avr51/libgcc.a(_mulsi3.o)
                0x0000ab4a                __mulsi3
 .text.libgcc   0x0000ab88       0x28 /usr/lib/gcc/avr/4.3.2/avr51/libgcc.a(_udivmodhi4.o)
                0x0000ab88                __udivmodhi4
 .text.libgcc   0x0000abb0       0x44 /usr/lib/gcc/avr/4.3.2/avr51/libgcc.a(_udivmodsi4.o)
                0x0000abb0                __udivmodsi4
 .text.libgcc   0x0000abf4        0x0 /usr/lib/gcc/avr/4.3.2/avr51/libgcc.a(_exit.o)
 .text.libgcc   0x0000abf4        0x0 /usr/lib/gcc/avr/4.3.2/avr51/libgcc.a(_clear_bss.o)
 .text.libgcc   0x0000abf4       0x36 /usr/lib/gcc/avr/4.3.2/avr51/libgcc.a(_divmodsi4.o)
                0x0000abf4                __divmodsi4
 .text.libgcc   0x0000ac2a       0x38 /usr/lib/gcc/avr/4.3.2/avr51/libgcc.a(_prologue.o)
                0x0000ac2a                __prologue_saves__
 .text.libgcc   0x0000ac62       0x36 /usr/lib/gcc/avr/4.3.2/avr51/libgcc.a(_epilogue.o)
                0x0000ac62                __epilogue_restores__
                0x0000ac98                . = ALIGN (0x2)
 *(.fini9)
 .fini9         0x0000ac98        0x0 /usr/lib/gcc/avr/4.3.2/avr51/libgcc.a(_exit.o)
                0x0000ac98                exit
                0x0000ac98                _exit
 *(.fini9)
 *(.fini8)
 *(.fini8)
 *(.fini7)
 *(.fini7)
 *(.fini6)
 *(.fini6)
 *(.fini5)
 *(.fini5)
 *(.fini4)
 *(.fini4)
 *(.fini3)
 *(.fini3)
 *(.fini2)
 *(.fini2)
 *(.fini1)
 *(.fini1)
 *(.fini0)
 .fini0         0x0000ac98        0x4 /usr/lib/gcc/avr/4.3.2/avr51/libgcc.a(_exit.o)
 *(.fini0)
                0x0000ac9c                _etext = .

.data           0x00800100      0x19c load address 0x0000ac9c
                0x00800100                PROVIDE (__data_start, .)
 *(.data)
 .data          0x00800100        0x0 /usr/lib/gcc/avr/4.3.2/../../../avr/lib/avr51/crtm1284p.o
 .data          0x00800100       0x59 udp-server.co
                0x0080014b                udp_process_receiver
                0x00800155                autostart_processes
 .data          0x00800159       0x16 contiki-avr-raven.a(etimer.o)
                0x00800165                etimer_process
 .data          0x0080016f        0x0 contiki-avr-raven.a(uip6.o)
 .data          0x0080016f       0x17 contiki-avr-raven.a(tcpip.o)
                0x0080017c                tcpip_process
 .data          0x00800186        0x0 contiki-avr-raven.a(uip-split.o)
 .data          0x00800186        0x0 contiki-avr-raven.a(uip-icmp6.o)
 .data          0x00800186        0x0 contiki-avr-raven.a(uip-nd6.o)
 .data          0x00800186        0x8 contiki-avr-raven.a(uip-packetqueue)
 .data          0x0080018e        0x0 contiki-avr-raven.a(uip-ds6.o)
 .data          0x0080018e       0x22 contiki-avr-raven.a(contiki-raven-m)
 .data          0x008001b0        0x0 contiki-avr-raven.a(cfs-coffee.o)
 .data          0x008001b0        0xf contiki-avr-raven.a(cfs-coffee-arch)
 .data          0x008001bf        0x0 contiki-avr-raven.a(clock.o)
 .data          0x008001bf       0x28 contiki-avr-raven.a(rs232.o)
 .data          0x008001e7        0x0 contiki-avr-raven.a(watchdog.o)
 .data          0x008001e7       0x2b contiki-avr-raven.a(rf230bb.o)
                0x008001f4                rf230_process
                0x008001fe                rf230_driver
 .data          0x00800212        0x0 contiki-avr-raven.a(halbb.o)
 .data          0x00800212        0x8 contiki-avr-raven.a(rimeaddr.o)
                0x00800212                rimeaddr_null
 .data          0x0080021a        0x0 contiki-avr-raven.a(rimestats.o)
 .data          0x0080021a       0x16 contiki-avr-raven.a(nullmac.o)
                0x00800222                nullmac_driver
 .data          0x00800230       0x19 contiki-avr-raven.a(sicslowmac.o)
                0x0080023b                sicslowmac_driver
 .data          0x00800249        0x0 contiki-avr-raven.a(process.o)
 .data          0x00800249        0x0 contiki-avr-raven.a(autostart.o)
 .data          0x00800249        0x0 contiki-avr-raven.a(memb.o)
 .data          0x00800249        0x0 contiki-avr-raven.a(timer.o)
 .data          0x00800249       0x19 contiki-avr-raven.a(ctimer.o)
                0x00800258                ctimer_process
 .data          0x00800262        0x0 contiki-avr-raven.a(rtimer.o)
 .data          0x00800262        0x0 contiki-avr-raven.a(stimer.o)
 .data          0x00800262        0x0 contiki-avr-raven.a(random.o)
 .data          0x00800262        0x2 contiki-avr-raven.a(packetbuf.o)
 .data          0x00800264       0x10 contiki-avr-raven.a(queuebuf.o)
 .data          0x00800274       0x23 contiki-avr-raven.a(sicslowpan.o)
                0x00800274                unc_llconf
                0x00800278                unc_ctxconf
                0x0080027c                unc_mxconf
                0x00800280                llprefix
                0x0080028d                sicslowpan_driver
 .data          0x00800297        0x0 contiki-avr-raven.a(rtimer-arch.o)
 .data          0x00800297        0x0 contiki-avr-raven.a(frame802154.o)
 .data          0x00800297        0x0 contiki-avr-raven.a(list.o)
 .data          0x00800297        0x0 /usr/lib/gcc/avr/4.3.2/avr51/libgcc.a(_mulsi3.o)
 .data          0x00800297        0x0 /usr/lib/gcc/avr/4.3.2/avr51/libgcc.a(_udivmodhi4.o)
 .data          0x00800297        0x0 /usr/lib/gcc/avr/4.3.2/avr51/libgcc.a(_udivmodsi4.o)
 .data          0x00800297        0x0 /usr/lib/gcc/avr/4.3.2/avr51/libgcc.a(_exit.o)
 .data          0x00800297        0x0 /usr/lib/gcc/avr/4.3.2/avr51/libgcc.a(_clear_bss.o)
 .data          0x00800297        0x4 /usr/lib/gcc/avr/4.3.2/../../../avr/lib/avr51/libc.a(rand.o)
 .data          0x0080029b        0x0 /usr/lib/gcc/avr/4.3.2/../../../avr/lib/avr51/libc.a(memcmp.o)
 .data          0x0080029b        0x0 /usr/lib/gcc/avr/4.3.2/../../../avr/lib/avr51/libc.a(memcpy.o)
 .data          0x0080029b        0x0 /usr/lib/gcc/avr/4.3.2/../../../avr/lib/avr51/libc.a(memmove.o)
 .data          0x0080029b        0x0 /usr/lib/gcc/avr/4.3.2/../../../avr/lib/avr51/libc.a(memset.o)
 .data          0x0080029b        0x0 /usr/lib/gcc/avr/4.3.2/../../../avr/lib/avr51/libc.a(strchr.o)
 .data          0x0080029b        0x0 /usr/lib/gcc/avr/4.3.2/../../../avr/lib/avr51/libc.a(strcmp.o)
 .data          0x0080029b        0x0 /usr/lib/gcc/avr/4.3.2/../../../avr/lib/avr51/libc.a(eerd_block.o)
 .data          0x0080029b        0x0 /usr/lib/gcc/avr/4.3.2/../../../avr/lib/avr51/libc.a(iob.o)
 .data          0x0080029b        0x0 /usr/lib/gcc/avr/4.3.2/../../../avr/lib/avr51/libc.a(printf_p.o)
 .data          0x0080029b        0x0 /usr/lib/gcc/avr/4.3.2/../../../avr/lib/avr51/libc.a(puts.o)
 .data          0x0080029b        0x0 /usr/lib/gcc/avr/4.3.2/../../../avr/lib/avr51/libc.a(vsnprintf.o)
 .data          0x0080029b        0x0 /usr/lib/gcc/avr/4.3.2/../../../avr/lib/avr51/libc.a(vfprintf_std.o)
 .data          0x0080029b        0x0 /usr/lib/gcc/avr/4.3.2/../../../avr/lib/avr51/libc.a(strnlen_P.o)
 .data          0x0080029b        0x0 /usr/lib/gcc/avr/4.3.2/../../../avr/lib/avr51/libc.a(strnlen.o)
 .data          0x0080029b        0x0 /usr/lib/gcc/avr/4.3.2/../../../avr/lib/avr51/libc.a(fputc.o)
 .data          0x0080029b        0x0 /usr/lib/gcc/avr/4.3.2/../../../avr/lib/avr51/libc.a(ultoa_invert.o)
 .data          0x0080029b        0x0 /usr/lib/gcc/avr/4.3.2/avr51/libgcc.a(_divmodsi4.o)
 .data          0x0080029b        0x0 /usr/lib/gcc/avr/4.3.2/avr51/libgcc.a(_prologue.o)
 .data          0x0080029b        0x0 /usr/lib/gcc/avr/4.3.2/avr51/libgcc.a(_epilogue.o)
 *(.data*)
 *(.rodata)
 *(.rodata*)
 *(.gnu.linkonce.d*)
                0x0080029c                . = ALIGN (0x2)
 *fill*         0x0080029b        0x1 00
                0x0080029c                _edata = .
                0x0080029c                PROVIDE (__data_end, .)

.bss            0x0080029c     0x29de
                0x0080029c                PROVIDE (__bss_start, .)
 *(.bss)
 .bss           0x0080029c        0x0 /usr/lib/gcc/avr/4.3.2/../../../avr/lib/avr51/crtm1284p.o
 .bss           0x0080029c        0x8 udp-server.co
 .bss           0x008002a4        0x4 contiki-avr-raven.a(etimer.o)
 .bss           0x008002a8        0xd contiki-avr-raven.a(uip6.o)
                0x008002a8                uip_ext_bitmap
                0x008002a9                uip_ext_len
                0x008002aa                uip_ext_opt_offset
 .bss           0x008002b5       0x15 contiki-avr-raven.a(tcpip.o)
 .bss           0x008002ca        0x0 contiki-avr-raven.a(uip-split.o)
 .bss           0x008002ca       0x10 contiki-avr-raven.a(uip-icmp6.o)
 .bss           0x008002da       0x1d contiki-avr-raven.a(uip-nd6.o)
 .bss           0x008002f7      0xa2e contiki-avr-raven.a(uip-packetqueue)
 .bss           0x00800d25       0x21 contiki-avr-raven.a(uip-ds6.o)
 .bss           0x00800d46        0x0 contiki-avr-raven.a(contiki-raven-m)
 .bss           0x00800d46       0x4c contiki-avr-raven.a(cfs-coffee.o)
 .bss           0x00800d92        0x0 contiki-avr-raven.a(cfs-coffee-arch)
 .bss           0x00800d92        0x3 contiki-avr-raven.a(clock.o)
 .bss           0x00800d95       0x41 contiki-avr-raven.a(rs232.o)
 .bss           0x00800dd6        0x2 contiki-avr-raven.a(watchdog.o)
 .bss           0x00800dd8       0x87 contiki-avr-raven.a(rf230bb.o)
 .bss           0x00800e5f        0x2 contiki-avr-raven.a(halbb.o)
 .bss           0x00800e61        0x0 contiki-avr-raven.a(rimeaddr.o)
 .bss           0x00800e61        0x0 contiki-avr-raven.a(rimestats.o)
 .bss           0x00800e61        0x0 contiki-avr-raven.a(nullmac.o)
 .bss           0x00800e61        0x1 contiki-avr-raven.a(sicslowmac.o)
 .bss           0x00800e62       0xb0 contiki-avr-raven.a(process.o)
                0x00800e62                process_list
                0x00800e64                process_current
 .bss           0x00800f12        0x0 contiki-avr-raven.a(autostart.o)
 .bss           0x00800f12        0x0 contiki-avr-raven.a(memb.o)
 .bss           0x00800f12        0x0 contiki-avr-raven.a(timer.o)
 .bss           0x00800f12        0x3 contiki-avr-raven.a(ctimer.o)
 .bss           0x00800f15        0x2 contiki-avr-raven.a(rtimer.o)
 .bss           0x00800f17        0x0 contiki-avr-raven.a(stimer.o)
 .bss           0x00800f17        0x0 contiki-avr-raven.a(random.o)
 .bss           0x00800f17       0xb9 contiki-avr-raven.a(packetbuf.o)
 .bss           0x00800fd0      0x704 contiki-avr-raven.a(queuebuf.o)
 .bss           0x008016d4      0x51f contiki-avr-raven.a(sicslowpan.o)
 .bss           0x00801bf3        0x0 contiki-avr-raven.a(rtimer-arch.o)
 .bss           0x00801bf3        0x0 contiki-avr-raven.a(frame802154.o)
 .bss           0x00801bf3        0x0 contiki-avr-raven.a(list.o)
 .bss           0x00801bf3        0x0 /usr/lib/gcc/avr/4.3.2/avr51/libgcc.a(_mulsi3.o)
 .bss           0x00801bf3        0x0 /usr/lib/gcc/avr/4.3.2/avr51/libgcc.a(_udivmodhi4.o)
 .bss           0x00801bf3        0x0 /usr/lib/gcc/avr/4.3.2/avr51/libgcc.a(_udivmodsi4.o)
 .bss           0x00801bf3        0x0 /usr/lib/gcc/avr/4.3.2/avr51/libgcc.a(_exit.o)
 .bss           0x00801bf3        0x0 /usr/lib/gcc/avr/4.3.2/avr51/libgcc.a(_clear_bss.o)
 .bss           0x00801bf3        0x0 /usr/lib/gcc/avr/4.3.2/../../../avr/lib/avr51/libc.a(rand.o)
 .bss           0x00801bf3        0x0 /usr/lib/gcc/avr/4.3.2/../../../avr/lib/avr51/libc.a(memcmp.o)
 .bss           0x00801bf3        0x0 /usr/lib/gcc/avr/4.3.2/../../../avr/lib/avr51/libc.a(memcpy.o)
 .bss           0x00801bf3        0x0 /usr/lib/gcc/avr/4.3.2/../../../avr/lib/avr51/libc.a(memmove.o)
 .bss           0x00801bf3        0x0 /usr/lib/gcc/avr/4.3.2/../../../avr/lib/avr51/libc.a(memset.o)
 .bss           0x00801bf3        0x0 /usr/lib/gcc/avr/4.3.2/../../../avr/lib/avr51/libc.a(strchr.o)
 .bss           0x00801bf3        0x0 /usr/lib/gcc/avr/4.3.2/../../../avr/lib/avr51/libc.a(strcmp.o)
 .bss           0x00801bf3        0x0 /usr/lib/gcc/avr/4.3.2/../../../avr/lib/avr51/libc.a(eerd_block.o)
 .bss           0x00801bf3        0x0 /usr/lib/gcc/avr/4.3.2/../../../avr/lib/avr51/libc.a(iob.o)
 .bss           0x00801bf3        0x0 /usr/lib/gcc/avr/4.3.2/../../../avr/lib/avr51/libc.a(printf_p.o)
 .bss           0x00801bf3        0x0 /usr/lib/gcc/avr/4.3.2/../../../avr/lib/avr51/libc.a(puts.o)
 .bss           0x00801bf3        0x0 /usr/lib/gcc/avr/4.3.2/../../../avr/lib/avr51/libc.a(vsnprintf.o)
 .bss           0x00801bf3        0x0 /usr/lib/gcc/avr/4.3.2/../../../avr/lib/avr51/libc.a(vfprintf_std.o)
 .bss           0x00801bf3        0x0 /usr/lib/gcc/avr/4.3.2/../../../avr/lib/avr51/libc.a(strnlen_P.o)
 .bss           0x00801bf3        0x0 /usr/lib/gcc/avr/4.3.2/../../../avr/lib/avr51/libc.a(strnlen.o)
 .bss           0x00801bf3        0x0 /usr/lib/gcc/avr/4.3.2/../../../avr/lib/avr51/libc.a(fputc.o)
 .bss           0x00801bf3        0x0 /usr/lib/gcc/avr/4.3.2/../../../avr/lib/avr51/libc.a(ultoa_invert.o)
 .bss           0x00801bf3        0x0 /usr/lib/gcc/avr/4.3.2/avr51/libgcc.a(_divmodsi4.o)
 .bss           0x00801bf3        0x0 /usr/lib/gcc/avr/4.3.2/avr51/libgcc.a(_prologue.o)
 .bss           0x00801bf3        0x0 /usr/lib/gcc/avr/4.3.2/avr51/libgcc.a(_epilogue.o)
 *(.bss*)
 *(COMMON)
 COMMON         0x00801bf3      0x647 contiki-avr-raven.a(uip6.o)
                0x00801bf3                uip_len
                0x00801bf5                uip_sappdata
                0x00801bf7                uip_acc32
                0x00801bfb                uip_lladdr
                0x00801c03                uip_aligned_buf
                0x00802103                uip_flags
                0x00802104                uip_next_hdr
                0x00802106                uip_udp_conn
                0x00802108                uip_appdata
                0x0080210a                uip_conn
                0x0080210c                uip_conns
                0x00802138                uip_icmp6_conns
                0x0080213c                uip_listenports
                0x0080213e                uip_slen
                0x00802140                uip_udp_conns
 COMMON         0x0080223a        0x2 contiki-avr-raven.a(tcpip.o)
                0x0080223a                tcpip_event
                0x0080223b                tcpip_icmp6_event
 COMMON         0x0080223c      0x8f3 contiki-avr-raven.a(uip-ds6.o)
                0x0080223c                uip_ds6_if
                0x00802327                uip_ds6_prefix_list
                0x00802393                uip_ds6_timer_periodic
                0x0080239b                uip_ds6_defrt_list
                0x008023cf                uip_ds6_nbr_cache
                0x0080278f                uip_ds6_timer_rs
                0x00802797                uip_ds6_routing_table
 COMMON         0x00802b2f        0x1 contiki-avr-raven.a(contiki-raven-m)
                0x00802b2f                eeprom_channel
 COMMON         0x00802b30        0x8 contiki-avr-raven.a(clock.o)
                0x00802b30                sleepseconds
                0x00802b34                seconds
 COMMON         0x00802b38       0x92 contiki-avr-raven.a(rf230bb.o)
                0x00802b38                rf230_last_correlation
                0x00802b39                rf230_last_rssi
                0x00802b3a                rf230_time_of_departure
                0x00802b3c                rf230_calibrate
                0x00802b3d                rf230_calibrated
                0x00802b3e                rf230_authority_level_of_sender
                0x00802b40                rf230_time_of_arrival
                0x00802b42                rxframe_tail
                0x00802b43                rxframe_head
                0x00802b44                rxframe
                0x00802bc6                osccal_original
                0x00802bc7                RF230_sleeping
                0x00802bc8                RF230_receive_on
                0x00802bc9                osccal_calibrated
 COMMON         0x00802bca        0x8 contiki-avr-raven.a(rimeaddr.o)
                0x00802bca                rimeaddr_node_addr
 COMMON         0x00802bd2       0x48 contiki-avr-raven.a(rimestats.o)
                0x00802bd2                rimestats
 COMMON         0x00802c1a       0x50 contiki-avr-raven.a(packetbuf.o)
                0x00802c1a                packetbuf_addrs
                0x00802c3a                packetbuf_attrs
 COMMON         0x00802c6a        0xa contiki-avr-raven.a(sicslowpan.o)
                0x00802c6a                sicslowpan_mac
                0x00802c6c                frag_sender
 COMMON         0x00802c74        0x6 /usr/lib/gcc/avr/4.3.2/../../../avr/lib/avr51/libc.a(iob.o)
                0x00802c74                __iob
                0x00802c7a                PROVIDE (__bss_end, .)
                0x0000ac9c                __data_load_start = LOADADDR (.data)
                0x0000ae38                __data_load_end = (__data_load_start + SIZEOF (.data))

.noinit         0x00802c7a        0x0
                0x00802c7a                PROVIDE (__noinit_start, .)
 *(.noinit*)
                0x00802c7a                PROVIDE (__noinit_end, .)
                0x00802c7a                _end = .
                0x00802c7a                PROVIDE (__heap_start, .)

.eeprom         0x00810000        0xa
 *(.eeprom*)
 .eeprom        0x00810000        0xa contiki-avr-raven.a(contiki-raven-m)
                0x00810000                mac_address
                0x00810008                rf_channel
                0x0081000a                __eeprom_end = .

.fuse           0x00820000        0x3
 *(.fuse)
 .fuse          0x00820000        0x3 contiki-avr-raven.a(contiki-raven-m)
                0x00820000                __fuse
 *(.lfuse)
 *(.hfuse)
 *(.efuse)

.lock
 *(.lock*)

.signature      0x00840000        0x3
 *(.signature*)
 .signature     0x00840000        0x3 contiki-avr-raven.a(contiki-raven-m)
                0x00840000                __signature

.stab           0x00000000     0x29a0
 *(.stab)
 .stab          0x00000000      0x750 /usr/lib/gcc/avr/4.3.2/../../../avr/lib/avr51/crtm1284p.o
 .stab          0x00000750      0x330 /usr/lib/gcc/avr/4.3.2/../../../avr/lib/avr51/libc.a(rand.o)
                                0x33c (size before relaxing)
 .stab          0x00000a80       0xb4 /usr/lib/gcc/avr/4.3.2/../../../avr/lib/avr51/libc.a(memcmp.o)
                                 0xc0 (size before relaxing)
 .stab          0x00000b34       0x84 /usr/lib/gcc/avr/4.3.2/../../../avr/lib/avr51/libc.a(memcpy.o)
                                 0x90 (size before relaxing)
 .stab          0x00000bb8       0xe4 /usr/lib/gcc/avr/4.3.2/../../../avr/lib/avr51/libc.a(memmove.o)
                                 0xf0 (size before relaxing)
 .stab          0x00000c9c       0x6c /usr/lib/gcc/avr/4.3.2/../../../avr/lib/avr51/libc.a(memset.o)
                                 0x78 (size before relaxing)
 .stab          0x00000d08       0x9c /usr/lib/gcc/avr/4.3.2/../../../avr/lib/avr51/libc.a(strchr.o)
                                 0xa8 (size before relaxing)
 .stab          0x00000da4       0x84 /usr/lib/gcc/avr/4.3.2/../../../avr/lib/avr51/libc.a(strcmp.o)
                                 0x90 (size before relaxing)
 .stab          0x00000e28      0x39c /usr/lib/gcc/avr/4.3.2/../../../avr/lib/avr51/libc.a(eerd_block.o)
                                0x3a8 (size before relaxing)
 .stab          0x000011c4      0x180 /usr/lib/gcc/avr/4.3.2/../../../avr/lib/avr51/libc.a(iob.o)
                                0x30c (size before relaxing)
 .stab          0x00001344      0x1a4 /usr/lib/gcc/avr/4.3.2/../../../avr/lib/avr51/libc.a(printf_p.o)
                                0x384 (size before relaxing)
 .stab          0x000014e8      0x1d4 /usr/lib/gcc/avr/4.3.2/../../../avr/lib/avr51/libc.a(puts.o)
                                0x3b4 (size before relaxing)
 .stab          0x000016bc      0x210 /usr/lib/gcc/avr/4.3.2/../../../avr/lib/avr51/libc.a(vsnprintf.o)
                                0x3f0 (size before relaxing)
 .stab          0x000018cc      0x948 /usr/lib/gcc/avr/4.3.2/../../../avr/lib/avr51/libc.a(vfprintf_std.o)
                                0xb58 (size before relaxing)
 .stab          0x00002214       0x9c /usr/lib/gcc/avr/4.3.2/../../../avr/lib/avr51/libc.a(strnlen_P.o)
                                 0xa8 (size before relaxing)
 .stab          0x000022b0       0x9c /usr/lib/gcc/avr/4.3.2/../../../avr/lib/avr51/libc.a(strnlen.o)
                                 0xa8 (size before relaxing)
 .stab          0x0000234c      0x1d4 /usr/lib/gcc/avr/4.3.2/../../../avr/lib/avr51/libc.a(fputc.o)
                                0x3b4 (size before relaxing)
 .stab          0x00002520      0x480 /usr/lib/gcc/avr/4.3.2/../../../avr/lib/avr51/libc.a(ultoa_invert.o)
                                0x48c (size before relaxing)

.stabstr        0x00000000     0x10a1
 *(.stabstr)
 .stabstr       0x00000000     0x10a1 /usr/lib/gcc/avr/4.3.2/../../../avr/lib/avr51/crtm1284p.o

.stab.excl
 *(.stab.excl)

.stab.exclstr
 *(.stab.exclstr)

.stab.index
 *(.stab.index)

.stab.indexstr
 *(.stab.indexstr)

.comment
 *(.comment)

.debug
 *(.debug)

.line
 *(.line)

.debug_srcinfo
 *(.debug_srcinfo)

.debug_sfnames
 *(.debug_sfnames)

.debug_aranges  0x00000000      0x450
 *(.debug_aranges)
 .debug_aranges
                0x00000000       0x20 udp-server.co
 .debug_aranges
                0x00000020       0x20 contiki-avr-raven.a(etimer.o)
 .debug_aranges
                0x00000040       0x20 contiki-avr-raven.a(uip6.o)
 .debug_aranges
                0x00000060       0x20 contiki-avr-raven.a(tcpip.o)
 .debug_aranges
                0x00000080       0x20 contiki-avr-raven.a(uip-split.o)
 .debug_aranges
                0x000000a0       0x20 contiki-avr-raven.a(uip-icmp6.o)
 .debug_aranges
                0x000000c0       0x20 contiki-avr-raven.a(uip-nd6.o)
 .debug_aranges
                0x000000e0       0x20 contiki-avr-raven.a(uip-packetqueue)
 .debug_aranges
                0x00000100       0x20 contiki-avr-raven.a(uip-ds6.o)
 .debug_aranges
                0x00000120       0x20 contiki-avr-raven.a(contiki-raven-m)
 .debug_aranges
                0x00000140       0x20 contiki-avr-raven.a(cfs-coffee.o)
 .debug_aranges
                0x00000160       0x30 contiki-avr-raven.a(cfs-coffee-arch)
 .debug_aranges
                0x00000190       0x20 contiki-avr-raven.a(clock.o)
 .debug_aranges
                0x000001b0       0x20 contiki-avr-raven.a(rs232.o)
 .debug_aranges
                0x000001d0       0x20 contiki-avr-raven.a(watchdog.o)
 .debug_aranges
                0x000001f0       0x20 contiki-avr-raven.a(rf230bb.o)
 .debug_aranges
                0x00000210       0x20 contiki-avr-raven.a(halbb.o)
 .debug_aranges
                0x00000230       0x20 contiki-avr-raven.a(rimeaddr.o)
 .debug_aranges
                0x00000250       0x20 contiki-avr-raven.a(nullmac.o)
 .debug_aranges
                0x00000270       0x20 contiki-avr-raven.a(sicslowmac.o)
 .debug_aranges
                0x00000290       0x20 contiki-avr-raven.a(process.o)
 .debug_aranges
                0x000002b0       0x20 contiki-avr-raven.a(autostart.o)
 .debug_aranges
                0x000002d0       0x20 contiki-avr-raven.a(memb.o)
 .debug_aranges
                0x000002f0       0x20 contiki-avr-raven.a(timer.o)
 .debug_aranges
                0x00000310       0x20 contiki-avr-raven.a(ctimer.o)
 .debug_aranges
                0x00000330       0x20 contiki-avr-raven.a(rtimer.o)
 .debug_aranges
                0x00000350       0x20 contiki-avr-raven.a(stimer.o)
 .debug_aranges
                0x00000370       0x20 contiki-avr-raven.a(random.o)
 .debug_aranges
                0x00000390       0x20 contiki-avr-raven.a(packetbuf.o)
 .debug_aranges
                0x000003b0       0x20 contiki-avr-raven.a(queuebuf.o)
 .debug_aranges
                0x000003d0       0x20 contiki-avr-raven.a(sicslowpan.o)
 .debug_aranges
                0x000003f0       0x20 contiki-avr-raven.a(rtimer-arch.o)
 .debug_aranges
                0x00000410       0x20 contiki-avr-raven.a(frame802154.o)
 .debug_aranges
                0x00000430       0x20 contiki-avr-raven.a(list.o)

.debug_pubnames
                0x00000000     0x1bee
 *(.debug_pubnames)
 .debug_pubnames
                0x00000000       0x43 udp-server.co
 .debug_pubnames
                0x00000043      0x109 contiki-avr-raven.a(etimer.o)
 .debug_pubnames
                0x0000014c      0x228 contiki-avr-raven.a(uip6.o)
 .debug_pubnames
                0x00000374      0x165 contiki-avr-raven.a(tcpip.o)
 .debug_pubnames
                0x000004d9       0x27 contiki-avr-raven.a(uip-split.o)
 .debug_pubnames
                0x00000500       0x61 contiki-avr-raven.a(uip-icmp6.o)
 .debug_pubnames
                0x00000561       0x7d contiki-avr-raven.a(uip-nd6.o)
 .debug_pubnames
                0x000005de       0xaf contiki-avr-raven.a(uip-packetqueue)
 .debug_pubnames
                0x0000068d      0x3eb contiki-avr-raven.a(uip-ds6.o)
 .debug_pubnames
                0x00000a78       0x98 contiki-avr-raven.a(contiki-raven-m)
 .debug_pubnames
                0x00000b10      0x100 contiki-avr-raven.a(cfs-coffee.o)
 .debug_pubnames
                0x00000c10       0xab contiki-avr-raven.a(cfs-coffee-arch)
 .debug_pubnames
                0x00000cbb       0xbd contiki-avr-raven.a(clock.o)
 .debug_pubnames
                0x00000d78       0xff contiki-avr-raven.a(rs232.o)
 .debug_pubnames
                0x00000e77       0x73 contiki-avr-raven.a(watchdog.o)
 .debug_pubnames
                0x00000eea      0x297 contiki-avr-raven.a(rf230bb.o)
 .debug_pubnames
                0x00001181       0xc6 contiki-avr-raven.a(halbb.o)
 .debug_pubnames
                0x00001247       0x79 contiki-avr-raven.a(rimeaddr.o)
 .debug_pubnames
                0x000012c0       0x20 contiki-avr-raven.a(rimestats.o)
 .debug_pubnames
                0x000012e0       0x25 contiki-avr-raven.a(nullmac.o)
 .debug_pubnames
                0x00001305       0x28 contiki-avr-raven.a(sicslowmac.o)
 .debug_pubnames
                0x0000132d       0xf7 contiki-avr-raven.a(process.o)
 .debug_pubnames
                0x00001424       0x39 contiki-avr-raven.a(autostart.o)
 .debug_pubnames
                0x0000145d       0x4d contiki-avr-raven.a(memb.o)
 .debug_pubnames
                0x000014aa       0x68 contiki-avr-raven.a(timer.o)
 .debug_pubnames
                0x00001512       0x8b contiki-avr-raven.a(ctimer.o)
 .debug_pubnames
                0x0000159d       0x45 contiki-avr-raven.a(rtimer.o)
 .debug_pubnames
                0x000015e2       0x80 contiki-avr-raven.a(stimer.o)
 .debug_pubnames
                0x00001662       0x32 contiki-avr-raven.a(random.o)
 .debug_pubnames
                0x00001694      0x280 contiki-avr-raven.a(packetbuf.o)
 .debug_pubnames
                0x00001914       0xd7 contiki-avr-raven.a(queuebuf.o)
 .debug_pubnames
                0x000019eb       0x9a contiki-avr-raven.a(sicslowpan.o)
 .debug_pubnames
                0x00001a85       0x50 contiki-avr-raven.a(rtimer-arch.o)
 .debug_pubnames
                0x00001ad5       0x56 contiki-avr-raven.a(frame802154.o)
 .debug_pubnames
                0x00001b2b       0xc3 contiki-avr-raven.a(list.o)

.debug_info     0x00000000     0xd99f
 *(.debug_info)
 .debug_info    0x00000000      0x2ea udp-server.co
 .debug_info    0x000002ea      0x4ed contiki-avr-raven.a(etimer.o)
 .debug_info    0x000007d7     0x117a contiki-avr-raven.a(uip6.o)
 .debug_info    0x00001951     0x1241 contiki-avr-raven.a(tcpip.o)
 .debug_info    0x00002b92      0x2e8 contiki-avr-raven.a(uip-split.o)
 .debug_info    0x00002e7a      0x557 contiki-avr-raven.a(uip-icmp6.o)
 .debug_info    0x000033d1      0xc02 contiki-avr-raven.a(uip-nd6.o)
 .debug_info    0x00003fd3      0x4c5 contiki-avr-raven.a(uip-packetqueue)
 .debug_info    0x00004498     0x12a9 contiki-avr-raven.a(uip-ds6.o)
 .debug_info    0x00005741      0x9c6 contiki-avr-raven.a(contiki-raven-m)
 .debug_info    0x00006107     0x1059 contiki-avr-raven.a(cfs-coffee.o)
 .debug_info    0x00007160      0x68f contiki-avr-raven.a(cfs-coffee-arch)
 .debug_info    0x000077ef      0x297 contiki-avr-raven.a(clock.o)
 .debug_info    0x00007a86      0x5d6 contiki-avr-raven.a(rs232.o)
 .debug_info    0x0000805c       0xed contiki-avr-raven.a(watchdog.o)
 .debug_info    0x00008149     0x1150 contiki-avr-raven.a(rf230bb.o)
 .debug_info    0x00009299      0x4b5 contiki-avr-raven.a(halbb.o)
 .debug_info    0x0000974e      0x1bf contiki-avr-raven.a(rimeaddr.o)
 .debug_info    0x0000990d      0x146 contiki-avr-raven.a(rimestats.o)
 .debug_info    0x00009a53      0x2f9 contiki-avr-raven.a(nullmac.o)
 .debug_info    0x00009d4c      0x7c2 contiki-avr-raven.a(sicslowmac.o)
 .debug_info    0x0000a50e      0x55f contiki-avr-raven.a(process.o)
 .debug_info    0x0000aa6d      0x1af contiki-avr-raven.a(autostart.o)
 .debug_info    0x0000ac1c      0x1af contiki-avr-raven.a(memb.o)
 .debug_info    0x0000adcb      0x17b contiki-avr-raven.a(timer.o)
 .debug_info    0x0000af46      0x459 contiki-avr-raven.a(ctimer.o)
 .debug_info    0x0000b39f      0x1b3 contiki-avr-raven.a(rtimer.o)
 .debug_info    0x0000b552      0x18f contiki-avr-raven.a(stimer.o)
 .debug_info    0x0000b6e1       0xa1 contiki-avr-raven.a(random.o)
 .debug_info    0x0000b782      0x6dd contiki-avr-raven.a(packetbuf.o)
 .debug_info    0x0000be5f      0x50f contiki-avr-raven.a(queuebuf.o)
 .debug_info    0x0000c36e      0xc3f contiki-avr-raven.a(sicslowpan.o)
 .debug_info    0x0000cfad       0xef contiki-avr-raven.a(rtimer-arch.o)
 .debug_info    0x0000d09c      0x48a contiki-avr-raven.a(frame802154.o)
 .debug_info    0x0000d526      0x479 contiki-avr-raven.a(list.o)
 *(.gnu.linkonce.wi.*)

.debug_abbrev   0x00000000     0x404f
 *(.debug_abbrev)
 .debug_abbrev  0x00000000      0x1a1 udp-server.co
 .debug_abbrev  0x000001a1      0x215 contiki-avr-raven.a(etimer.o)
 .debug_abbrev  0x000003b6      0x346 contiki-avr-raven.a(uip6.o)
 .debug_abbrev  0x000006fc      0x403 contiki-avr-raven.a(tcpip.o)
 .debug_abbrev  0x00000aff      0x107 contiki-avr-raven.a(uip-split.o)
 .debug_abbrev  0x00000c06      0x154 contiki-avr-raven.a(uip-icmp6.o)
 .debug_abbrev  0x00000d5a      0x253 contiki-avr-raven.a(uip-nd6.o)
 .debug_abbrev  0x00000fad      0x1ad contiki-avr-raven.a(uip-packetqueue)
 .debug_abbrev  0x0000115a      0x339 contiki-avr-raven.a(uip-ds6.o)
 .debug_abbrev  0x00001493      0x2f4 contiki-avr-raven.a(contiki-raven-m)
 .debug_abbrev  0x00001787      0x2a3 contiki-avr-raven.a(cfs-coffee.o)
 .debug_abbrev  0x00001a2a      0x17e contiki-avr-raven.a(cfs-coffee-arch)
 .debug_abbrev  0x00001ba8      0x174 contiki-avr-raven.a(clock.o)
 .debug_abbrev  0x00001d1c      0x2aa contiki-avr-raven.a(rs232.o)
 .debug_abbrev  0x00001fc6       0x92 contiki-avr-raven.a(watchdog.o)
 .debug_abbrev  0x00002058      0x391 contiki-avr-raven.a(rf230bb.o)
 .debug_abbrev  0x000023e9      0x202 contiki-avr-raven.a(halbb.o)
 .debug_abbrev  0x000025eb      0x164 contiki-avr-raven.a(rimeaddr.o)
 .debug_abbrev  0x0000274f       0x5d contiki-avr-raven.a(rimestats.o)
 .debug_abbrev  0x000027ac      0x15a contiki-avr-raven.a(nullmac.o)
 .debug_abbrev  0x00002906      0x244 contiki-avr-raven.a(sicslowmac.o)
 .debug_abbrev  0x00002b4a      0x300 contiki-avr-raven.a(process.o)
 .debug_abbrev  0x00002e4a       0xf3 contiki-avr-raven.a(autostart.o)
 .debug_abbrev  0x00002f3d       0xe0 contiki-avr-raven.a(memb.o)
 .debug_abbrev  0x0000301d       0xce contiki-avr-raven.a(timer.o)
 .debug_abbrev  0x000030eb      0x1c0 contiki-avr-raven.a(ctimer.o)
 .debug_abbrev  0x000032ab      0x126 contiki-avr-raven.a(rtimer.o)
 .debug_abbrev  0x000033d1       0xb4 contiki-avr-raven.a(stimer.o)
 .debug_abbrev  0x00003485       0x65 contiki-avr-raven.a(random.o)
 .debug_abbrev  0x000034ea      0x263 contiki-avr-raven.a(packetbuf.o)
 .debug_abbrev  0x0000374d      0x1a5 contiki-avr-raven.a(queuebuf.o)
 .debug_abbrev  0x000038f2      0x332 contiki-avr-raven.a(sicslowpan.o)
 .debug_abbrev  0x00003c24       0x81 contiki-avr-raven.a(rtimer-arch.o)
 .debug_abbrev  0x00003ca5      0x1a1 contiki-avr-raven.a(frame802154.o)
 .debug_abbrev  0x00003e46      0x209 contiki-avr-raven.a(list.o)

.debug_line     0x00000000     0x9198
 *(.debug_line)
 .debug_line    0x00000000      0x160 udp-server.co
 .debug_line    0x00000160      0x383 contiki-avr-raven.a(etimer.o)
 .debug_line    0x000004e3     0x121a contiki-avr-raven.a(uip6.o)
 .debug_line    0x000016fd      0x719 contiki-avr-raven.a(tcpip.o)
 .debug_line    0x00001e16      0x170 contiki-avr-raven.a(uip-split.o)
 .debug_line    0x00001f86      0x315 contiki-avr-raven.a(uip-icmp6.o)
 .debug_line    0x0000229b      0x883 contiki-avr-raven.a(uip-nd6.o)
 .debug_line    0x00002b1e      0x23d contiki-avr-raven.a(uip-packetqueue)
 .debug_line    0x00002d5b      0xb37 contiki-avr-raven.a(uip-ds6.o)
 .debug_line    0x00003892      0x499 contiki-avr-raven.a(contiki-raven-m)
 .debug_line    0x00003d2b      0xa90 contiki-avr-raven.a(cfs-coffee.o)
 .debug_line    0x000047bb      0x84d contiki-avr-raven.a(cfs-coffee-arch)
 .debug_line    0x00005008      0x21b contiki-avr-raven.a(clock.o)
 .debug_line    0x00005223      0x383 contiki-avr-raven.a(rs232.o)
 .debug_line    0x000055a6       0xee contiki-avr-raven.a(watchdog.o)
 .debug_line    0x00005694      0xb60 contiki-avr-raven.a(rf230bb.o)
 .debug_line    0x000061f4      0x3c2 contiki-avr-raven.a(halbb.o)
 .debug_line    0x000065b6      0x113 contiki-avr-raven.a(rimeaddr.o)
 .debug_line    0x000066c9       0x70 contiki-avr-raven.a(rimestats.o)
 .debug_line    0x00006739      0x119 contiki-avr-raven.a(nullmac.o)
 .debug_line    0x00006852      0x31a contiki-avr-raven.a(sicslowmac.o)
 .debug_line    0x00006b6c      0x3de contiki-avr-raven.a(process.o)
 .debug_line    0x00006f4a       0xd2 contiki-avr-raven.a(autostart.o)
 .debug_line    0x0000701c      0x125 contiki-avr-raven.a(memb.o)
 .debug_line    0x00007141      0x114 contiki-avr-raven.a(timer.o)
 .debug_line    0x00007255      0x2ec contiki-avr-raven.a(ctimer.o)
 .debug_line    0x00007541       0xf9 contiki-avr-raven.a(rtimer.o)
 .debug_line    0x0000763a      0x105 contiki-avr-raven.a(stimer.o)
 .debug_line    0x0000773f       0x8b contiki-avr-raven.a(random.o)
 .debug_line    0x000077ca      0x3f5 contiki-avr-raven.a(packetbuf.o)
 .debug_line    0x00007bbf      0x282 contiki-avr-raven.a(queuebuf.o)
 .debug_line    0x00007e41      0xb3a contiki-avr-raven.a(sicslowpan.o)
 .debug_line    0x0000897b      0x175 contiki-avr-raven.a(rtimer-arch.o)
 .debug_line    0x00008af0      0x38a contiki-avr-raven.a(frame802154.o)
 .debug_line    0x00008e7a      0x31e contiki-avr-raven.a(list.o)

.debug_frame    0x00000000     0x15d0
 *(.debug_frame)
 .debug_frame   0x00000000       0x20 udp-server.co
 .debug_frame   0x00000020       0xf0 contiki-avr-raven.a(etimer.o)
 .debug_frame   0x00000110      0x130 contiki-avr-raven.a(uip6.o)
 .debug_frame   0x00000240      0x130 contiki-avr-raven.a(tcpip.o)
 .debug_frame   0x00000370       0x20 contiki-avr-raven.a(uip-split.o)
 .debug_frame   0x00000390       0x40 contiki-avr-raven.a(uip-icmp6.o)
 .debug_frame   0x000003d0       0x70 contiki-avr-raven.a(uip-nd6.o)
 .debug_frame   0x00000440       0x80 contiki-avr-raven.a(uip-packetqueue)
 .debug_frame   0x000004c0      0x250 contiki-avr-raven.a(uip-ds6.o)
 .debug_frame   0x00000710       0x50 contiki-avr-raven.a(contiki-raven-m)
 .debug_frame   0x00000760      0x140 contiki-avr-raven.a(cfs-coffee.o)
 .debug_frame   0x000008a0       0x80 contiki-avr-raven.a(cfs-coffee-arch)
 .debug_frame   0x00000920       0xa0 contiki-avr-raven.a(clock.o)
 .debug_frame   0x000009c0       0xe0 contiki-avr-raven.a(rs232.o)
 .debug_frame   0x00000aa0       0x60 contiki-avr-raven.a(watchdog.o)
 .debug_frame   0x00000b00      0x1d0 contiki-avr-raven.a(rf230bb.o)
 .debug_frame   0x00000cd0       0xa0 contiki-avr-raven.a(halbb.o)
 .debug_frame   0x00000d70       0x40 contiki-avr-raven.a(rimeaddr.o)
 .debug_frame   0x00000db0       0x70 contiki-avr-raven.a(nullmac.o)
 .debug_frame   0x00000e20       0x70 contiki-avr-raven.a(sicslowmac.o)
 .debug_frame   0x00000e90       0xd0 contiki-avr-raven.a(process.o)
 .debug_frame   0x00000f60       0x30 contiki-avr-raven.a(autostart.o)
 .debug_frame   0x00000f90       0x50 contiki-avr-raven.a(memb.o)
 .debug_frame   0x00000fe0       0x60 contiki-avr-raven.a(timer.o)
 .debug_frame   0x00001040       0x80 contiki-avr-raven.a(ctimer.o)
 .debug_frame   0x000010c0       0x40 contiki-avr-raven.a(rtimer.o)
 .debug_frame   0x00001100       0x70 contiki-avr-raven.a(stimer.o)
 .debug_frame   0x00001170       0x30 contiki-avr-raven.a(random.o)
 .debug_frame   0x000011a0      0x1a0 contiki-avr-raven.a(packetbuf.o)
 .debug_frame   0x00001340       0xa0 contiki-avr-raven.a(queuebuf.o)
 .debug_frame   0x000013e0       0x90 contiki-avr-raven.a(sicslowpan.o)
 .debug_frame   0x00001470       0x40 contiki-avr-raven.a(rtimer-arch.o)
 .debug_frame   0x000014b0       0x50 contiki-avr-raven.a(frame802154.o)
 .debug_frame   0x00001500       0xd0 contiki-avr-raven.a(list.o)

.debug_str      0x00000000     0x350d
 *(.debug_str)
 .debug_str     0x00000000      0x15e udp-server.co
                                0x1e5 (size before relaxing)
 .debug_str     0x0000015e      0x143 contiki-avr-raven.a(etimer.o)
                                0x29d (size before relaxing)
 .debug_str     0x000002a1      0x5ff contiki-avr-raven.a(uip6.o)
                                0x7d9 (size before relaxing)
 .debug_str     0x000008a0      0x2ef contiki-avr-raven.a(tcpip.o)
                                0x7fc (size before relaxing)
 .debug_str     0x00000b8f       0x3d contiki-avr-raven.a(uip-split.o)
                                0x1cf (size before relaxing)
 .debug_str     0x00000bcc       0x7f contiki-avr-raven.a(uip-icmp6.o)
                                0x364 (size before relaxing)
 .debug_str     0x00000c4b      0x1e4 contiki-avr-raven.a(uip-nd6.o)
                                0x656 (size before relaxing)
 .debug_str     0x00000e2f       0xf1 contiki-avr-raven.a(uip-packetqueue)
                                0x2c3 (size before relaxing)
 .debug_str     0x00000f20      0x3ee contiki-avr-raven.a(uip-ds6.o)
                                0x8c2 (size before relaxing)
 .debug_str     0x0000130e      0x209 contiki-avr-raven.a(contiki-raven-m)
                                0x3c7 (size before relaxing)
 .debug_str     0x00001517      0x378 contiki-avr-raven.a(cfs-coffee.o)
                                0x4b0 (size before relaxing)
 .debug_str     0x0000188f       0xe1 contiki-avr-raven.a(cfs-coffee-arch)
                                0x1dc (size before relaxing)
 .debug_str     0x00001970       0xaf contiki-avr-raven.a(clock.o)
                                0x196 (size before relaxing)
 .debug_str     0x00001a1f      0x18c contiki-avr-raven.a(rs232.o)
                                0x275 (size before relaxing)
 .debug_str     0x00001bab       0x70 contiki-avr-raven.a(watchdog.o)
                                0x10f (size before relaxing)
 .debug_str     0x00001c1b      0x974 contiki-avr-raven.a(rf230bb.o)
                                0xbef (size before relaxing)
 .debug_str     0x0000258f      0x125 contiki-avr-raven.a(halbb.o)
                                0x242 (size before relaxing)
 .debug_str     0x000026b4       0x7e contiki-avr-raven.a(rimeaddr.o)
                                0x145 (size before relaxing)
 .debug_str     0x00002732       0x20 contiki-avr-raven.a(rimestats.o)
                                 0xfd (size before relaxing)
 .debug_str     0x00002752       0x37 contiki-avr-raven.a(nullmac.o)
                                0x193 (size before relaxing)
 .debug_str     0x00002789      0x21d contiki-avr-raven.a(sicslowmac.o)
                                0x702 (size before relaxing)
 .debug_str     0x000029a6      0x14d contiki-avr-raven.a(process.o)
                                0x27e (size before relaxing)
 .debug_str     0x00002af3       0x3a contiki-avr-raven.a(autostart.o)
                                0x148 (size before relaxing)
 .debug_str     0x00002b2d       0x46 contiki-avr-raven.a(memb.o)
                                0x10d (size before relaxing)
 .debug_str     0x00002b73       0x17 contiki-avr-raven.a(timer.o)
                                0x132 (size before relaxing)
 .debug_str     0x00002b8a       0xc0 contiki-avr-raven.a(ctimer.o)
                                0x231 (size before relaxing)
 .debug_str     0x00002c4a       0xb3 contiki-avr-raven.a(rtimer.o)
                                0x18a (size before relaxing)
 .debug_str     0x00002cfd       0x6e contiki-avr-raven.a(stimer.o)
                                0x136 (size before relaxing)
 .debug_str     0x00002d6b       0x35 contiki-avr-raven.a(random.o)
                                 0xe7 (size before relaxing)
 .debug_str     0x00002da0      0x24d contiki-avr-raven.a(packetbuf.o)
                                0x639 (size before relaxing)
 .debug_str     0x00002fed      0x108 contiki-avr-raven.a(queuebuf.o)
                                0x531 (size before relaxing)
 .debug_str     0x000030f5      0x25e contiki-avr-raven.a(sicslowpan.o)
                                0x82e (size before relaxing)
 .debug_str     0x00003353       0x50 contiki-avr-raven.a(rtimer-arch.o)
                                0x123 (size before relaxing)
 .debug_str     0x000033a3       0xc2 contiki-avr-raven.a(frame802154.o)
                                0x306 (size before relaxing)
 .debug_str     0x00003465       0xa8 contiki-avr-raven.a(list.o)
                                 0xfb (size before relaxing)

.debug_loc      0x00000000     0x6835
 *(.debug_loc)
 .debug_loc     0x00000000       0xbf udp-server.co
 .debug_loc     0x000000bf      0x3ce contiki-avr-raven.a(etimer.o)
 .debug_loc     0x0000048d      0x649 contiki-avr-raven.a(uip6.o)
 .debug_loc     0x00000ad6      0x63d contiki-avr-raven.a(tcpip.o)
 .debug_loc     0x00001113      0x121 contiki-avr-raven.a(uip-icmp6.o)
 .debug_loc     0x00001234      0x189 contiki-avr-raven.a(uip-nd6.o)
 .debug_loc     0x000013bd      0x118 contiki-avr-raven.a(uip-packetqueue)
 .debug_loc     0x000014d5      0xd14 contiki-avr-raven.a(uip-ds6.o)
 .debug_loc     0x000021e9       0xbb contiki-avr-raven.a(contiki-raven-m)
 .debug_loc     0x000022a4      0xb4c contiki-avr-raven.a(cfs-coffee.o)
 .debug_loc     0x00002df0     0x1098 contiki-avr-raven.a(cfs-coffee-arch)
 .debug_loc     0x00003e88       0x97 contiki-avr-raven.a(clock.o)
 .debug_loc     0x00003f1f      0x163 contiki-avr-raven.a(rs232.o)
 .debug_loc     0x00004082      0x706 contiki-avr-raven.a(rf230bb.o)
 .debug_loc     0x00004788      0x2ac contiki-avr-raven.a(halbb.o)
 .debug_loc     0x00004a34       0x78 contiki-avr-raven.a(rimeaddr.o)
 .debug_loc     0x00004aac       0x48 contiki-avr-raven.a(nullmac.o)
 .debug_loc     0x00004af4      0x106 contiki-avr-raven.a(sicslowmac.o)
 .debug_loc     0x00004bfa      0x34c contiki-avr-raven.a(process.o)
 .debug_loc     0x00004f46       0x30 contiki-avr-raven.a(autostart.o)
 .debug_loc     0x00004f76       0xf0 contiki-avr-raven.a(memb.o)
 .debug_loc     0x00005066       0xd0 contiki-avr-raven.a(timer.o)
 .debug_loc     0x00005136      0x2e1 contiki-avr-raven.a(ctimer.o)
 .debug_loc     0x00005417       0xd8 contiki-avr-raven.a(rtimer.o)
 .debug_loc     0x000054ef       0xfe contiki-avr-raven.a(stimer.o)
 .debug_loc     0x000055ed       0x18 contiki-avr-raven.a(random.o)
 .debug_loc     0x00005605      0x2bc contiki-avr-raven.a(packetbuf.o)
 .debug_loc     0x000058c1      0x173 contiki-avr-raven.a(queuebuf.o)
 .debug_loc     0x00005a34      0x6ce contiki-avr-raven.a(sicslowpan.o)
 .debug_loc     0x00006102       0x18 contiki-avr-raven.a(rtimer-arch.o)
 .debug_loc     0x0000611a      0x24b contiki-avr-raven.a(frame802154.o)
 .debug_loc     0x00006365      0x4d0 contiki-avr-raven.a(list.o)

.debug_macinfo
 *(.debug_macinfo)
OUTPUT(udp-server.avr-raven elf32-avr)
LOAD linker stubs

.coffeefiles    0x00014000        0x0

.bootloader     0x0001f800      0x246
 .bootloader    0x0001f800      0x246 contiki-avr-raven.a(cfs-coffee-arch)
                0x0001f800                avr_flash_write
                0x0001fa34                avr_flash_erase

.debug_ranges   0x00000000      0x2b8
 .debug_ranges  0x00000000       0x28 contiki-avr-raven.a(tcpip.o)
 .debug_ranges  0x00000028       0xc0 contiki-avr-raven.a(cfs-coffee.o)
 .debug_ranges  0x000000e8       0x48 contiki-avr-raven.a(cfs-coffee-arch)
 .debug_ranges  0x00000130       0x18 contiki-avr-raven.a(rs232.o)
 .debug_ranges  0x00000148       0x60 contiki-avr-raven.a(halbb.o)
 .debug_ranges  0x000001a8       0x30 contiki-avr-raven.a(process.o)
 .debug_ranges  0x000001d8       0xe0 contiki-avr-raven.a(sicslowpan.o)
