Archive member included because of file (symbol)

contiki-avr-raven.a(etimer.o)
                              udp-client.co (etimer_expired)
contiki-avr-raven.a(uip6.o)   udp-client.co (uip_appdata)
contiki-avr-raven.a(tcpip.o)  contiki-avr-raven.a(uip6.o) (tcpip_uipcall)
contiki-avr-raven.a(uip-udp-packet.)
                              udp-client.co (uip_udp_packet_send)
contiki-avr-raven.a(uip-split.o)
                              contiki-avr-raven.a(tcpip.o) (uip_split_output)
contiki-avr-raven.a(uip-icmp6.o)
                              contiki-avr-raven.a(uip6.o) (uip_icmp6_echo_request_input)
contiki-avr-raven.a(uip-nd6.o)
                              contiki-avr-raven.a(uip6.o) (uip_nd6_ra_input)
contiki-avr-raven.a(uip-packetqueue)
                              contiki-avr-raven.a(tcpip.o) (uip_packetqueue_buf)
contiki-avr-raven.a(uip-ds6.o)
                              contiki-avr-raven.a(uip-nd6.o) (uip_ds6_defrt_rm)
contiki-avr-raven.a(raven-lcd.o)
                              udp-client.co (raven_lcd_show_text)
contiki-avr-raven.a(contiki-raven-m)
                              contiki-avr-raven.a(raven-lcd.o) (rf230_driver)
contiki-avr-raven.a(clock.o)  contiki-avr-raven.a(raven-lcd.o) (clock_adjust_seconds)
contiki-avr-raven.a(rs232.o)  contiki-avr-raven.a(contiki-raven-m) (rs232_init)
contiki-avr-raven.a(watchdog.o)
                              contiki-avr-raven.a(contiki-raven-m) (watchdog_init)
contiki-avr-raven.a(rf230bb.o)
                              contiki-avr-raven.a(contiki-raven-m) (rf230_get_channel)
contiki-avr-raven.a(halbb.o)  contiki-avr-raven.a(rf230bb.o) (hal_init)
contiki-avr-raven.a(rimeaddr.o)
                              contiki-avr-raven.a(contiki-raven-m) (rimeaddr_set_node_addr)
contiki-avr-raven.a(rimestats.o)
                              contiki-avr-raven.a(rf230bb.o) (rimestats)
contiki-avr-raven.a(nullmac.o)
                              contiki-avr-raven.a(contiki-raven-m) (nullmac_driver)
contiki-avr-raven.a(sicslowmac.o)
                              contiki-avr-raven.a(contiki-raven-m) (sicslowmac_driver)
contiki-avr-raven.a(process.o)
                              contiki-avr-raven.a(tcpip.o) (process_alloc_event)
contiki-avr-raven.a(autostart.o)
                              contiki-avr-raven.a(contiki-raven-m) (autostart_start)
contiki-avr-raven.a(memb.o)   contiki-avr-raven.a(uip-packetqueue) (memb_alloc)
contiki-avr-raven.a(mmem.o)   contiki-avr-raven.a(contiki-raven-m) (mmem_init)
contiki-avr-raven.a(timer.o)  contiki-avr-raven.a(etimer.o) (timer_reset)
contiki-avr-raven.a(list.o)   contiki-avr-raven.a(mmem.o) (list_init)
contiki-avr-raven.a(ctimer.o)
                              contiki-avr-raven.a(uip-packetqueue) (ctimer_stop)
contiki-avr-raven.a(rtimer.o)
                              contiki-avr-raven.a(contiki-raven-m) (rtimer_init)
contiki-avr-raven.a(stimer.o)
                              contiki-avr-raven.a(uip-nd6.o) (stimer_remaining)
contiki-avr-raven.a(random.o)
                              contiki-avr-raven.a(uip-ds6.o) (random_rand)
contiki-avr-raven.a(packetbuf.o)
                              contiki-avr-raven.a(sicslowmac.o) (packetbuf_hdralloc)
contiki-avr-raven.a(queuebuf.o)
                              contiki-avr-raven.a(contiki-raven-m) (queuebuf_init)
contiki-avr-raven.a(sicslowpan.o)
                              contiki-avr-raven.a(contiki-raven-m) (sicslowpan_driver)
contiki-avr-raven.a(rtimer-arch.o)
                              contiki-avr-raven.a(rtimer.o) (rtimer_arch_init)
contiki-avr-raven.a(frame802154.o)
                              contiki-avr-raven.a(sicslowmac.o) (frame802154_parse)
/usr/lib/gcc/avr/4.3.2/avr51/libgcc.a(_mulsi3.o)
                              contiki-avr-raven.a(uip-ds6.o) (__mulsi3)
/usr/lib/gcc/avr/4.3.2/avr51/libgcc.a(_udivmodhi4.o)
                              contiki-avr-raven.a(uip-ds6.o) (__udivmodhi4)
/usr/lib/gcc/avr/4.3.2/avr51/libgcc.a(_udivmodsi4.o)
                              contiki-avr-raven.a(tcpip.o) (__udivmodsi4)
/usr/lib/gcc/avr/4.3.2/avr51/libgcc.a(_exit.o)
                              /usr/lib/gcc/avr/4.3.2/../../../avr/lib/avr51/crtm1284p.o (exit)
/usr/lib/gcc/avr/4.3.2/avr51/libgcc.a(_clear_bss.o)
                              udp-client.co (__do_clear_bss)
/usr/lib/gcc/avr/4.3.2/../../../avr/lib/avr51/libc.a(rand.o)
                              contiki-avr-raven.a(random.o) (rand)
/usr/lib/gcc/avr/4.3.2/../../../avr/lib/avr51/libc.a(memcmp.o)
                              contiki-avr-raven.a(uip6.o) (memcmp)
/usr/lib/gcc/avr/4.3.2/../../../avr/lib/avr51/libc.a(memcpy.o)
                              contiki-avr-raven.a(uip6.o) (memcpy)
/usr/lib/gcc/avr/4.3.2/../../../avr/lib/avr51/libc.a(memmove.o)
                              contiki-avr-raven.a(uip-icmp6.o) (memmove)
/usr/lib/gcc/avr/4.3.2/../../../avr/lib/avr51/libc.a(memset.o)
                              contiki-avr-raven.a(memb.o) (memset)
/usr/lib/gcc/avr/4.3.2/../../../avr/lib/avr51/libc.a(eerd_block.o)
                              contiki-avr-raven.a(contiki-raven-m) (__eerd_block)
/usr/lib/gcc/avr/4.3.2/../../../avr/lib/avr51/libc.a(iob.o)
                              contiki-avr-raven.a(rs232.o) (__iob)
/usr/lib/gcc/avr/4.3.2/../../../avr/lib/avr51/libc.a(printf_p.o)
                              contiki-avr-raven.a(contiki-raven-m) (printf_P)
/usr/lib/gcc/avr/4.3.2/../../../avr/lib/avr51/libc.a(vsnprintf.o)
                              contiki-avr-raven.a(rs232.o) (vsnprintf)
/usr/lib/gcc/avr/4.3.2/../../../avr/lib/avr51/libc.a(vfprintf_std.o)
                              /usr/lib/gcc/avr/4.3.2/../../../avr/lib/avr51/libc.a(printf_p.o) (vfprintf)
/usr/lib/gcc/avr/4.3.2/../../../avr/lib/avr51/libc.a(strnlen_P.o)
                              /usr/lib/gcc/avr/4.3.2/../../../avr/lib/avr51/libc.a(vfprintf_std.o) (strnlen_P)
/usr/lib/gcc/avr/4.3.2/../../../avr/lib/avr51/libc.a(strnlen.o)
                              /usr/lib/gcc/avr/4.3.2/../../../avr/lib/avr51/libc.a(vfprintf_std.o) (strnlen)
/usr/lib/gcc/avr/4.3.2/../../../avr/lib/avr51/libc.a(fputc.o)
                              /usr/lib/gcc/avr/4.3.2/../../../avr/lib/avr51/libc.a(vfprintf_std.o) (fputc)
/usr/lib/gcc/avr/4.3.2/../../../avr/lib/avr51/libc.a(ultoa_invert.o)
                              /usr/lib/gcc/avr/4.3.2/../../../avr/lib/avr51/libc.a(vfprintf_std.o) (__ultoa_invert)
/usr/lib/gcc/avr/4.3.2/avr51/libgcc.a(_divmodsi4.o)
                              /usr/lib/gcc/avr/4.3.2/../../../avr/lib/avr51/libc.a(rand.o) (__divmodsi4)
/usr/lib/gcc/avr/4.3.2/avr51/libgcc.a(_prologue.o)
                              /usr/lib/gcc/avr/4.3.2/../../../avr/lib/avr51/libc.a(rand.o) (__prologue_saves__)
/usr/lib/gcc/avr/4.3.2/avr51/libgcc.a(_epilogue.o)
                              /usr/lib/gcc/avr/4.3.2/../../../avr/lib/avr51/libc.a(rand.o) (__epilogue_restores__)

Allocating common symbols
Common symbol       size              file

rf230_last_correlation
                    0x1               contiki-avr-raven.a(rf230bb.o)
rf230_last_rssi     0x1               contiki-avr-raven.a(rf230bb.o)
rf230_time_of_departure
                    0x2               contiki-avr-raven.a(rf230bb.o)
uip_ds6_if          0xeb              contiki-avr-raven.a(uip-ds6.o)
sicslowpan_mac      0x2               contiki-avr-raven.a(sicslowpan.o)
uip_len             0x2               contiki-avr-raven.a(uip6.o)
rimestats           0x48              contiki-avr-raven.a(rimestats.o)
uip_sappdata        0x2               contiki-avr-raven.a(uip6.o)
packetbuf_addrs     0x20              contiki-avr-raven.a(packetbuf.o)
uip_acc32           0x4               contiki-avr-raven.a(uip6.o)
uip_ds6_prefix_list
                    0x6c              contiki-avr-raven.a(uip-ds6.o)
rimeaddr_node_addr  0x8               contiki-avr-raven.a(rimeaddr.o)
frag_sender         0x8               contiki-avr-raven.a(sicslowpan.o)
rf230_calibrate     0x1               contiki-avr-raven.a(rf230bb.o)
dest_addr           0x10              contiki-avr-raven.a(raven-lcd.o)
uip_lladdr          0x8               contiki-avr-raven.a(uip6.o)
uip_aligned_buf     0x500             contiki-avr-raven.a(uip6.o)
uip_flags           0x1               contiki-avr-raven.a(uip6.o)
eeprom_channel      0x1               contiki-avr-raven.a(contiki-raven-m)
uip_ds6_timer_periodic
                    0x8               contiki-avr-raven.a(uip-ds6.o)
uip_next_hdr        0x2               contiki-avr-raven.a(uip6.o)
uip_ds6_defrt_list  0x34              contiki-avr-raven.a(uip-ds6.o)
uip_udp_conn        0x2               contiki-avr-raven.a(uip6.o)
rf230_calibrated    0x1               contiki-avr-raven.a(rf230bb.o)
packetbuf_attrs     0x30              contiki-avr-raven.a(packetbuf.o)
uip_ds6_nbr_cache   0x3c0             contiki-avr-raven.a(uip-ds6.o)
serial_char_received
                    0x1               contiki-avr-raven.a(raven-lcd.o)
rf230_authority_level_of_sender
                    0x2               contiki-avr-raven.a(rf230bb.o)
uip_appdata         0x2               contiki-avr-raven.a(uip6.o)
rf230_time_of_arrival
                    0x2               contiki-avr-raven.a(rf230bb.o)
uip_conn            0x2               contiki-avr-raven.a(uip6.o)
rxframe_tail        0x1               contiki-avr-raven.a(rf230bb.o)
tcpip_event         0x1               contiki-avr-raven.a(tcpip.o)
uip_conns           0x2c              contiki-avr-raven.a(uip6.o)
uip_icmp6_conns     0x4               contiki-avr-raven.a(uip6.o)
rxframe_head        0x1               contiki-avr-raven.a(rf230bb.o)
rxframe             0x82              contiki-avr-raven.a(rf230bb.o)
sleepseconds        0x4               contiki-avr-raven.a(clock.o)
seconds             0x4               contiki-avr-raven.a(clock.o)
osccal_original     0x1               contiki-avr-raven.a(rf230bb.o)
uip_listenports     0x2               contiki-avr-raven.a(uip6.o)
RF230_sleeping      0x1               contiki-avr-raven.a(rf230bb.o)
uip_ds6_timer_rs    0x8               contiki-avr-raven.a(uip-ds6.o)
avail_memory        0x2               contiki-avr-raven.a(mmem.o)
RF230_receive_on    0x1               contiki-avr-raven.a(rf230bb.o)
osccal_calibrated   0x1               contiki-avr-raven.a(rf230bb.o)
uip_ds6_routing_table
                    0x398             contiki-avr-raven.a(uip-ds6.o)
__iob               0x6               /usr/lib/gcc/avr/4.3.2/../../../avr/lib/avr51/libc.a(iob.o)
tcpip_icmp6_event   0x1               contiki-avr-raven.a(tcpip.o)
uip_slen            0x2               contiki-avr-raven.a(uip6.o)
uip_udp_conns       0xfa              contiki-avr-raven.a(uip6.o)

Memory Configuration

Name             Origin             Length             Attributes
text             0x0000000000000000 0x0000000000020000 xr
data             0x0000000000800060 0x000000000000ffa0 rw !x
eeprom           0x0000000000810000 0x0000000000010000 rw !x
fuse             0x0000000000820000 0x0000000000000400 rw !x
lock             0x0000000000830000 0x0000000000000400 rw !x
signature        0x0000000000840000 0x0000000000000400 rw !x
*default*        0x0000000000000000 0xffffffffffffffff

Linker script and memory map

Address of section .data set to 0x800100
LOAD /usr/lib/gcc/avr/4.3.2/../../../avr/lib/avr51/crtm1284p.o
Address of section .bootloader set to 0x1f800
LOAD udp-client.co
LOAD contiki-avr-raven.a
LOAD /usr/lib/gcc/avr/4.3.2/avr51/libgcc.a
LOAD /usr/lib/gcc/avr/4.3.2/../../../avr/lib/avr51/libc.a
LOAD /usr/lib/gcc/avr/4.3.2/avr51/libgcc.a

.hash
 *(.hash)

.dynsym
 *(.dynsym)

.dynstr
 *(.dynstr)

.gnu.version
 *(.gnu.version)

.gnu.version_d
 *(.gnu.version_d)

.gnu.version_r
 *(.gnu.version_r)

.rel.init
 *(.rel.init)

.rela.init
 *(.rela.init)

.rel.text
 *(.rel.text)
 *(.rel.text.*)
 *(.rel.gnu.linkonce.t*)

.rela.text
 *(.rela.text)
 *(.rela.text.*)
 *(.rela.gnu.linkonce.t*)

.rel.fini
 *(.rel.fini)

.rela.fini
 *(.rela.fini)

.rel.rodata
 *(.rel.rodata)
 *(.rel.rodata.*)
 *(.rel.gnu.linkonce.r*)

.rela.rodata
 *(.rela.rodata)
 *(.rela.rodata.*)
 *(.rela.gnu.linkonce.r*)

.rel.data
 *(.rel.data)
 *(.rel.data.*)
 *(.rel.gnu.linkonce.d*)

.rela.data
 *(.rela.data)
 *(.rela.data.*)
 *(.rela.gnu.linkonce.d*)

.rel.ctors
 *(.rel.ctors)

.rela.ctors
 *(.rela.ctors)

.rel.dtors
 *(.rel.dtors)

.rela.dtors
 *(.rela.dtors)

.rel.got
 *(.rel.got)

.rela.got
 *(.rela.got)

.rel.bss
 *(.rel.bss)

.rela.bss
 *(.rela.bss)

.rel.plt
 *(.rel.plt)

.rela.plt
 *(.rela.plt)

.text           0x0000000000000000     0x966a
 *(.vectors)
 .vectors       0x0000000000000000       0x8c /usr/lib/gcc/avr/4.3.2/../../../avr/lib/avr51/crtm1284p.o
                0x0000000000000000                __vectors
                0x0000000000000000                __vector_default
 *(.vectors)
 *(.progmem.gcc*)
 *(.progmem*)
 .progmem.data  0x000000000000008c       0x50 contiki-avr-raven.a(contiki-raven-m)
                0x00000000000000dc                . = ALIGN (0x2)
                0x00000000000000dc                __trampolines_start = .
 *(.trampolines)
 .trampolines   0x00000000000000dc        0x0 linker stubs
 *(.trampolines*)
                0x00000000000000dc                __trampolines_end = .
 *(.jumptables)
 *(.jumptables*)
 *(.lowtext)
 *(.lowtext*)
                0x00000000000000dc                __ctors_start = .
 *(.ctors)
                0x00000000000000dc                __ctors_end = .
                0x00000000000000dc                __dtors_start = .
 *(.dtors)
                0x00000000000000dc                __dtors_end = .
 SORT(*)(.ctors)
 SORT(*)(.dtors)
 *(.init0)
 .init0         0x00000000000000dc        0x0 /usr/lib/gcc/avr/4.3.2/../../../avr/lib/avr51/crtm1284p.o
                0x00000000000000dc                __init
 *(.init0)
 *(.init1)
 *(.init1)
 *(.init2)
 .init2         0x00000000000000dc        0xc /usr/lib/gcc/avr/4.3.2/../../../avr/lib/avr51/crtm1284p.o
 *(.init2)
 *(.init3)
 *(.init3)
 *(.init4)
 .init4         0x00000000000000e8       0x1a /usr/lib/gcc/avr/4.3.2/../../../avr/lib/avr51/crtm1284p.o
                0x00000000000000e8                __do_copy_data
 .init4         0x0000000000000102       0x10 /usr/lib/gcc/avr/4.3.2/avr51/libgcc.a(_clear_bss.o)
                0x0000000000000102                __do_clear_bss
 *(.init4)
 *(.init5)
 *(.init5)
 *(.init6)
 *(.init6)
 *(.init7)
 *(.init7)
 *(.init8)
 *(.init8)
 *(.init9)
 .init9         0x0000000000000112        0x8 /usr/lib/gcc/avr/4.3.2/../../../avr/lib/avr51/crtm1284p.o
 *(.init9)
 *(.text)
 .text          0x000000000000011a        0x4 /usr/lib/gcc/avr/4.3.2/../../../avr/lib/avr51/crtm1284p.o
                0x000000000000011a                __vector_1
                0x000000000000011a                __vector_34
                0x000000000000011a                __vector_24
                0x000000000000011a                __bad_interrupt
                0x000000000000011a                __vector_6
                0x000000000000011a                __vector_31
                0x000000000000011a                __vector_3
                0x000000000000011a                __vector_23
                0x000000000000011a                __vector_25
                0x000000000000011a                __vector_11
                0x000000000000011a                __vector_13
                0x000000000000011a                __vector_17
                0x000000000000011a                __vector_19
                0x000000000000011a                __vector_7
                0x000000000000011a                __vector_27
                0x000000000000011a                __vector_5
                0x000000000000011a                __vector_33
                0x000000000000011a                __vector_4
                0x000000000000011a                __vector_2
                0x000000000000011a                __vector_21
                0x000000000000011a                __vector_29
                0x000000000000011a                __vector_8
                0x000000000000011a                __vector_26
                0x000000000000011a                __vector_14
                0x000000000000011a                __vector_10
                0x000000000000011a                __vector_18
 .text          0x000000000000011e      0x114 udp-client.co
 .text          0x0000000000000232      0x2e4 contiki-avr-raven.a(etimer.o)
                0x0000000000000232                etimer_expired
                0x0000000000000248                etimer_expiration_time
                0x000000000000025a                etimer_start_time
                0x0000000000000262                etimer_pending
                0x0000000000000278                etimer_next_expiration_time
                0x00000000000002fc                etimer_stop
                0x000000000000034c                etimer_adjust
                0x0000000000000360                etimer_request_poll
                0x00000000000004d4                etimer_restart
                0x00000000000004ea                etimer_reset
                0x0000000000000500                etimer_set
 .text          0x0000000000000516     0x169c contiki-avr-raven.a(uip6.o)
                0x0000000000000516                uip_add32
                0x0000000000000586                uip_chksum
                0x00000000000005d6                uip_ipchksum
                0x00000000000006fc                uip_icmp6chksum
                0x0000000000000704                uip_tcpchksum
                0x000000000000070c                uip_udpchksum
                0x0000000000000714                uip_connect
                0x00000000000007e0                uip_unlisten
                0x0000000000000804                uip_listen
                0x000000000000085a                uip_htons
                0x0000000000000862                uip_htonl
                0x000000000000089c                uip_send
                0x0000000000000992                uip_process
                0x0000000000001a70                uip_udp_new
                0x0000000000001b68                uip_init
 .text          0x0000000000001bb2      0x742 contiki-avr-raven.a(tcpip.o)
                0x0000000000001bb2                tcpip_output
                0x0000000000001bc6                tcpip_set_outputfunc
                0x0000000000001bd0                tcp_attach
                0x0000000000001be4                udp_attach
                0x0000000000001bf8                icmp6_new
                0x0000000000001c26                tcp_unlisten
                0x0000000000001c7c                tcpip_uipcall
                0x0000000000001cf4                tcpip_input
                0x0000000000001d10                tcpip_icmp6_call
                0x0000000000001d3e                tcpip_poll_tcp
                0x0000000000001d4c                tcpip_poll_udp
                0x0000000000001d5a                tcpip_ipv6_output
                0x00000000000021e6                udp_new
                0x000000000000220e                udp_broadcast_new
                0x000000000000227e                tcp_listen
                0x00000000000022b8                tcp_connect
 .text          0x00000000000022f4       0xc4 contiki-avr-raven.a(uip-udp-packet.)
                0x00000000000022f4                uip_udp_packet_send
                0x0000000000002332                uip_udp_packet_sendto
 .text          0x00000000000023b8       0xda contiki-avr-raven.a(uip-split.o)
                0x00000000000023b8                uip_split_output
 .text          0x0000000000002492      0x336 contiki-avr-raven.a(uip-icmp6.o)
                0x0000000000002492                uip_icmp6_send
                0x000000000000253a                uip_icmp6_echo_request_input
                0x0000000000002614                uip_icmp6_error_output
 .text          0x00000000000027c8      0xf50 contiki-avr-raven.a(uip-nd6.o)
                0x00000000000027c8                uip_nd6_ra_input
                0x0000000000002d76                uip_nd6_rs_output
                0x0000000000002ea4                uip_nd6_ns_output
                0x0000000000003008                uip_nd6_na_input
                0x00000000000032be                uip_nd6_ns_input
 .text          0x0000000000003718       0xec contiki-avr-raven.a(uip-packetqueue)
                0x0000000000003718                uip_packetqueue_new
                0x0000000000003720                uip_packetqueue_buf
                0x0000000000003738                uip_packetqueue_buflen
                0x0000000000003758                uip_packetqueue_set_buflen
                0x000000000000376e                uip_packetqueue_free
                0x00000000000037ba                uip_packetqueue_alloc
 .text          0x0000000000003804     0x10e0 contiki-avr-raven.a(uip-ds6.o)
                0x0000000000003804                uip_ds6_defrt_rm
                0x000000000000380e                uip_ds6_prefix_rm
                0x0000000000003818                uip_ds6_get_link_local
                0x0000000000003878                uip_ds6_get_global
                0x00000000000038d8                uip_ds6_maddr_rm
                0x00000000000038e2                uip_ds6_aaddr_rm
                0x00000000000038ec                uip_ds6_route_rm
                0x00000000000038f2                uip_ds6_select_src
                0x00000000000039e4                get_match_length
                0x0000000000003a22                uip_ds6_compute_reachable_time
                0x0000000000003a82                uip_ds6_dad
                0x0000000000003af0                uip_ds6_set_addr_iid
                0x0000000000003b1a                uip_ds6_route_rm_by_nexthop
                0x0000000000003b70                uip_ds6_route_lookup
                0x0000000000003bf2                uip_ds6_is_addr_onlink
                0x0000000000003c52                uip_ds6_list_loop
                0x0000000000003cec                uip_ds6_route_add
                0x0000000000003d86                uip_ds6_aaddr_lookup
                0x0000000000003dc2                uip_ds6_aaddr_add
                0x0000000000003e22                uip_ds6_maddr_lookup
                0x0000000000003e5e                uip_ds6_addr_rm
                0x0000000000003ed4                uip_ds6_dad_failed
                0x0000000000003ef6                uip_ds6_maddr_add
                0x0000000000003f56                uip_ds6_addr_lookup
                0x0000000000003f92                uip_ds6_prefix_lookup
                0x0000000000003fce                uip_ds6_defrt_lookup
                0x000000000000400a                uip_ds6_nbr_lookup
                0x0000000000004046                uip_ds6_defrt_choose
                0x00000000000040bc                uip_ds6_send_rs
                0x00000000000040f2                uip_ds6_addr_add
                0x0000000000004222                uip_ds6_prefix_add
                0x00000000000042ce                uip_ds6_defrt_add
                0x0000000000004378                uip_ds6_nbr_rm
                0x0000000000004388                uip_ds6_init
                0x000000000000451c                uip_ds6_nbr_add
                0x0000000000004664                uip_ds6_periodic
 .text          0x00000000000048e4      0x33a contiki-avr-raven.a(raven-lcd.o)
                0x00000000000048e4                __vector_9
                0x0000000000004954                raven_lcd_show_text
                0x0000000000004970                raven_lcd_serial_input
                0x00000000000049ea                micro_sleep
                0x0000000000004a8e                raven_ping6
 .text          0x0000000000004c1e      0x2b6 contiki-avr-raven.a(contiki-raven-m)
                0x0000000000004c2e                log_message
                0x0000000000004c68                initialize
                0x0000000000004ec6                main
 .text          0x0000000000004ed4      0x1c0 contiki-avr-raven.a(clock.o)
                0x0000000000004ed4                clock_adjust_seconds
                0x0000000000004f54                clock_init
                0x0000000000004f74                clock_time
                0x0000000000004f8e                clock_delay
                0x0000000000004fa4                clock_wait
                0x0000000000004fde                clock_set_seconds
                0x0000000000004fe0                clock_seconds
                0x0000000000005010                __vector_16
 .text          0x0000000000005094      0x300 contiki-avr-raven.a(rs232.o)
                0x0000000000005094                __vector_22
                0x00000000000050ac                __vector_20
                0x0000000000005110                __vector_30
                0x0000000000005128                __vector_28
                0x000000000000518c                rs232_init
                0x00000000000051c6                rs232_print_p
                0x000000000000520e                rs232_print
                0x0000000000005278                rs232_send
                0x00000000000052a4                rs232_set_input
                0x00000000000052c2                slip_arch_writeb
                0x00000000000052dc                rs232_stdout_putchar
                0x000000000000534c                rs232_redirect_stdout
                0x000000000000535e                rs232_printf
 .text          0x0000000000005394       0x7a contiki-avr-raven.a(watchdog.o)
                0x0000000000005394                watchdog_init
                0x00000000000053b4                watchdog_start
                0x00000000000053de                watchdog_periodic
                0x00000000000053e2                watchdog_stop
                0x00000000000053f4                watchdog_reboot
 .text          0x000000000000540e      0x95c contiki-avr-raven.a(rf230bb.o)
                0x000000000000540e                rf230_set_promiscuous_mode
                0x0000000000005414                calibrate_rc_osc_32k
                0x000000000000550c                rf230_get_channel
                0x000000000000553c                rf230_is_ready_to_send
                0x0000000000005576                rf230_get_txpower
                0x000000000000567a                rf230_on
                0x0000000000005750                rf230_off
                0x00000000000057ae                rf230_get_raw_rssi
                0x000000000000581a                rf230_set_txpower
                0x000000000000582a                rf230_set_channel
                0x0000000000005846                rf230_listen_channel
                0x0000000000005986                rf230_interrupt
                0x0000000000005bf8                rf230_set_pan_addr
                0x0000000000005cc4                rf230_init
 .text          0x0000000000005d6a      0x32e contiki-avr-raven.a(halbb.o)
                0x0000000000005d6a                hal_init
                0x0000000000005da4                hal_register_read
                0x0000000000005dda                hal_register_write
                0x0000000000005e10                hal_subregister_read
                0x0000000000005e36                hal_subregister_write
                0x0000000000005eaa                hal_frame_read
                0x0000000000005f0c                hal_frame_write
                0x0000000000005f64                __vector_15
                0x0000000000005f92                __vector_12
 .text          0x0000000000006098       0x76 contiki-avr-raven.a(rimeaddr.o)
                0x0000000000006098                rimeaddr_copy
                0x00000000000060ba                rimeaddr_cmp
                0x00000000000060ec                rimeaddr_set_node_addr
 .text          0x000000000000610e        0x0 contiki-avr-raven.a(rimestats.o)
 .text          0x000000000000610e       0x38 contiki-avr-raven.a(nullmac.o)
 .text          0x0000000000006146      0x250 contiki-avr-raven.a(sicslowmac.o)
 .text          0x0000000000006396      0x3a2 contiki-avr-raven.a(process.o)
                0x0000000000006396                process_alloc_event
                0x00000000000064cc                process_exit
                0x00000000000064da                process_init
                0x00000000000064fa                process_run
                0x000000000000663a                process_nevents
                0x000000000000664c                process_post
                0x0000000000006694                process_post_synch
                0x00000000000066b2                process_start
                0x000000000000670c                process_poll
                0x0000000000006724                process_is_running
 .text          0x0000000000006738       0x38 contiki-avr-raven.a(autostart.o)
                0x0000000000006738                autostart_exit
                0x0000000000006752                autostart_start
 .text          0x0000000000006770      0x144 contiki-avr-raven.a(memb.o)
                0x0000000000006770                memb_alloc
                0x00000000000067cc                memb_free
                0x0000000000006828                memb_inmemb
                0x000000000000686e                memb_init
 .text          0x00000000000068b4       0xf4 contiki-avr-raven.a(mmem.o)
                0x00000000000068b4                get_avail_memory
                0x00000000000068be                mmem_init
                0x00000000000068d4                mmem_free
                0x000000000000694a                mmem_alloc
 .text          0x00000000000069a8       0xa0 contiki-avr-raven.a(timer.o)
                0x00000000000069a8                timer_reset
                0x00000000000069bc                timer_remaining
                0x00000000000069e6                timer_expired
                0x0000000000006a16                timer_restart
                0x0000000000006a2c                timer_set
 .text          0x0000000000006a48      0x25e contiki-avr-raven.a(list.o)
                0x0000000000006a48                list_init
                0x0000000000006a50                list_head
                0x0000000000006a58                list_copy
                0x0000000000006a66                list_tail
                0x0000000000006a88                list_add
                0x0000000000006b00                list_push
                0x0000000000006b5a                list_chop
                0x0000000000006ba8                list_pop
                0x0000000000006bc0                list_remove
                0x0000000000006c0a                list_length
                0x0000000000006c2a                list_insert
                0x0000000000006c92                list_item_next
 .text          0x0000000000006ca6      0x26e contiki-avr-raven.a(ctimer.o)
                0x0000000000006d74                ctimer_expired
                0x0000000000006dbc                ctimer_stop
                0x0000000000006dec                ctimer_restart
                0x0000000000006e40                ctimer_set
                0x0000000000006ea6                ctimer_reset
                0x0000000000006efa                ctimer_init
 .text          0x0000000000006f14       0x7a contiki-avr-raven.a(rtimer.o)
                0x0000000000006f14                rtimer_run_next
                0x0000000000006f52                rtimer_set
                0x0000000000006f88                rtimer_init
 .text          0x0000000000006f8e      0x12a contiki-avr-raven.a(stimer.o)
                0x0000000000006f8e                stimer_reset
                0x0000000000006fb2                stimer_elapsed
                0x0000000000006fdc                stimer_remaining
                0x0000000000007028                stimer_expired
                0x000000000000707a                stimer_restart
                0x0000000000007094                stimer_set
 .text          0x00000000000070b8        0xc contiki-avr-raven.a(random.o)
                0x00000000000070b8                random_rand
                0x00000000000070be                random_init
 .text          0x00000000000070c4      0x3ea contiki-avr-raven.a(packetbuf.o)
                0x00000000000070c4                packetbuf_clear_hdr
                0x00000000000070cc                packetbuf_hdralloc
                0x000000000000710a                packetbuf_hdr_remove
                0x0000000000007116                packetbuf_hdrreduce
                0x0000000000007154                packetbuf_set_datalen
                0x000000000000715e                packetbuf_dataptr
                0x0000000000007178                packetbuf_hdrptr
                0x000000000000718c                packetbuf_is_reference
                0x00000000000071b0                packetbuf_reference_ptr
                0x00000000000071ba                packetbuf_datalen
                0x00000000000071c4                packetbuf_hdrlen
                0x00000000000071ce                packetbuf_totlen
                0x00000000000071e6                packetbuf_set_attr
                0x00000000000071fc                packetbuf_attr
                0x000000000000720e                packetbuf_addr
                0x0000000000007224                packetbuf_set_addr
                0x000000000000723e                packetbuf_attr_clear
                0x0000000000007280                packetbuf_clear
                0x00000000000072ae                packetbuf_reference
                0x00000000000072d8                packetbuf_attr_copyfrom
                0x00000000000072fa                packetbuf_attr_copyto
                0x000000000000731c                packetbuf_copyto
                0x00000000000073b8                packetbuf_copyto_hdr
                0x00000000000073f0                packetbuf_compact
                0x0000000000007462                packetbuf_copyfrom
 .text          0x00000000000074ae      0x1a2 contiki-avr-raven.a(queuebuf.o)
                0x00000000000074ae                queuebuf_datalen
                0x00000000000074b6                queuebuf_addr
                0x00000000000074ce                queuebuf_attr
                0x00000000000074e4                queuebuf_debug_print
                0x00000000000074e6                queuebuf_dataptr
                0x0000000000007522                queuebuf_to_packetbuf
                0x0000000000007594                queuebuf_free
                0x00000000000075cc                queuebuf_new_from_packetbuf
                0x000000000000763e                queuebuf_init
 .text          0x0000000000007650     0x12ba contiki-avr-raven.a(sicslowpan.o)
                0x0000000000007f86                sicslowpan_init
 .text          0x000000000000890a       0xae contiki-avr-raven.a(rtimer-arch.o)
                0x000000000000890a                rtimer_arch_init
                0x000000000000893e                rtimer_arch_schedule
                0x000000000000895e                __vector_32
 .text          0x00000000000089b8      0x468 contiki-avr-raven.a(frame802154.o)
                0x00000000000089b8                frame802154_parse
                0x0000000000008c38                frame802154_create
                0x0000000000008de4                frame802154_hdrlen
 .text          0x0000000000008e20        0x0 /usr/lib/gcc/avr/4.3.2/avr51/libgcc.a(_mulsi3.o)
 .text          0x0000000000008e20        0x0 /usr/lib/gcc/avr/4.3.2/avr51/libgcc.a(_udivmodhi4.o)
 .text          0x0000000000008e20        0x0 /usr/lib/gcc/avr/4.3.2/avr51/libgcc.a(_udivmodsi4.o)
 .text          0x0000000000008e20        0x0 /usr/lib/gcc/avr/4.3.2/avr51/libgcc.a(_exit.o)
 .text          0x0000000000008e20        0x0 /usr/lib/gcc/avr/4.3.2/avr51/libgcc.a(_clear_bss.o)
 .text          0x0000000000008e20       0xc2 /usr/lib/gcc/avr/4.3.2/../../../avr/lib/avr51/libc.a(rand.o)
                0x0000000000008ebc                rand_r
                0x0000000000008ec2                rand
                0x0000000000008ecc                srand
 .text          0x0000000000008ee2       0x1a /usr/lib/gcc/avr/4.3.2/../../../avr/lib/avr51/libc.a(memcmp.o)
                0x0000000000008ee2                memcmp
 .text          0x0000000000008efc       0x12 /usr/lib/gcc/avr/4.3.2/../../../avr/lib/avr51/libc.a(memcpy.o)
                0x0000000000008efc                memcpy
 .text          0x0000000000008f0e       0x24 /usr/lib/gcc/avr/4.3.2/../../../avr/lib/avr51/libc.a(memmove.o)
                0x0000000000008f0e                memmove
 .text          0x0000000000008f32        0xe /usr/lib/gcc/avr/4.3.2/../../../avr/lib/avr51/libc.a(memset.o)
                0x0000000000008f32                memset
 .text          0x0000000000008f40       0x38 /usr/lib/gcc/avr/4.3.2/../../../avr/lib/avr51/libc.a(eerd_block.o)
                0x0000000000008f40                __eerd_block
 .text          0x0000000000008f78        0x0 /usr/lib/gcc/avr/4.3.2/../../../avr/lib/avr51/libc.a(iob.o)
 .text          0x0000000000008f78       0x4c /usr/lib/gcc/avr/4.3.2/../../../avr/lib/avr51/libc.a(printf_p.o)
                0x0000000000008f78                printf_P
 .text          0x0000000000008fc4       0x56 /usr/lib/gcc/avr/4.3.2/../../../avr/lib/avr51/libc.a(vsnprintf.o)
                0x0000000000008fc4                vsnprintf
 .text          0x000000000000901a      0x3be /usr/lib/gcc/avr/4.3.2/../../../avr/lib/avr51/libc.a(vfprintf_std.o)
                0x000000000000901a                vfprintf
 .text          0x00000000000093d8       0x16 /usr/lib/gcc/avr/4.3.2/../../../avr/lib/avr51/libc.a(strnlen_P.o)
                0x00000000000093d8                strnlen_P
 .text          0x00000000000093ee       0x16 /usr/lib/gcc/avr/4.3.2/../../../avr/lib/avr51/libc.a(strnlen.o)
                0x00000000000093ee                strnlen
 .text          0x0000000000009404       0x58 /usr/lib/gcc/avr/4.3.2/../../../avr/lib/avr51/libc.a(fputc.o)
                0x0000000000009404                fputc
 .text          0x000000000000945c       0xbc /usr/lib/gcc/avr/4.3.2/../../../avr/lib/avr51/libc.a(ultoa_invert.o)
                0x000000000000945c                __ultoa_invert
 .text          0x0000000000009518        0x0 /usr/lib/gcc/avr/4.3.2/avr51/libgcc.a(_divmodsi4.o)
 .text          0x0000000000009518        0x0 /usr/lib/gcc/avr/4.3.2/avr51/libgcc.a(_prologue.o)
 .text          0x0000000000009518        0x0 /usr/lib/gcc/avr/4.3.2/avr51/libgcc.a(_epilogue.o)
                0x0000000000009518                . = ALIGN (0x2)
 *(.text.*)
 .text.libgcc   0x0000000000009518       0x3e /usr/lib/gcc/avr/4.3.2/avr51/libgcc.a(_mulsi3.o)
                0x0000000000009518                __mulsi3
 .text.libgcc   0x0000000000009556       0x28 /usr/lib/gcc/avr/4.3.2/avr51/libgcc.a(_udivmodhi4.o)
                0x0000000000009556                __udivmodhi4
 .text.libgcc   0x000000000000957e       0x44 /usr/lib/gcc/avr/4.3.2/avr51/libgcc.a(_udivmodsi4.o)
                0x000000000000957e                __udivmodsi4
 .text.libgcc   0x00000000000095c2        0x0 /usr/lib/gcc/avr/4.3.2/avr51/libgcc.a(_exit.o)
 .text.libgcc   0x00000000000095c2        0x0 /usr/lib/gcc/avr/4.3.2/avr51/libgcc.a(_clear_bss.o)
 .text.libgcc   0x00000000000095c2       0x36 /usr/lib/gcc/avr/4.3.2/avr51/libgcc.a(_divmodsi4.o)
                0x00000000000095c2                __divmodsi4
 .text.libgcc   0x00000000000095f8       0x38 /usr/lib/gcc/avr/4.3.2/avr51/libgcc.a(_prologue.o)
                0x00000000000095f8                __prologue_saves__
 .text.libgcc   0x0000000000009630       0x36 /usr/lib/gcc/avr/4.3.2/avr51/libgcc.a(_epilogue.o)
                0x0000000000009630                __epilogue_restores__
                0x0000000000009666                . = ALIGN (0x2)
 *(.fini9)
 .fini9         0x0000000000009666        0x0 /usr/lib/gcc/avr/4.3.2/avr51/libgcc.a(_exit.o)
                0x0000000000009666                exit
                0x0000000000009666                _exit
 *(.fini9)
 *(.fini8)
 *(.fini8)
 *(.fini7)
 *(.fini7)
 *(.fini6)
 *(.fini6)
 *(.fini5)
 *(.fini5)
 *(.fini4)
 *(.fini4)
 *(.fini3)
 *(.fini3)
 *(.fini2)
 *(.fini2)
 *(.fini1)
 *(.fini1)
 *(.fini0)
 .fini0         0x0000000000009666        0x4 /usr/lib/gcc/avr/4.3.2/avr51/libgcc.a(_exit.o)
 *(.fini0)
                0x000000000000966a                _etext = .

.data           0x0000000000800100      0x16a load address 0x000000000000966a
                0x0000000000800100                PROVIDE (__data_start, .)
 *(.data)
 .data          0x0000000000800100        0x0 /usr/lib/gcc/avr/4.3.2/../../../avr/lib/avr51/crtm1284p.o
 .data          0x0000000000800100       0x27 udp-client.co
                0x0000000000800119                udp_client_process
                0x0000000000800123                autostart_processes
 .data          0x0000000000800127       0x16 contiki-avr-raven.a(etimer.o)
                0x0000000000800133                etimer_process
 .data          0x000000000080013d        0x0 contiki-avr-raven.a(uip6.o)
 .data          0x000000000080013d       0x17 contiki-avr-raven.a(tcpip.o)
                0x000000000080014a                tcpip_process
 .data          0x0000000000800154        0x0 contiki-avr-raven.a(uip-udp-packet.)
 .data          0x0000000000800154        0x0 contiki-avr-raven.a(uip-split.o)
 .data          0x0000000000800154        0x0 contiki-avr-raven.a(uip-icmp6.o)
 .data          0x0000000000800154        0x0 contiki-avr-raven.a(uip-nd6.o)
 .data          0x0000000000800154        0x8 contiki-avr-raven.a(uip-packetqueue)
 .data          0x000000000080015c        0x0 contiki-avr-raven.a(uip-ds6.o)
 .data          0x000000000080015c       0x26 contiki-avr-raven.a(raven-lcd.o)
                0x0000000000800178                raven_lcd_process
 .data          0x0000000000800182        0xc contiki-avr-raven.a(contiki-raven-m)
 .data          0x000000000080018e        0x0 contiki-avr-raven.a(clock.o)
 .data          0x000000000080018e       0x28 contiki-avr-raven.a(rs232.o)
 .data          0x00000000008001b6        0x0 contiki-avr-raven.a(watchdog.o)
 .data          0x00000000008001b6       0x2b contiki-avr-raven.a(rf230bb.o)
                0x00000000008001c3                rf230_process
                0x00000000008001cd                rf230_driver
 .data          0x00000000008001e1        0x0 contiki-avr-raven.a(halbb.o)
 .data          0x00000000008001e1        0x8 contiki-avr-raven.a(rimeaddr.o)
                0x00000000008001e1                rimeaddr_null
 .data          0x00000000008001e9        0x0 contiki-avr-raven.a(rimestats.o)
 .data          0x00000000008001e9       0x16 contiki-avr-raven.a(nullmac.o)
                0x00000000008001f1                nullmac_driver
 .data          0x00000000008001ff       0x19 contiki-avr-raven.a(sicslowmac.o)
                0x000000000080020a                sicslowmac_driver
 .data          0x0000000000800218        0x0 contiki-avr-raven.a(process.o)
 .data          0x0000000000800218        0x0 contiki-avr-raven.a(autostart.o)
 .data          0x0000000000800218        0x0 contiki-avr-raven.a(memb.o)
 .data          0x0000000000800218        0x0 contiki-avr-raven.a(mmem.o)
 .data          0x0000000000800218        0x0 contiki-avr-raven.a(timer.o)
 .data          0x0000000000800218        0x0 contiki-avr-raven.a(list.o)
 .data          0x0000000000800218       0x19 contiki-avr-raven.a(ctimer.o)
                0x0000000000800227                ctimer_process
 .data          0x0000000000800231        0x0 contiki-avr-raven.a(rtimer.o)
 .data          0x0000000000800231        0x0 contiki-avr-raven.a(stimer.o)
 .data          0x0000000000800231        0x0 contiki-avr-raven.a(random.o)
 .data          0x0000000000800231        0x2 contiki-avr-raven.a(packetbuf.o)
 .data          0x0000000000800233       0x10 contiki-avr-raven.a(queuebuf.o)
 .data          0x0000000000800243       0x23 contiki-avr-raven.a(sicslowpan.o)
                0x0000000000800243                unc_llconf
                0x0000000000800247                unc_ctxconf
                0x000000000080024b                unc_mxconf
                0x000000000080024f                llprefix
                0x000000000080025c                sicslowpan_driver
 .data          0x0000000000800266        0x0 contiki-avr-raven.a(rtimer-arch.o)
 .data          0x0000000000800266        0x0 contiki-avr-raven.a(frame802154.o)
 .data          0x0000000000800266        0x0 /usr/lib/gcc/avr/4.3.2/avr51/libgcc.a(_mulsi3.o)
 .data          0x0000000000800266        0x0 /usr/lib/gcc/avr/4.3.2/avr51/libgcc.a(_udivmodhi4.o)
 .data          0x0000000000800266        0x0 /usr/lib/gcc/avr/4.3.2/avr51/libgcc.a(_udivmodsi4.o)
 .data          0x0000000000800266        0x0 /usr/lib/gcc/avr/4.3.2/avr51/libgcc.a(_exit.o)
 .data          0x0000000000800266        0x0 /usr/lib/gcc/avr/4.3.2/avr51/libgcc.a(_clear_bss.o)
 .data          0x0000000000800266        0x4 /usr/lib/gcc/avr/4.3.2/../../../avr/lib/avr51/libc.a(rand.o)
 .data          0x000000000080026a        0x0 /usr/lib/gcc/avr/4.3.2/../../../avr/lib/avr51/libc.a(memcmp.o)
 .data          0x000000000080026a        0x0 /usr/lib/gcc/avr/4.3.2/../../../avr/lib/avr51/libc.a(memcpy.o)
 .data          0x000000000080026a        0x0 /usr/lib/gcc/avr/4.3.2/../../../avr/lib/avr51/libc.a(memmove.o)
 .data          0x000000000080026a        0x0 /usr/lib/gcc/avr/4.3.2/../../../avr/lib/avr51/libc.a(memset.o)
 .data          0x000000000080026a        0x0 /usr/lib/gcc/avr/4.3.2/../../../avr/lib/avr51/libc.a(eerd_block.o)
 .data          0x000000000080026a        0x0 /usr/lib/gcc/avr/4.3.2/../../../avr/lib/avr51/libc.a(iob.o)
 .data          0x000000000080026a        0x0 /usr/lib/gcc/avr/4.3.2/../../../avr/lib/avr51/libc.a(printf_p.o)
 .data          0x000000000080026a        0x0 /usr/lib/gcc/avr/4.3.2/../../../avr/lib/avr51/libc.a(vsnprintf.o)
 .data          0x000000000080026a        0x0 /usr/lib/gcc/avr/4.3.2/../../../avr/lib/avr51/libc.a(vfprintf_std.o)
 .data          0x000000000080026a        0x0 /usr/lib/gcc/avr/4.3.2/../../../avr/lib/avr51/libc.a(strnlen_P.o)
 .data          0x000000000080026a        0x0 /usr/lib/gcc/avr/4.3.2/../../../avr/lib/avr51/libc.a(strnlen.o)
 .data          0x000000000080026a        0x0 /usr/lib/gcc/avr/4.3.2/../../../avr/lib/avr51/libc.a(fputc.o)
 .data          0x000000000080026a        0x0 /usr/lib/gcc/avr/4.3.2/../../../avr/lib/avr51/libc.a(ultoa_invert.o)
 .data          0x000000000080026a        0x0 /usr/lib/gcc/avr/4.3.2/avr51/libgcc.a(_divmodsi4.o)
 .data          0x000000000080026a        0x0 /usr/lib/gcc/avr/4.3.2/avr51/libgcc.a(_prologue.o)
 .data          0x000000000080026a        0x0 /usr/lib/gcc/avr/4.3.2/avr51/libgcc.a(_epilogue.o)
 *(.data*)
 *(.rodata)
 *(.rodata*)
 *(.gnu.linkonce.d*)
                0x000000000080026a                . = ALIGN (0x2)
                0x000000000080026a                _edata = .
                0x000000000080026a                PROVIDE (__data_end, .)

.bss            0x000000000080026a     0x39d2
                0x000000000080026a                PROVIDE (__bss_start, .)
 *(.bss)
 .bss           0x000000000080026a        0x0 /usr/lib/gcc/avr/4.3.2/../../../avr/lib/avr51/crtm1284p.o
 .bss           0x000000000080026a       0x1a udp-client.co
 .bss           0x0000000000800284        0x4 contiki-avr-raven.a(etimer.o)
 .bss           0x0000000000800288        0xd contiki-avr-raven.a(uip6.o)
                0x0000000000800288                uip_ext_bitmap
                0x0000000000800289                uip_ext_len
                0x000000000080028a                uip_ext_opt_offset
 .bss           0x0000000000800295       0x15 contiki-avr-raven.a(tcpip.o)
 .bss           0x00000000008002aa        0x0 contiki-avr-raven.a(uip-udp-packet.)
 .bss           0x00000000008002aa        0x0 contiki-avr-raven.a(uip-split.o)
 .bss           0x00000000008002aa       0x10 contiki-avr-raven.a(uip-icmp6.o)
 .bss           0x00000000008002ba       0x1d contiki-avr-raven.a(uip-nd6.o)
 .bss           0x00000000008002d7      0xa2e contiki-avr-raven.a(uip-packetqueue)
 .bss           0x0000000000800d05       0x21 contiki-avr-raven.a(uip-ds6.o)
 .bss           0x0000000000800d26       0x19 contiki-avr-raven.a(raven-lcd.o)
 .bss           0x0000000000800d3f        0x0 contiki-avr-raven.a(contiki-raven-m)
 .bss           0x0000000000800d3f        0x3 contiki-avr-raven.a(clock.o)
 .bss           0x0000000000800d42       0x41 contiki-avr-raven.a(rs232.o)
 .bss           0x0000000000800d83        0x2 contiki-avr-raven.a(watchdog.o)
 .bss           0x0000000000800d85       0x87 contiki-avr-raven.a(rf230bb.o)
 .bss           0x0000000000800e0c        0x2 contiki-avr-raven.a(halbb.o)
 .bss           0x0000000000800e0e        0x0 contiki-avr-raven.a(rimeaddr.o)
 .bss           0x0000000000800e0e        0x0 contiki-avr-raven.a(rimestats.o)
 .bss           0x0000000000800e0e        0x0 contiki-avr-raven.a(nullmac.o)
 .bss           0x0000000000800e0e        0x1 contiki-avr-raven.a(sicslowmac.o)
 .bss           0x0000000000800e0f       0xb0 contiki-avr-raven.a(process.o)
                0x0000000000800e0f                process_list
                0x0000000000800e11                process_current
 .bss           0x0000000000800ebf        0x0 contiki-avr-raven.a(autostart.o)
 .bss           0x0000000000800ebf        0x0 contiki-avr-raven.a(memb.o)
 .bss           0x0000000000800ebf     0x1002 contiki-avr-raven.a(mmem.o)
 .bss           0x0000000000801ec1        0x0 contiki-avr-raven.a(timer.o)
 .bss           0x0000000000801ec1        0x0 contiki-avr-raven.a(list.o)
 .bss           0x0000000000801ec1        0x3 contiki-avr-raven.a(ctimer.o)
 .bss           0x0000000000801ec4        0x2 contiki-avr-raven.a(rtimer.o)
 .bss           0x0000000000801ec6        0x0 contiki-avr-raven.a(stimer.o)
 .bss           0x0000000000801ec6        0x0 contiki-avr-raven.a(random.o)
 .bss           0x0000000000801ec6       0xb9 contiki-avr-raven.a(packetbuf.o)
 .bss           0x0000000000801f7f      0x704 contiki-avr-raven.a(queuebuf.o)
 .bss           0x0000000000802683      0x51f contiki-avr-raven.a(sicslowpan.o)
 .bss           0x0000000000802ba2        0x0 contiki-avr-raven.a(rtimer-arch.o)
 .bss           0x0000000000802ba2        0x0 contiki-avr-raven.a(frame802154.o)
 .bss           0x0000000000802ba2        0x0 /usr/lib/gcc/avr/4.3.2/avr51/libgcc.a(_mulsi3.o)
 .bss           0x0000000000802ba2        0x0 /usr/lib/gcc/avr/4.3.2/avr51/libgcc.a(_udivmodhi4.o)
 .bss           0x0000000000802ba2        0x0 /usr/lib/gcc/avr/4.3.2/avr51/libgcc.a(_udivmodsi4.o)
 .bss           0x0000000000802ba2        0x0 /usr/lib/gcc/avr/4.3.2/avr51/libgcc.a(_exit.o)
 .bss           0x0000000000802ba2        0x0 /usr/lib/gcc/avr/4.3.2/avr51/libgcc.a(_clear_bss.o)
 .bss           0x0000000000802ba2        0x0 /usr/lib/gcc/avr/4.3.2/../../../avr/lib/avr51/libc.a(rand.o)
 .bss           0x0000000000802ba2        0x0 /usr/lib/gcc/avr/4.3.2/../../../avr/lib/avr51/libc.a(memcmp.o)
 .bss           0x0000000000802ba2        0x0 /usr/lib/gcc/avr/4.3.2/../../../avr/lib/avr51/libc.a(memcpy.o)
 .bss           0x0000000000802ba2        0x0 /usr/lib/gcc/avr/4.3.2/../../../avr/lib/avr51/libc.a(memmove.o)
 .bss           0x0000000000802ba2        0x0 /usr/lib/gcc/avr/4.3.2/../../../avr/lib/avr51/libc.a(memset.o)
 .bss           0x0000000000802ba2        0x0 /usr/lib/gcc/avr/4.3.2/../../../avr/lib/avr51/libc.a(eerd_block.o)
 .bss           0x0000000000802ba2        0x0 /usr/lib/gcc/avr/4.3.2/../../../avr/lib/avr51/libc.a(iob.o)
 .bss           0x0000000000802ba2        0x0 /usr/lib/gcc/avr/4.3.2/../../../avr/lib/avr51/libc.a(printf_p.o)
 .bss           0x0000000000802ba2        0x0 /usr/lib/gcc/avr/4.3.2/../../../avr/lib/avr51/libc.a(vsnprintf.o)
 .bss           0x0000000000802ba2        0x0 /usr/lib/gcc/avr/4.3.2/../../../avr/lib/avr51/libc.a(vfprintf_std.o)
 .bss           0x0000000000802ba2        0x0 /usr/lib/gcc/avr/4.3.2/../../../avr/lib/avr51/libc.a(strnlen_P.o)
 .bss           0x0000000000802ba2        0x0 /usr/lib/gcc/avr/4.3.2/../../../avr/lib/avr51/libc.a(strnlen.o)
 .bss           0x0000000000802ba2        0x0 /usr/lib/gcc/avr/4.3.2/../../../avr/lib/avr51/libc.a(fputc.o)
 .bss           0x0000000000802ba2        0x0 /usr/lib/gcc/avr/4.3.2/../../../avr/lib/avr51/libc.a(ultoa_invert.o)
 .bss           0x0000000000802ba2        0x0 /usr/lib/gcc/avr/4.3.2/avr51/libgcc.a(_divmodsi4.o)
 .bss           0x0000000000802ba2        0x0 /usr/lib/gcc/avr/4.3.2/avr51/libgcc.a(_prologue.o)
 .bss           0x0000000000802ba2        0x0 /usr/lib/gcc/avr/4.3.2/avr51/libgcc.a(_epilogue.o)
 *(.bss*)
 *(COMMON)
 COMMON         0x0000000000802ba2      0x647 contiki-avr-raven.a(uip6.o)
                0x0000000000802ba2                uip_len
                0x0000000000802ba4                uip_sappdata
                0x0000000000802ba6                uip_acc32
                0x0000000000802baa                uip_lladdr
                0x0000000000802bb2                uip_aligned_buf
                0x00000000008030b2                uip_flags
                0x00000000008030b3                uip_next_hdr
                0x00000000008030b5                uip_udp_conn
                0x00000000008030b7                uip_appdata
                0x00000000008030b9                uip_conn
                0x00000000008030bb                uip_conns
                0x00000000008030e7                uip_icmp6_conns
                0x00000000008030eb                uip_listenports
                0x00000000008030ed                uip_slen
                0x00000000008030ef                uip_udp_conns
 COMMON         0x00000000008031e9        0x2 contiki-avr-raven.a(tcpip.o)
                0x00000000008031e9                tcpip_event
                0x00000000008031ea                tcpip_icmp6_event
 COMMON         0x00000000008031eb      0x8f3 contiki-avr-raven.a(uip-ds6.o)
                0x00000000008031eb                uip_ds6_if
                0x00000000008032d6                uip_ds6_prefix_list
                0x0000000000803342                uip_ds6_timer_periodic
                0x000000000080334a                uip_ds6_defrt_list
                0x000000000080337e                uip_ds6_nbr_cache
                0x000000000080373e                uip_ds6_timer_rs
                0x0000000000803746                uip_ds6_routing_table
 COMMON         0x0000000000803ade       0x11 contiki-avr-raven.a(raven-lcd.o)
                0x0000000000803ade                dest_addr
                0x0000000000803aee                serial_char_received
 COMMON         0x0000000000803aef        0x1 contiki-avr-raven.a(contiki-raven-m)
                0x0000000000803aef                eeprom_channel
 COMMON         0x0000000000803af0        0x8 contiki-avr-raven.a(clock.o)
                0x0000000000803af0                sleepseconds
                0x0000000000803af4                seconds
 COMMON         0x0000000000803af8       0x92 contiki-avr-raven.a(rf230bb.o)
                0x0000000000803af8                rf230_last_correlation
                0x0000000000803af9                rf230_last_rssi
                0x0000000000803afa                rf230_time_of_departure
                0x0000000000803afc                rf230_calibrate
                0x0000000000803afd                rf230_calibrated
                0x0000000000803afe                rf230_authority_level_of_sender
                0x0000000000803b00                rf230_time_of_arrival
                0x0000000000803b02                rxframe_tail
                0x0000000000803b03                rxframe_head
                0x0000000000803b04                rxframe
                0x0000000000803b86                osccal_original
                0x0000000000803b87                RF230_sleeping
                0x0000000000803b88                RF230_receive_on
                0x0000000000803b89                osccal_calibrated
 COMMON         0x0000000000803b8a        0x8 contiki-avr-raven.a(rimeaddr.o)
                0x0000000000803b8a                rimeaddr_node_addr
 COMMON         0x0000000000803b92       0x48 contiki-avr-raven.a(rimestats.o)
                0x0000000000803b92                rimestats
 COMMON         0x0000000000803bda        0x2 contiki-avr-raven.a(mmem.o)
                0x0000000000803bda                avail_memory
 COMMON         0x0000000000803bdc       0x50 contiki-avr-raven.a(packetbuf.o)
                0x0000000000803bdc                packetbuf_addrs
                0x0000000000803bfc                packetbuf_attrs
 COMMON         0x0000000000803c2c        0xa contiki-avr-raven.a(sicslowpan.o)
                0x0000000000803c2c                sicslowpan_mac
                0x0000000000803c2e                frag_sender
 COMMON         0x0000000000803c36        0x6 /usr/lib/gcc/avr/4.3.2/../../../avr/lib/avr51/libc.a(iob.o)
                0x0000000000803c36                __iob
                0x0000000000803c3c                PROVIDE (__bss_end, .)
                0x000000000000966a                __data_load_start = LOADADDR (.data)
                0x00000000000097d4                __data_load_end = (__data_load_start + SIZEOF (.data))

.noinit         0x0000000000803c3c        0x0
                0x0000000000803c3c                PROVIDE (__noinit_start, .)
 *(.noinit*)
                0x0000000000803c3c                PROVIDE (__noinit_end, .)
                0x0000000000803c3c                _end = .
                0x0000000000803c3c                PROVIDE (__heap_start, .)

.eeprom         0x0000000000810000        0xa
 *(.eeprom*)
 .eeprom        0x0000000000810000        0xa contiki-avr-raven.a(contiki-raven-m)
                0x0000000000810000                mac_address
                0x0000000000810008                rf_channel
                0x000000000081000a                __eeprom_end = .

.fuse           0x0000000000820000        0x3
 *(.fuse)
 .fuse          0x0000000000820000        0x3 contiki-avr-raven.a(contiki-raven-m)
                0x0000000000820000                __fuse
 *(.lfuse)
 *(.hfuse)
 *(.efuse)

.lock
 *(.lock*)

.signature      0x0000000000840000        0x3
 *(.signature*)
 .signature     0x0000000000840000        0x3 contiki-avr-raven.a(contiki-raven-m)
                0x0000000000840000                __signature

.stab           0x0000000000000000     0x26d0
 *(.stab)
 .stab          0x0000000000000000      0x750 /usr/lib/gcc/avr/4.3.2/../../../avr/lib/avr51/crtm1284p.o
 .stab          0x0000000000000750      0x330 /usr/lib/gcc/avr/4.3.2/../../../avr/lib/avr51/libc.a(rand.o)
                                        0x33c (size before relaxing)
 .stab          0x0000000000000a80       0xb4 /usr/lib/gcc/avr/4.3.2/../../../avr/lib/avr51/libc.a(memcmp.o)
                                         0xc0 (size before relaxing)
 .stab          0x0000000000000b34       0x84 /usr/lib/gcc/avr/4.3.2/../../../avr/lib/avr51/libc.a(memcpy.o)
                                         0x90 (size before relaxing)
 .stab          0x0000000000000bb8       0xe4 /usr/lib/gcc/avr/4.3.2/../../../avr/lib/avr51/libc.a(memmove.o)
                                         0xf0 (size before relaxing)
 .stab          0x0000000000000c9c       0x6c /usr/lib/gcc/avr/4.3.2/../../../avr/lib/avr51/libc.a(memset.o)
                                         0x78 (size before relaxing)
 .stab          0x0000000000000d08      0x39c /usr/lib/gcc/avr/4.3.2/../../../avr/lib/avr51/libc.a(eerd_block.o)
                                        0x3a8 (size before relaxing)
 .stab          0x00000000000010a4      0x180 /usr/lib/gcc/avr/4.3.2/../../../avr/lib/avr51/libc.a(iob.o)
                                        0x30c (size before relaxing)
 .stab          0x0000000000001224      0x1a4 /usr/lib/gcc/avr/4.3.2/../../../avr/lib/avr51/libc.a(printf_p.o)
                                        0x384 (size before relaxing)
 .stab          0x00000000000013c8      0x210 /usr/lib/gcc/avr/4.3.2/../../../avr/lib/avr51/libc.a(vsnprintf.o)
                                        0x3f0 (size before relaxing)
 .stab          0x00000000000015d8      0x96c /usr/lib/gcc/avr/4.3.2/../../../avr/lib/avr51/libc.a(vfprintf_std.o)
                                        0xb7c (size before relaxing)
 .stab          0x0000000000001f44       0x9c /usr/lib/gcc/avr/4.3.2/../../../avr/lib/avr51/libc.a(strnlen_P.o)
                                         0xa8 (size before relaxing)
 .stab          0x0000000000001fe0       0x9c /usr/lib/gcc/avr/4.3.2/../../../avr/lib/avr51/libc.a(strnlen.o)
                                         0xa8 (size before relaxing)
 .stab          0x000000000000207c      0x1d4 /usr/lib/gcc/avr/4.3.2/../../../avr/lib/avr51/libc.a(fputc.o)
                                        0x3b4 (size before relaxing)
 .stab          0x0000000000002250      0x480 /usr/lib/gcc/avr/4.3.2/../../../avr/lib/avr51/libc.a(ultoa_invert.o)
                                        0x48c (size before relaxing)

.stabstr        0x0000000000000000      0xff6
 *(.stabstr)
 .stabstr       0x0000000000000000      0xff6 /usr/lib/gcc/avr/4.3.2/../../../avr/lib/avr51/crtm1284p.o

.stab.excl
 *(.stab.excl)

.stab.exclstr
 *(.stab.exclstr)

.stab.index
 *(.stab.index)

.stab.indexstr
 *(.stab.indexstr)

.comment
 *(.comment)

.debug
 *(.debug)

.line
 *(.line)

.debug_srcinfo
 *(.debug_srcinfo)

.debug_sfnames
 *(.debug_sfnames)

.debug_aranges  0x0000000000000000      0x460
 *(.debug_aranges)
 .debug_aranges
                0x0000000000000000       0x20 udp-client.co
 .debug_aranges
                0x0000000000000020       0x20 contiki-avr-raven.a(etimer.o)
 .debug_aranges
                0x0000000000000040       0x20 contiki-avr-raven.a(uip6.o)
 .debug_aranges
                0x0000000000000060       0x20 contiki-avr-raven.a(tcpip.o)
 .debug_aranges
                0x0000000000000080       0x20 contiki-avr-raven.a(uip-udp-packet.)
 .debug_aranges
                0x00000000000000a0       0x20 contiki-avr-raven.a(uip-split.o)
 .debug_aranges
                0x00000000000000c0       0x20 contiki-avr-raven.a(uip-icmp6.o)
 .debug_aranges
                0x00000000000000e0       0x20 contiki-avr-raven.a(uip-nd6.o)
 .debug_aranges
                0x0000000000000100       0x20 contiki-avr-raven.a(uip-packetqueue)
 .debug_aranges
                0x0000000000000120       0x20 contiki-avr-raven.a(uip-ds6.o)
 .debug_aranges
                0x0000000000000140       0x20 contiki-avr-raven.a(raven-lcd.o)
 .debug_aranges
                0x0000000000000160       0x20 contiki-avr-raven.a(contiki-raven-m)
 .debug_aranges
                0x0000000000000180       0x20 contiki-avr-raven.a(clock.o)
 .debug_aranges
                0x00000000000001a0       0x20 contiki-avr-raven.a(rs232.o)
 .debug_aranges
                0x00000000000001c0       0x20 contiki-avr-raven.a(watchdog.o)
 .debug_aranges
                0x00000000000001e0       0x20 contiki-avr-raven.a(rf230bb.o)
 .debug_aranges
                0x0000000000000200       0x20 contiki-avr-raven.a(halbb.o)
 .debug_aranges
                0x0000000000000220       0x20 contiki-avr-raven.a(rimeaddr.o)
 .debug_aranges
                0x0000000000000240       0x20 contiki-avr-raven.a(nullmac.o)
 .debug_aranges
                0x0000000000000260       0x20 contiki-avr-raven.a(sicslowmac.o)
 .debug_aranges
                0x0000000000000280       0x20 contiki-avr-raven.a(process.o)
 .debug_aranges
                0x00000000000002a0       0x20 contiki-avr-raven.a(autostart.o)
 .debug_aranges
                0x00000000000002c0       0x20 contiki-avr-raven.a(memb.o)
 .debug_aranges
                0x00000000000002e0       0x20 contiki-avr-raven.a(mmem.o)
 .debug_aranges
                0x0000000000000300       0x20 contiki-avr-raven.a(timer.o)
 .debug_aranges
                0x0000000000000320       0x20 contiki-avr-raven.a(list.o)
 .debug_aranges
                0x0000000000000340       0x20 contiki-avr-raven.a(ctimer.o)
 .debug_aranges
                0x0000000000000360       0x20 contiki-avr-raven.a(rtimer.o)
 .debug_aranges
                0x0000000000000380       0x20 contiki-avr-raven.a(stimer.o)
 .debug_aranges
                0x00000000000003a0       0x20 contiki-avr-raven.a(random.o)
 .debug_aranges
                0x00000000000003c0       0x20 contiki-avr-raven.a(packetbuf.o)
 .debug_aranges
                0x00000000000003e0       0x20 contiki-avr-raven.a(queuebuf.o)
 .debug_aranges
                0x0000000000000400       0x20 contiki-avr-raven.a(sicslowpan.o)
 .debug_aranges
                0x0000000000000420       0x20 contiki-avr-raven.a(rtimer-arch.o)
 .debug_aranges
                0x0000000000000440       0x20 contiki-avr-raven.a(frame802154.o)

.debug_pubnames
                0x0000000000000000     0x1b99
 *(.debug_pubnames)
 .debug_pubnames
                0x0000000000000000       0x41 udp-client.co
 .debug_pubnames
                0x0000000000000041      0x109 contiki-avr-raven.a(etimer.o)
 .debug_pubnames
                0x000000000000014a      0x228 contiki-avr-raven.a(uip6.o)
 .debug_pubnames
                0x0000000000000372      0x165 contiki-avr-raven.a(tcpip.o)
 .debug_pubnames
                0x00000000000004d7       0x44 contiki-avr-raven.a(uip-udp-packet.)
 .debug_pubnames
                0x000000000000051b       0x27 contiki-avr-raven.a(uip-split.o)
 .debug_pubnames
                0x0000000000000542       0x61 contiki-avr-raven.a(uip-icmp6.o)
 .debug_pubnames
                0x00000000000005a3       0x7d contiki-avr-raven.a(uip-nd6.o)
 .debug_pubnames
                0x0000000000000620       0xaf contiki-avr-raven.a(uip-packetqueue)
 .debug_pubnames
                0x00000000000006cf      0x3eb contiki-avr-raven.a(uip-ds6.o)
 .debug_pubnames
                0x0000000000000aba       0xb1 contiki-avr-raven.a(raven-lcd.o)
 .debug_pubnames
                0x0000000000000b6b       0x98 contiki-avr-raven.a(contiki-raven-m)
 .debug_pubnames
                0x0000000000000c03       0xbd contiki-avr-raven.a(clock.o)
 .debug_pubnames
                0x0000000000000cc0       0xff contiki-avr-raven.a(rs232.o)
 .debug_pubnames
                0x0000000000000dbf       0x73 contiki-avr-raven.a(watchdog.o)
 .debug_pubnames
                0x0000000000000e32      0x297 contiki-avr-raven.a(rf230bb.o)
 .debug_pubnames
                0x00000000000010c9       0xc6 contiki-avr-raven.a(halbb.o)
 .debug_pubnames
                0x000000000000118f       0x79 contiki-avr-raven.a(rimeaddr.o)
 .debug_pubnames
                0x0000000000001208       0x20 contiki-avr-raven.a(rimestats.o)
 .debug_pubnames
                0x0000000000001228       0x25 contiki-avr-raven.a(nullmac.o)
 .debug_pubnames
                0x000000000000124d       0x28 contiki-avr-raven.a(sicslowmac.o)
 .debug_pubnames
                0x0000000000001275       0xf7 contiki-avr-raven.a(process.o)
 .debug_pubnames
                0x000000000000136c       0x39 contiki-avr-raven.a(autostart.o)
 .debug_pubnames
                0x00000000000013a5       0x4d contiki-avr-raven.a(memb.o)
 .debug_pubnames
                0x00000000000013f2       0x63 contiki-avr-raven.a(mmem.o)
 .debug_pubnames
                0x0000000000001455       0x68 contiki-avr-raven.a(timer.o)
 .debug_pubnames
                0x00000000000014bd       0xc3 contiki-avr-raven.a(list.o)
 .debug_pubnames
                0x0000000000001580       0x8b contiki-avr-raven.a(ctimer.o)
 .debug_pubnames
                0x000000000000160b       0x45 contiki-avr-raven.a(rtimer.o)
 .debug_pubnames
                0x0000000000001650       0x80 contiki-avr-raven.a(stimer.o)
 .debug_pubnames
                0x00000000000016d0       0x32 contiki-avr-raven.a(random.o)
 .debug_pubnames
                0x0000000000001702      0x280 contiki-avr-raven.a(packetbuf.o)
 .debug_pubnames
                0x0000000000001982       0xd7 contiki-avr-raven.a(queuebuf.o)
 .debug_pubnames
                0x0000000000001a59       0x9a contiki-avr-raven.a(sicslowpan.o)
 .debug_pubnames
                0x0000000000001af3       0x50 contiki-avr-raven.a(rtimer-arch.o)
 .debug_pubnames
                0x0000000000001b43       0x56 contiki-avr-raven.a(frame802154.o)

.debug_info     0x0000000000000000     0xd316
 *(.debug_info)
 .debug_info    0x0000000000000000      0x41e udp-client.co
 .debug_info    0x000000000000041e      0x4ed contiki-avr-raven.a(etimer.o)
 .debug_info    0x000000000000090b     0x117a contiki-avr-raven.a(uip6.o)
 .debug_info    0x0000000000001a85     0x1241 contiki-avr-raven.a(tcpip.o)
 .debug_info    0x0000000000002cc6      0x3b6 contiki-avr-raven.a(uip-udp-packet.)
 .debug_info    0x000000000000307c      0x2e8 contiki-avr-raven.a(uip-split.o)
 .debug_info    0x0000000000003364      0x557 contiki-avr-raven.a(uip-icmp6.o)
 .debug_info    0x00000000000038bb      0xc02 contiki-avr-raven.a(uip-nd6.o)
 .debug_info    0x00000000000044bd      0x4c5 contiki-avr-raven.a(uip-packetqueue)
 .debug_info    0x0000000000004982     0x12a9 contiki-avr-raven.a(uip-ds6.o)
 .debug_info    0x0000000000005c2b      0xa7c contiki-avr-raven.a(raven-lcd.o)
 .debug_info    0x00000000000066a7      0x910 contiki-avr-raven.a(contiki-raven-m)
 .debug_info    0x0000000000006fb7      0x297 contiki-avr-raven.a(clock.o)
 .debug_info    0x000000000000724e      0x5d6 contiki-avr-raven.a(rs232.o)
 .debug_info    0x0000000000007824       0xed contiki-avr-raven.a(watchdog.o)
 .debug_info    0x0000000000007911     0x1150 contiki-avr-raven.a(rf230bb.o)
 .debug_info    0x0000000000008a61      0x4b5 contiki-avr-raven.a(halbb.o)
 .debug_info    0x0000000000008f16      0x1bf contiki-avr-raven.a(rimeaddr.o)
 .debug_info    0x00000000000090d5      0x146 contiki-avr-raven.a(rimestats.o)
 .debug_info    0x000000000000921b      0x2f9 contiki-avr-raven.a(nullmac.o)
 .debug_info    0x0000000000009514      0x7c2 contiki-avr-raven.a(sicslowmac.o)
 .debug_info    0x0000000000009cd6      0x55f contiki-avr-raven.a(process.o)
 .debug_info    0x000000000000a235      0x1af contiki-avr-raven.a(autostart.o)
 .debug_info    0x000000000000a3e4      0x1af contiki-avr-raven.a(memb.o)
 .debug_info    0x000000000000a593      0x1af contiki-avr-raven.a(mmem.o)
 .debug_info    0x000000000000a742      0x17b contiki-avr-raven.a(timer.o)
 .debug_info    0x000000000000a8bd      0x479 contiki-avr-raven.a(list.o)
 .debug_info    0x000000000000ad36      0x459 contiki-avr-raven.a(ctimer.o)
 .debug_info    0x000000000000b18f      0x1b3 contiki-avr-raven.a(rtimer.o)
 .debug_info    0x000000000000b342      0x18f contiki-avr-raven.a(stimer.o)
 .debug_info    0x000000000000b4d1       0xa1 contiki-avr-raven.a(random.o)
 .debug_info    0x000000000000b572      0x6dd contiki-avr-raven.a(packetbuf.o)
 .debug_info    0x000000000000bc4f      0x50f contiki-avr-raven.a(queuebuf.o)
 .debug_info    0x000000000000c15e      0xc3f contiki-avr-raven.a(sicslowpan.o)
 .debug_info    0x000000000000cd9d       0xef contiki-avr-raven.a(rtimer-arch.o)
 .debug_info    0x000000000000ce8c      0x48a contiki-avr-raven.a(frame802154.o)
 *(.gnu.linkonce.wi.*)

.debug_abbrev   0x0000000000000000     0x4293
 *(.debug_abbrev)
 .debug_abbrev  0x0000000000000000      0x1ec udp-client.co
 .debug_abbrev  0x00000000000001ec      0x215 contiki-avr-raven.a(etimer.o)
 .debug_abbrev  0x0000000000000401      0x346 contiki-avr-raven.a(uip6.o)
 .debug_abbrev  0x0000000000000747      0x403 contiki-avr-raven.a(tcpip.o)
 .debug_abbrev  0x0000000000000b4a      0x1aa contiki-avr-raven.a(uip-udp-packet.)
 .debug_abbrev  0x0000000000000cf4      0x107 contiki-avr-raven.a(uip-split.o)
 .debug_abbrev  0x0000000000000dfb      0x154 contiki-avr-raven.a(uip-icmp6.o)
 .debug_abbrev  0x0000000000000f4f      0x253 contiki-avr-raven.a(uip-nd6.o)
 .debug_abbrev  0x00000000000011a2      0x1ad contiki-avr-raven.a(uip-packetqueue)
 .debug_abbrev  0x000000000000134f      0x339 contiki-avr-raven.a(uip-ds6.o)
 .debug_abbrev  0x0000000000001688      0x331 contiki-avr-raven.a(raven-lcd.o)
 .debug_abbrev  0x00000000000019b9      0x2e7 contiki-avr-raven.a(contiki-raven-m)
 .debug_abbrev  0x0000000000001ca0      0x174 contiki-avr-raven.a(clock.o)
 .debug_abbrev  0x0000000000001e14      0x2aa contiki-avr-raven.a(rs232.o)
 .debug_abbrev  0x00000000000020be       0x92 contiki-avr-raven.a(watchdog.o)
 .debug_abbrev  0x0000000000002150      0x391 contiki-avr-raven.a(rf230bb.o)
 .debug_abbrev  0x00000000000024e1      0x202 contiki-avr-raven.a(halbb.o)
 .debug_abbrev  0x00000000000026e3      0x164 contiki-avr-raven.a(rimeaddr.o)
 .debug_abbrev  0x0000000000002847       0x5d contiki-avr-raven.a(rimestats.o)
 .debug_abbrev  0x00000000000028a4      0x15a contiki-avr-raven.a(nullmac.o)
 .debug_abbrev  0x00000000000029fe      0x244 contiki-avr-raven.a(sicslowmac.o)
 .debug_abbrev  0x0000000000002c42      0x300 contiki-avr-raven.a(process.o)
 .debug_abbrev  0x0000000000002f42       0xf3 contiki-avr-raven.a(autostart.o)
 .debug_abbrev  0x0000000000003035       0xe0 contiki-avr-raven.a(memb.o)
 .debug_abbrev  0x0000000000003115      0x14c contiki-avr-raven.a(mmem.o)
 .debug_abbrev  0x0000000000003261       0xce contiki-avr-raven.a(timer.o)
 .debug_abbrev  0x000000000000332f      0x209 contiki-avr-raven.a(list.o)
 .debug_abbrev  0x0000000000003538      0x1c0 contiki-avr-raven.a(ctimer.o)
 .debug_abbrev  0x00000000000036f8      0x126 contiki-avr-raven.a(rtimer.o)
 .debug_abbrev  0x000000000000381e       0xb4 contiki-avr-raven.a(stimer.o)
 .debug_abbrev  0x00000000000038d2       0x65 contiki-avr-raven.a(random.o)
 .debug_abbrev  0x0000000000003937      0x263 contiki-avr-raven.a(packetbuf.o)
 .debug_abbrev  0x0000000000003b9a      0x1a5 contiki-avr-raven.a(queuebuf.o)
 .debug_abbrev  0x0000000000003d3f      0x332 contiki-avr-raven.a(sicslowpan.o)
 .debug_abbrev  0x0000000000004071       0x81 contiki-avr-raven.a(rtimer-arch.o)
 .debug_abbrev  0x00000000000040f2      0x1a1 contiki-avr-raven.a(frame802154.o)

.debug_line     0x0000000000000000     0x85f0
 *(.debug_line)
 .debug_line    0x0000000000000000      0x162 udp-client.co
 .debug_line    0x0000000000000162      0x383 contiki-avr-raven.a(etimer.o)
 .debug_line    0x00000000000004e5     0x121a contiki-avr-raven.a(uip6.o)
 .debug_line    0x00000000000016ff      0x719 contiki-avr-raven.a(tcpip.o)
 .debug_line    0x0000000000001e18      0x193 contiki-avr-raven.a(uip-udp-packet.)
 .debug_line    0x0000000000001fab      0x170 contiki-avr-raven.a(uip-split.o)
 .debug_line    0x000000000000211b      0x315 contiki-avr-raven.a(uip-icmp6.o)
 .debug_line    0x0000000000002430      0x883 contiki-avr-raven.a(uip-nd6.o)
 .debug_line    0x0000000000002cb3      0x23d contiki-avr-raven.a(uip-packetqueue)
 .debug_line    0x0000000000002ef0      0xb37 contiki-avr-raven.a(uip-ds6.o)
 .debug_line    0x0000000000003a27      0x4a0 contiki-avr-raven.a(raven-lcd.o)
 .debug_line    0x0000000000003ec7      0x47a contiki-avr-raven.a(contiki-raven-m)
 .debug_line    0x0000000000004341      0x21b contiki-avr-raven.a(clock.o)
 .debug_line    0x000000000000455c      0x383 contiki-avr-raven.a(rs232.o)
 .debug_line    0x00000000000048df       0xee contiki-avr-raven.a(watchdog.o)
 .debug_line    0x00000000000049cd      0xb60 contiki-avr-raven.a(rf230bb.o)
 .debug_line    0x000000000000552d      0x3c2 contiki-avr-raven.a(halbb.o)
 .debug_line    0x00000000000058ef      0x113 contiki-avr-raven.a(rimeaddr.o)
 .debug_line    0x0000000000005a02       0x70 contiki-avr-raven.a(rimestats.o)
 .debug_line    0x0000000000005a72      0x119 contiki-avr-raven.a(nullmac.o)
 .debug_line    0x0000000000005b8b      0x31a contiki-avr-raven.a(sicslowmac.o)
 .debug_line    0x0000000000005ea5      0x3de contiki-avr-raven.a(process.o)
 .debug_line    0x0000000000006283       0xd2 contiki-avr-raven.a(autostart.o)
 .debug_line    0x0000000000006355      0x125 contiki-avr-raven.a(memb.o)
 .debug_line    0x000000000000647a      0x11f contiki-avr-raven.a(mmem.o)
 .debug_line    0x0000000000006599      0x114 contiki-avr-raven.a(timer.o)
 .debug_line    0x00000000000066ad      0x31e contiki-avr-raven.a(list.o)
 .debug_line    0x00000000000069cb      0x2ec contiki-avr-raven.a(ctimer.o)
 .debug_line    0x0000000000006cb7       0xf9 contiki-avr-raven.a(rtimer.o)
 .debug_line    0x0000000000006db0      0x105 contiki-avr-raven.a(stimer.o)
 .debug_line    0x0000000000006eb5       0x8b contiki-avr-raven.a(random.o)
 .debug_line    0x0000000000006f40      0x3f5 contiki-avr-raven.a(packetbuf.o)
 .debug_line    0x0000000000007335      0x282 contiki-avr-raven.a(queuebuf.o)
 .debug_line    0x00000000000075b7      0xb3a contiki-avr-raven.a(sicslowpan.o)
 .debug_line    0x00000000000080f1      0x175 contiki-avr-raven.a(rtimer-arch.o)
 .debug_line    0x0000000000008266      0x38a contiki-avr-raven.a(frame802154.o)

.debug_frame    0x0000000000000000     0x1510
 *(.debug_frame)
 .debug_frame   0x0000000000000000       0x20 udp-client.co
 .debug_frame   0x0000000000000020       0xf0 contiki-avr-raven.a(etimer.o)
 .debug_frame   0x0000000000000110      0x130 contiki-avr-raven.a(uip6.o)
 .debug_frame   0x0000000000000240      0x130 contiki-avr-raven.a(tcpip.o)
 .debug_frame   0x0000000000000370       0x30 contiki-avr-raven.a(uip-udp-packet.)
 .debug_frame   0x00000000000003a0       0x20 contiki-avr-raven.a(uip-split.o)
 .debug_frame   0x00000000000003c0       0x40 contiki-avr-raven.a(uip-icmp6.o)
 .debug_frame   0x0000000000000400       0x70 contiki-avr-raven.a(uip-nd6.o)
 .debug_frame   0x0000000000000470       0x80 contiki-avr-raven.a(uip-packetqueue)
 .debug_frame   0x00000000000004f0      0x250 contiki-avr-raven.a(uip-ds6.o)
 .debug_frame   0x0000000000000740       0x80 contiki-avr-raven.a(raven-lcd.o)
 .debug_frame   0x00000000000007c0       0x50 contiki-avr-raven.a(contiki-raven-m)
 .debug_frame   0x0000000000000810       0xa0 contiki-avr-raven.a(clock.o)
 .debug_frame   0x00000000000008b0       0xe0 contiki-avr-raven.a(rs232.o)
 .debug_frame   0x0000000000000990       0x60 contiki-avr-raven.a(watchdog.o)
 .debug_frame   0x00000000000009f0      0x1d0 contiki-avr-raven.a(rf230bb.o)
 .debug_frame   0x0000000000000bc0       0xa0 contiki-avr-raven.a(halbb.o)
 .debug_frame   0x0000000000000c60       0x40 contiki-avr-raven.a(rimeaddr.o)
 .debug_frame   0x0000000000000ca0       0x70 contiki-avr-raven.a(nullmac.o)
 .debug_frame   0x0000000000000d10       0x70 contiki-avr-raven.a(sicslowmac.o)
 .debug_frame   0x0000000000000d80       0xd0 contiki-avr-raven.a(process.o)
 .debug_frame   0x0000000000000e50       0x30 contiki-avr-raven.a(autostart.o)
 .debug_frame   0x0000000000000e80       0x50 contiki-avr-raven.a(memb.o)
 .debug_frame   0x0000000000000ed0       0x50 contiki-avr-raven.a(mmem.o)
 .debug_frame   0x0000000000000f20       0x60 contiki-avr-raven.a(timer.o)
 .debug_frame   0x0000000000000f80       0xd0 contiki-avr-raven.a(list.o)
 .debug_frame   0x0000000000001050       0x80 contiki-avr-raven.a(ctimer.o)
 .debug_frame   0x00000000000010d0       0x40 contiki-avr-raven.a(rtimer.o)
 .debug_frame   0x0000000000001110       0x70 contiki-avr-raven.a(stimer.o)
 .debug_frame   0x0000000000001180       0x30 contiki-avr-raven.a(random.o)
 .debug_frame   0x00000000000011b0      0x1a0 contiki-avr-raven.a(packetbuf.o)
 .debug_frame   0x0000000000001350       0xa0 contiki-avr-raven.a(queuebuf.o)
 .debug_frame   0x00000000000013f0       0x90 contiki-avr-raven.a(sicslowpan.o)
 .debug_frame   0x0000000000001480       0x40 contiki-avr-raven.a(rtimer-arch.o)
 .debug_frame   0x00000000000014c0       0x50 contiki-avr-raven.a(frame802154.o)

.debug_str      0x0000000000000000     0x32df
 *(.debug_str)
 .debug_str     0x0000000000000000      0x20b udp-client.co
                                        0x298 (size before relaxing)
 .debug_str     0x000000000000020b      0x143 contiki-avr-raven.a(etimer.o)
                                        0x2b0 (size before relaxing)
 .debug_str     0x000000000000034e      0x598 contiki-avr-raven.a(uip6.o)
                                        0x7ec (size before relaxing)
 .debug_str     0x00000000000008e6      0x2ef contiki-avr-raven.a(tcpip.o)
                                        0x80f (size before relaxing)
 .debug_str     0x0000000000000bd5       0x68 contiki-avr-raven.a(uip-udp-packet.)
                                        0x233 (size before relaxing)
 .debug_str     0x0000000000000c3d       0x3d contiki-avr-raven.a(uip-split.o)
                                        0x1e2 (size before relaxing)
 .debug_str     0x0000000000000c7a       0x7f contiki-avr-raven.a(uip-icmp6.o)
                                        0x377 (size before relaxing)
 .debug_str     0x0000000000000cf9      0x1e4 contiki-avr-raven.a(uip-nd6.o)
                                        0x669 (size before relaxing)
 .debug_str     0x0000000000000edd       0xf1 contiki-avr-raven.a(uip-packetqueue)
                                        0x2d6 (size before relaxing)
 .debug_str     0x0000000000000fce      0x3ee contiki-avr-raven.a(uip-ds6.o)
                                        0x8d5 (size before relaxing)
 .debug_str     0x00000000000013bc      0x161 contiki-avr-raven.a(raven-lcd.o)
                                        0x59e (size before relaxing)
 .debug_str     0x000000000000151d      0x1d2 contiki-avr-raven.a(contiki-raven-m)
                                        0x3ec (size before relaxing)
 .debug_str     0x00000000000016ef       0xaf contiki-avr-raven.a(clock.o)
                                        0x1a9 (size before relaxing)
 .debug_str     0x000000000000179e      0x195 contiki-avr-raven.a(rs232.o)
                                        0x288 (size before relaxing)
 .debug_str     0x0000000000001933       0x70 contiki-avr-raven.a(watchdog.o)
                                        0x122 (size before relaxing)
 .debug_str     0x00000000000019a3      0x95d contiki-avr-raven.a(rf230bb.o)
                                        0xc02 (size before relaxing)
 .debug_str     0x0000000000002300      0x125 contiki-avr-raven.a(halbb.o)
                                        0x255 (size before relaxing)
 .debug_str     0x0000000000002425       0x7e contiki-avr-raven.a(rimeaddr.o)
                                        0x158 (size before relaxing)
 .debug_str     0x00000000000024a3       0x20 contiki-avr-raven.a(rimestats.o)
                                        0x110 (size before relaxing)
 .debug_str     0x00000000000024c3       0x37 contiki-avr-raven.a(nullmac.o)
                                        0x1a6 (size before relaxing)
 .debug_str     0x00000000000024fa      0x213 contiki-avr-raven.a(sicslowmac.o)
                                        0x715 (size before relaxing)
 .debug_str     0x000000000000270d      0x156 contiki-avr-raven.a(process.o)
                                        0x291 (size before relaxing)
 .debug_str     0x0000000000002863       0x3a contiki-avr-raven.a(autostart.o)
                                        0x15b (size before relaxing)
 .debug_str     0x000000000000289d       0x46 contiki-avr-raven.a(memb.o)
                                        0x120 (size before relaxing)
 .debug_str     0x00000000000028e3       0x69 contiki-avr-raven.a(mmem.o)
                                        0x151 (size before relaxing)
 .debug_str     0x000000000000294c       0x17 contiki-avr-raven.a(timer.o)
                                        0x145 (size before relaxing)
 .debug_str     0x0000000000002963       0xa8 contiki-avr-raven.a(list.o)
                                        0x10e (size before relaxing)
 .debug_str     0x0000000000002a0b       0xb9 contiki-avr-raven.a(ctimer.o)
                                        0x244 (size before relaxing)
 .debug_str     0x0000000000002ac4       0xb3 contiki-avr-raven.a(rtimer.o)
                                        0x19d (size before relaxing)
 .debug_str     0x0000000000002b77       0x6e contiki-avr-raven.a(stimer.o)
                                        0x149 (size before relaxing)
 .debug_str     0x0000000000002be5       0x35 contiki-avr-raven.a(random.o)
                                         0xfa (size before relaxing)
 .debug_str     0x0000000000002c1a      0x24d contiki-avr-raven.a(packetbuf.o)
                                        0x64c (size before relaxing)
 .debug_str     0x0000000000002e67      0x108 contiki-avr-raven.a(queuebuf.o)
                                        0x544 (size before relaxing)
 .debug_str     0x0000000000002f6f      0x25e contiki-avr-raven.a(sicslowpan.o)
                                        0x841 (size before relaxing)
 .debug_str     0x00000000000031cd       0x50 contiki-avr-raven.a(rtimer-arch.o)
                                        0x136 (size before relaxing)
 .debug_str     0x000000000000321d       0xc2 contiki-avr-raven.a(frame802154.o)
                                        0x319 (size before relaxing)

.debug_loc      0x0000000000000000     0x50d0
 *(.debug_loc)
 .debug_loc     0x0000000000000000       0xa4 udp-client.co
 .debug_loc     0x00000000000000a4      0x3ce contiki-avr-raven.a(etimer.o)
 .debug_loc     0x0000000000000472      0x649 contiki-avr-raven.a(uip6.o)
 .debug_loc     0x0000000000000abb      0x63d contiki-avr-raven.a(tcpip.o)
 .debug_loc     0x00000000000010f8      0x178 contiki-avr-raven.a(uip-udp-packet.)
 .debug_loc     0x0000000000001270      0x121 contiki-avr-raven.a(uip-icmp6.o)
 .debug_loc     0x0000000000001391      0x189 contiki-avr-raven.a(uip-nd6.o)
 .debug_loc     0x000000000000151a      0x118 contiki-avr-raven.a(uip-packetqueue)
 .debug_loc     0x0000000000001632      0xd14 contiki-avr-raven.a(uip-ds6.o)
 .debug_loc     0x0000000000002346      0x29a contiki-avr-raven.a(raven-lcd.o)
 .debug_loc     0x00000000000025e0       0xa3 contiki-avr-raven.a(contiki-raven-m)
 .debug_loc     0x0000000000002683       0x97 contiki-avr-raven.a(clock.o)
 .debug_loc     0x000000000000271a      0x163 contiki-avr-raven.a(rs232.o)
 .debug_loc     0x000000000000287d      0x706 contiki-avr-raven.a(rf230bb.o)
 .debug_loc     0x0000000000002f83      0x2ac contiki-avr-raven.a(halbb.o)
 .debug_loc     0x000000000000322f       0x78 contiki-avr-raven.a(rimeaddr.o)
 .debug_loc     0x00000000000032a7       0x48 contiki-avr-raven.a(nullmac.o)
 .debug_loc     0x00000000000032ef      0x106 contiki-avr-raven.a(sicslowmac.o)
 .debug_loc     0x00000000000033f5      0x34c contiki-avr-raven.a(process.o)
 .debug_loc     0x0000000000003741       0x30 contiki-avr-raven.a(autostart.o)
 .debug_loc     0x0000000000003771       0xf0 contiki-avr-raven.a(memb.o)
 .debug_loc     0x0000000000003861       0xa0 contiki-avr-raven.a(mmem.o)
 .debug_loc     0x0000000000003901       0xd0 contiki-avr-raven.a(timer.o)
 .debug_loc     0x00000000000039d1      0x4d0 contiki-avr-raven.a(list.o)
 .debug_loc     0x0000000000003ea1      0x2e1 contiki-avr-raven.a(ctimer.o)
 .debug_loc     0x0000000000004182       0xd8 contiki-avr-raven.a(rtimer.o)
 .debug_loc     0x000000000000425a       0xfe contiki-avr-raven.a(stimer.o)
 .debug_loc     0x0000000000004358       0x18 contiki-avr-raven.a(random.o)
 .debug_loc     0x0000000000004370      0x2bc contiki-avr-raven.a(packetbuf.o)
 .debug_loc     0x000000000000462c      0x173 contiki-avr-raven.a(queuebuf.o)
 .debug_loc     0x000000000000479f      0x6ce contiki-avr-raven.a(sicslowpan.o)
 .debug_loc     0x0000000000004e6d       0x18 contiki-avr-raven.a(rtimer-arch.o)
 .debug_loc     0x0000000000004e85      0x24b contiki-avr-raven.a(frame802154.o)

.debug_macinfo
 *(.debug_macinfo)
OUTPUT(udp-client.avr-raven elf32-avr)
LOAD linker stubs

.bootloader     0x000000000001f800        0x0

.debug_ranges   0x0000000000000000      0x1f8
 .debug_ranges  0x0000000000000000       0x28 contiki-avr-raven.a(tcpip.o)
 .debug_ranges  0x0000000000000028       0x48 contiki-avr-raven.a(raven-lcd.o)
 .debug_ranges  0x0000000000000070       0x18 contiki-avr-raven.a(rs232.o)
 .debug_ranges  0x0000000000000088       0x60 contiki-avr-raven.a(halbb.o)
 .debug_ranges  0x00000000000000e8       0x30 contiki-avr-raven.a(process.o)
 .debug_ranges  0x0000000000000118       0xe0 contiki-avr-raven.a(sicslowpan.o)
